Copyright 1986-2022 Xilinx, Inc. All Rights Reserved. Copyright 2022-2026 Advanced Micro Devices, Inc. All Rights Reserved.
----------------------------------------------------------------------------------------------------------------------------------------------
| Tool Version : Vivado v.2026.1 (win64) Build 6511674 Tue Jun 16 11:02:23 MDT 2026
| Date         : Sat Sep  5 22:59:22 2026
| Host         : laptop-Quan running 64-bit major release  (build 9200)
| Command      : report_timing_summary -file D:/FPGA/FPGG_ART_Y_ASTRA_NATIVE_V1_RESEARCH/results/A7-NATIVE-GRAPH/ASTRA-11-SOC-WRAP/timing.rpt
| Design       : arty_a7_astra09_soc_top
| Device       : 7a100t-csg324
| Speed File   : -1  PRODUCTION 1.23 2018-06-13
| Design State : Routed
----------------------------------------------------------------------------------------------------------------------------------------------

Timing Summary Report

------------------------------------------------------------------------------------------------
| Timer Settings
| --------------
------------------------------------------------------------------------------------------------

  Enable Multi Corner Analysis               :  Yes
  Enable Pessimism Removal                   :  Yes
  Pessimism Removal Resolution               :  Nearest Common Node
  Enable Input Delay Default Clock           :  No
  Enable Preset / Clear Arcs                 :  No
  Disable Flight Delays                      :  No
  Ignore I/O Paths                           :  No
  Timing Early Launch at Borrowing Latches   :  No
  Borrow Time for Max Delay Exceptions       :  Yes
  Merge Timing Exceptions                    :  Yes
  Inter-SLR Compensation                     :  Conservative

  Corner  Analyze    Analyze    
  Name    Max Paths  Min Paths  
  ------  ---------  ---------  
  Slow    Yes        Yes        
  Fast    Yes        Yes        


------------------------------------------------------------------------------------------------
| Report Methodology
| ------------------
------------------------------------------------------------------------------------------------

No report available as report_methodology has not been run prior. Run report_methodology on the current design for the summary of methodology violations.



check_timing report

Table of Contents
-----------------
1. checking no_clock (0)
2. checking constant_clock (0)
3. checking pulse_width_clock (0)
4. checking unconstrained_internal_endpoints (0)
5. checking no_input_delay (2)
6. checking no_output_delay (4)
7. checking multiple_clock (0)
8. checking generated_clocks (0)
9. checking loops (0)
10. checking partial_input_delay (0)
11. checking partial_output_delay (0)
12. checking latch_loops (0)

1. checking no_clock (0)
------------------------
 There are 0 register/latch pins with no clock.


2. checking constant_clock (0)
------------------------------
 There are 0 register/latch pins with constant_clock.


3. checking pulse_width_clock (0)
---------------------------------
 There are 0 register/latch pins which need pulse_width check


4. checking unconstrained_internal_endpoints (0)
------------------------------------------------
 There are 0 pins that are not constrained for maximum delay.

 There are 0 pins that are not constrained for maximum delay due to constant clock.


5. checking no_input_delay (2)
------------------------------
 There are 2 input ports with no input delay specified. (HIGH)

 There are 0 input ports with no input delay but user has a false path constraint.


6. checking no_output_delay (4)
-------------------------------
 There are 4 ports with no output delay specified. (HIGH)

 There are 0 ports with no output delay but user has a false path constraint

 There are 0 ports with no output delay but with a timing clock defined on it or propagating through it


7. checking multiple_clock (0)
------------------------------
 There are 0 register/latch pins with multiple clocks.


8. checking generated_clocks (0)
--------------------------------
 There are 0 generated clocks that are not connected to a clock source.


9. checking loops (0)
---------------------
 There are 0 combinational loops in the design.


10. checking partial_input_delay (0)
------------------------------------
 There are 0 input ports with partial input delay specified.


11. checking partial_output_delay (0)
-------------------------------------
 There are 0 ports with partial output delay specified.


12. checking latch_loops (0)
----------------------------
 There are 0 combinational latch loops in the design through latch input



------------------------------------------------------------------------------------------------
| Design Timing Summary
| ---------------------
------------------------------------------------------------------------------------------------

    WNS(ns)      TNS(ns)  TNS Failing Endpoints  TNS Total Endpoints      WHS(ns)      THS(ns)  THS Failing Endpoints  THS Total Endpoints     WPWS(ns)     TPWS(ns)  TPWS Failing Endpoints  TPWS Total Endpoints  
    -------      -------  ---------------------  -------------------      -------      -------  ---------------------  -------------------     --------     --------  ----------------------  --------------------  
     -4.765    -2392.529                    587                 4034        0.046        0.000                      0                 4034        4.500        0.000                       0                  1551  


Timing constraints are not met.


------------------------------------------------------------------------------------------------
| Clock Summary
| -------------
------------------------------------------------------------------------------------------------

Clock        Waveform(ns)       Period(ns)      Frequency(MHz)
-----        ------------       ----------      --------------
sys_clk_pin  {0.000 5.000}      10.000          100.000         


------------------------------------------------------------------------------------------------
| Intra Clock Table
| -----------------
------------------------------------------------------------------------------------------------

Clock             WNS(ns)      TNS(ns)  TNS Failing Endpoints  TNS Total Endpoints      WHS(ns)      THS(ns)  THS Failing Endpoints  THS Total Endpoints     WPWS(ns)     TPWS(ns)  TPWS Failing Endpoints  TPWS Total Endpoints  
-----             -------      -------  ---------------------  -------------------      -------      -------  ---------------------  -------------------     --------     --------  ----------------------  --------------------  
sys_clk_pin        -4.765    -2392.529                    587                 3064        0.046        0.000                      0                 3064        4.500        0.000                       0                  1551  


------------------------------------------------------------------------------------------------
| Inter Clock Table
| -----------------
------------------------------------------------------------------------------------------------

From Clock    To Clock          WNS(ns)      TNS(ns)  TNS Failing Endpoints  TNS Total Endpoints      WHS(ns)      THS(ns)  THS Failing Endpoints  THS Total Endpoints  
----------    --------          -------      -------  ---------------------  -------------------      -------      -------  ---------------------  -------------------  


------------------------------------------------------------------------------------------------
| Other Path Groups Table
| -----------------------
------------------------------------------------------------------------------------------------

Path Group         From Clock         To Clock               WNS(ns)      TNS(ns)  TNS Failing Endpoints  TNS Total Endpoints      WHS(ns)      THS(ns)  THS Failing Endpoints  THS Total Endpoints  
----------         ----------         --------               -------      -------  ---------------------  -------------------      -------      -------  ---------------------  -------------------  
**async_default**  sys_clk_pin        sys_clk_pin              2.227        0.000                      0                  970        0.675        0.000                      0                  970  


------------------------------------------------------------------------------------------------
| Timing Details
| --------------
------------------------------------------------------------------------------------------------


---------------------------------------------------------------------------------------------------
From Clock:  sys_clk_pin
  To Clock:  sys_clk_pin

Setup :          587  Failing Endpoints,  Worst Slack       -4.765ns,  Total Violation    -2392.529ns
Hold  :            0  Failing Endpoints,  Worst Slack        0.046ns,  Total Violation        0.000ns
PW    :            0  Failing Endpoints,  Worst Slack        4.500ns,  Total Violation        0.000ns
---------------------------------------------------------------------------------------------------


Max Delay Paths
--------------------------------------------------------------------------------------
Slack (VIOLATED) :        -4.765ns  (required time - arrival time)
  Source:                 u_pipe/u_sgd/i_reg[1]/C
                            (rising edge-triggered cell FDCE clocked by sys_clk_pin  {rise@0.000ns fall@5.000ns period=10.000ns})
  Destination:            u_pipe/u_sgd/w_reg[24][14]/D
                            (rising edge-triggered cell FDCE clocked by sys_clk_pin  {rise@0.000ns fall@5.000ns period=10.000ns})
  Path Group:             sys_clk_pin
  Path Type:              Setup (Max at Slow Process Corner)
  Requirement:            10.000ns  (sys_clk_pin rise@10.000ns - sys_clk_pin rise@0.000ns)
  Data Path Delay:        14.562ns  (logic 9.123ns (62.648%)  route 5.439ns (37.352%))
  Logic Levels:           18  (CARRY4=12 DSP48E1=1 LUT3=2 LUT6=2 MUXF7=1)
  Clock Path Skew:        -0.109ns (DCD - SCD + CPR)
    Destination Clock Delay (DCD):    5.090ns = ( 15.090 - 10.000 ) 
    Source Clock Delay      (SCD):    5.397ns
    Clock Pessimism Removal (CPR):    0.197ns
  Clock Uncertainty:      0.035ns  ((TSJ^2 + TIJ^2)^1/2 + DJ) / 2 + PE
    Total System Jitter     (TSJ):    0.071ns
    Total Input Jitter      (TIJ):    0.000ns
    Discrete Jitter          (DJ):    0.000ns
    Phase Error              (PE):    0.000ns

    Location             Delay type                Incr(ns)  Path(ns)    Netlist Resource(s)
  -------------------------------------------------------------------    -------------------
                         (clock sys_clk_pin rise edge)
                                                      0.000     0.000 r  <hidden>
    E3                                                0.000     0.000 r  CLK100MHZ
                         net (fo=0)                   0.000     0.000    CLK100MHZ
    E3                   IBUF (Prop_ibuf_I_O)         1.482     1.482 r  CLK100MHZ_IBUF_inst/O
                         net (fo=1, routed)           2.025     3.506    CLK100MHZ_IBUF
    BUFGCTRL_X0Y16       BUFG (Prop_bufg_I_O)         0.096     3.602 r  CLK100MHZ_IBUF_BUFG_inst/O
                         net (fo=1550, routed)        1.794     5.397    u_pipe/u_sgd/CLK100MHZ_IBUF_BUFG
    SLICE_X56Y151        FDCE                                         r  u_pipe/u_sgd/i_reg[1]/C
  -------------------------------------------------------------------    -------------------
    SLICE_X56Y151        FDCE (Prop_fdce_C_Q)         0.518     5.915 r  u_pipe/u_sgd/i_reg[1]/Q
                         net (fo=167, routed)         1.099     7.014    u_pipe/u_sgd/i_reg_n_0_[1]
    SLICE_X58Y150        LUT6 (Prop_lut6_I4_O)        0.124     7.138 r  u_pipe/u_sgd/v_i_12/O
                         net (fo=1, routed)           0.000     7.138    u_pipe/u_sgd/v_i_12_n_0
    SLICE_X58Y150        MUXF7 (Prop_muxf7_I1_O)      0.214     7.352 r  u_pipe/u_sgd/v_i_8/O
                         net (fo=1, routed)           0.296     7.647    u_pipe/u_sgd/v_i_8_n_0
    SLICE_X59Y151        LUT6 (Prop_lut6_I5_O)        0.297     7.944 r  u_pipe/u_sgd/v_i_2/O
                         net (fo=2, routed)           0.412     8.356    u_pipe/u_sgd/x_i[5]
    DSP48_X1Y60          DSP48E1 (Prop_dsp48e1_B[5]_P[0])
                                                      3.656    12.012 r  u_pipe/u_sgd/v/P[0]
                         net (fo=1, routed)           0.779    12.791    u_pipe/u_sgd/v_n_105
    SLICE_X57Y150        CARRY4 (Prop_carry4_S[0]_CO[3])
                                                      0.656    13.447 r  u_pipe/u_sgd/w_reg[0][3]_i_18/CO[3]
                         net (fo=1, routed)           0.000    13.447    u_pipe/u_sgd/w_reg[0][3]_i_18_n_0
    SLICE_X57Y151        CARRY4 (Prop_carry4_CI_CO[3])
                                                      0.114    13.561 r  u_pipe/u_sgd/w_reg[0][3]_i_13/CO[3]
                         net (fo=1, routed)           0.000    13.561    u_pipe/u_sgd/w_reg[0][3]_i_13_n_0
    SLICE_X57Y152        CARRY4 (Prop_carry4_CI_CO[3])
                                                      0.114    13.675 r  u_pipe/u_sgd/w_reg[0][3]_i_8/CO[3]
                         net (fo=1, routed)           0.000    13.675    u_pipe/u_sgd/w_reg[0][3]_i_8_n_0
    SLICE_X57Y153        CARRY4 (Prop_carry4_CI_O[1])
                                                      0.334    14.009 r  u_pipe/u_sgd/w_reg[0][3]_i_7/O[1]
                         net (fo=1, routed)           0.609    14.618    u_pipe/u_sgd/w_reg[0][3]_i_7_n_6
    SLICE_X56Y153        LUT3 (Prop_lut3_I1_O)        0.303    14.921 r  u_pipe/u_sgd/w[0][3]_i_6/O
                         net (fo=1, routed)           0.000    14.921    u_pipe/u_sgd/w[0][3]_i_6_n_0
    SLICE_X56Y153        CARRY4 (Prop_carry4_S[0]_CO[3])
                                                      0.513    15.434 r  u_pipe/u_sgd/w_reg[0][3]_i_2/CO[3]
                         net (fo=1, routed)           0.000    15.434    u_pipe/u_sgd/w_reg[0][3]_i_2_n_0
    SLICE_X56Y154        CARRY4 (Prop_carry4_CI_CO[3])
                                                      0.117    15.551 r  u_pipe/u_sgd/w_reg[0][7]_i_2/CO[3]
                         net (fo=1, routed)           0.000    15.551    u_pipe/u_sgd/w_reg[0][7]_i_2_n_0
    SLICE_X56Y155        CARRY4 (Prop_carry4_CI_CO[3])
                                                      0.117    15.668 r  u_pipe/u_sgd/w_reg[0][11]_i_2/CO[3]
                         net (fo=1, routed)           0.000    15.668    u_pipe/u_sgd/w_reg[0][11]_i_2_n_0
    SLICE_X56Y156        CARRY4 (Prop_carry4_CI_CO[3])
                                                      0.117    15.785 r  u_pipe/u_sgd/w_reg[0][15]_i_5/CO[3]
                         net (fo=1, routed)           0.000    15.785    u_pipe/u_sgd/w_reg[0][15]_i_5_n_0
    SLICE_X56Y157        CARRY4 (Prop_carry4_CI_CO[0])
                                                      0.254    16.039 r  u_pipe/u_sgd/w_reg[0][15]_i_16/CO[0]
                         net (fo=30, routed)          0.685    16.724    u_pipe/u_sgd/w_reg[0][15]_i_16_n_3
    SLICE_X57Y156        CARRY4 (Prop_carry4_S[1]_CO[3])
                                                      0.917    17.641 r  u_pipe/u_sgd/w_reg[0][15]_i_22/CO[3]
                         net (fo=1, routed)           0.000    17.641    u_pipe/u_sgd/w_reg[0][15]_i_22_n_0
    SLICE_X57Y157        CARRY4 (Prop_carry4_CI_CO[3])
                                                      0.114    17.755 r  u_pipe/u_sgd/w_reg[0][15]_i_15/CO[3]
                         net (fo=1, routed)           0.000    17.755    u_pipe/u_sgd/w_reg[0][15]_i_15_n_0
    SLICE_X57Y158        CARRY4 (Prop_carry4_CI_CO[0])
                                                      0.271    18.026 r  u_pipe/u_sgd/w_reg[0][15]_i_7/CO[0]
                         net (fo=16, routed)          0.719    18.745    u_pipe/u_sgd/p_1_in
    SLICE_X54Y157        LUT3 (Prop_lut3_I0_O)        0.373    19.118 r  u_pipe/u_sgd/w[0][14]_i_1/O
                         net (fo=32, routed)          0.841    19.959    u_pipe/u_sgd/w[0][14]_i_1_n_0
    SLICE_X51Y157        FDCE                                         r  u_pipe/u_sgd/w_reg[24][14]/D
  -------------------------------------------------------------------    -------------------

                         (clock sys_clk_pin rise edge)
                                                     10.000    10.000 r  <hidden>
    E3                                                0.000    10.000 r  CLK100MHZ
                         net (fo=0)                   0.000    10.000    CLK100MHZ
    E3                   IBUF (Prop_ibuf_I_O)         1.411    11.411 r  CLK100MHZ_IBUF_inst/O
                         net (fo=1, routed)           1.920    13.331    CLK100MHZ_IBUF
    BUFGCTRL_X0Y16       BUFG (Prop_bufg_I_O)         0.091    13.422 r  CLK100MHZ_IBUF_BUFG_inst/O
                         net (fo=1550, routed)        1.668    15.090    u_pipe/u_sgd/CLK100MHZ_IBUF_BUFG
    SLICE_X51Y157        FDCE                                         r  u_pipe/u_sgd/w_reg[24][14]/C
                         clock pessimism              0.197    15.287    <hidden>
                         clock uncertainty           -0.035    15.252    <hidden>
    SLICE_X51Y157        FDCE (Setup_fdce_C_D)       -0.058    15.194    u_pipe/u_sgd/w_reg[24][14]
  -------------------------------------------------------------------
                         required time                         15.194    <hidden>
                         arrival time                         -19.959    <hidden>
  -------------------------------------------------------------------
                         slack                                 -4.765    <hidden>





Min Delay Paths
--------------------------------------------------------------------------------------
Slack (MET) :             0.046ns  (arrival time - required time)
  Source:                 u_pipe/u_eng/i_reg[4]/C
                            (rising edge-triggered cell FDCE clocked by sys_clk_pin  {rise@0.000ns fall@5.000ns period=10.000ns})
  Destination:            u_pipe/u_eng/FSM_sequential_sst_reg[1]/D
                            (rising edge-triggered cell FDCE clocked by sys_clk_pin  {rise@0.000ns fall@5.000ns period=10.000ns})
  Path Group:             sys_clk_pin
  Path Type:              Hold (Min at Fast Process Corner)
  Requirement:            0.000ns  (sys_clk_pin rise@0.000ns - sys_clk_pin rise@0.000ns)
  Data Path Delay:        0.417ns  (logic 0.187ns (44.872%)  route 0.230ns (55.128%))
  Logic Levels:           1  (LUT4=1)
  Clock Path Skew:        0.264ns (DCD - SCD - CPR)
    Destination Clock Delay (DCD):    1.991ns
    Source Clock Delay      (SCD):    1.476ns
    Clock Pessimism Removal (CPR):    0.250ns

    Location             Delay type                Incr(ns)  Path(ns)    Netlist Resource(s)
  -------------------------------------------------------------------    -------------------
                         (clock sys_clk_pin rise edge)
                                                      0.000     0.000 r  <hidden>
    E3                                                0.000     0.000 r  CLK100MHZ
                         net (fo=0)                   0.000     0.000    CLK100MHZ
    E3                   IBUF (Prop_ibuf_I_O)         0.250     0.250 r  CLK100MHZ_IBUF_inst/O
                         net (fo=1, routed)           0.644     0.894    CLK100MHZ_IBUF
    BUFGCTRL_X0Y16       BUFG (Prop_bufg_I_O)         0.026     0.920 r  CLK100MHZ_IBUF_BUFG_inst/O
                         net (fo=1550, routed)        0.557     1.476    u_pipe/u_eng/CLK100MHZ_IBUF_BUFG
    SLICE_X51Y138        FDCE                                         r  u_pipe/u_eng/i_reg[4]/C
  -------------------------------------------------------------------    -------------------
    SLICE_X51Y138        FDCE (Prop_fdce_C_Q)         0.141     1.617 r  u_pipe/u_eng/i_reg[4]/Q
                         net (fo=3, routed)           0.230     1.847    u_pipe/u_eng/i_reg_n_0_[4]
    SLICE_X52Y138        LUT4 (Prop_lut4_I1_O)        0.046     1.893 r  u_pipe/u_eng/FSM_sequential_sst[1]_i_1/O
                         net (fo=1, routed)           0.000     1.893    u_pipe/u_eng/FSM_sequential_sst[1]_i_1_n_0
    SLICE_X52Y138        FDCE                                         r  u_pipe/u_eng/FSM_sequential_sst_reg[1]/D
  -------------------------------------------------------------------    -------------------

                         (clock sys_clk_pin rise edge)
                                                      0.000     0.000 r  <hidden>
    E3                                                0.000     0.000 r  CLK100MHZ
                         net (fo=0)                   0.000     0.000    CLK100MHZ
    E3                   IBUF (Prop_ibuf_I_O)         0.438     0.438 r  CLK100MHZ_IBUF_inst/O
                         net (fo=1, routed)           0.699     1.136    CLK100MHZ_IBUF
    BUFGCTRL_X0Y16       BUFG (Prop_bufg_I_O)         0.029     1.165 r  CLK100MHZ_IBUF_BUFG_inst/O
                         net (fo=1550, routed)        0.826     1.991    u_pipe/u_eng/CLK100MHZ_IBUF_BUFG
    SLICE_X52Y138        FDCE                                         r  u_pipe/u_eng/FSM_sequential_sst_reg[1]/C
                         clock pessimism             -0.250     1.740    <hidden>
    SLICE_X52Y138        FDCE (Hold_fdce_C_D)         0.107     1.847    u_pipe/u_eng/FSM_sequential_sst_reg[1]
  -------------------------------------------------------------------
                         required time                         -1.847    <hidden>
                         arrival time                           1.893    <hidden>
  -------------------------------------------------------------------
                         slack                                  0.046    <hidden>





Pulse Width Checks
--------------------------------------------------------------------------------------
Clock Name:         sys_clk_pin
Waveform(ns):       { 0.000 5.000 }
Period(ns):         10.000
Sources:            { CLK100MHZ }

Check Type        Corner  Lib Pin  Reference Pin  Required(ns)  Actual(ns)  Slack(ns)  Location        Pin
Min Period        n/a     BUFG/I   n/a            2.155         10.000      7.845      BUFGCTRL_X0Y16  CLK100MHZ_IBUF_BUFG_inst/I
Low Pulse Width   Slow    FDRE/C   n/a            0.500         5.000       4.500      SLICE_X58Y133   btn0_q_reg[0]/C
High Pulse Width  Slow    FDRE/C   n/a            0.500         5.000       4.500      SLICE_X58Y133   btn0_q_reg[0]/C



---------------------------------------------------------------------------------------------------
Path Group:  **async_default**
From Clock:  sys_clk_pin
  To Clock:  sys_clk_pin

Setup :            0  Failing Endpoints,  Worst Slack        2.227ns,  Total Violation        0.000ns
Hold  :            0  Failing Endpoints,  Worst Slack        0.675ns,  Total Violation        0.000ns
---------------------------------------------------------------------------------------------------


Max Delay Paths
--------------------------------------------------------------------------------------
Slack (MET) :             2.227ns  (required time - arrival time)
  Source:                 por_cnt_reg[0]/C
                            (rising edge-triggered cell FDRE clocked by sys_clk_pin  {rise@0.000ns fall@5.000ns period=10.000ns})
  Destination:            u_pipe/r_ctx_reg[0]/CLR
                            (recovery check against rising-edge clock sys_clk_pin  {rise@0.000ns fall@5.000ns period=10.000ns})
  Path Group:             **async_default**
  Path Type:              Recovery (Max at Slow Process Corner)
  Requirement:            10.000ns  (sys_clk_pin rise@10.000ns - sys_clk_pin rise@0.000ns)
  Data Path Delay:        7.495ns  (logic 0.766ns (10.220%)  route 6.729ns (89.780%))
  Logic Levels:           2  (LUT4=1 LUT5=1)
  Clock Path Skew:        0.076ns (DCD - SCD + CPR)
    Destination Clock Delay (DCD):    5.090ns = ( 15.090 - 10.000 ) 
    Source Clock Delay      (SCD):    5.202ns
    Clock Pessimism Removal (CPR):    0.188ns
  Clock Uncertainty:      0.035ns  ((TSJ^2 + TIJ^2)^1/2 + DJ) / 2 + PE
    Total System Jitter     (TSJ):    0.071ns
    Total Input Jitter      (TIJ):    0.000ns
    Discrete Jitter          (DJ):    0.000ns
    Phase Error              (PE):    0.000ns

    Location             Delay type                Incr(ns)  Path(ns)    Netlist Resource(s)
  -------------------------------------------------------------------    -------------------
                         (clock sys_clk_pin rise edge)
                                                      0.000     0.000 r  <hidden>
    E3                                                0.000     0.000 r  CLK100MHZ
                         net (fo=0)                   0.000     0.000    CLK100MHZ
    E3                   IBUF (Prop_ibuf_I_O)         1.482     1.482 r  CLK100MHZ_IBUF_inst/O
                         net (fo=1, routed)           2.025     3.506    CLK100MHZ_IBUF
    BUFGCTRL_X0Y16       BUFG (Prop_bufg_I_O)         0.096     3.602 r  CLK100MHZ_IBUF_BUFG_inst/O
                         net (fo=1550, routed)        1.600     5.202    CLK100MHZ_IBUF_BUFG
    SLICE_X60Y128        FDRE                                         r  por_cnt_reg[0]/C
  -------------------------------------------------------------------    -------------------
    SLICE_X60Y128        FDRE (Prop_fdre_C_Q)         0.518     5.720 r  por_cnt_reg[0]/Q
                         net (fo=7, routed)           0.716     6.436    u_pipe/u_sp/g_law.u_qse/fifo[62][7]_i_3[0]
    SLICE_X61Y128        LUT4 (Prop_lut4_I1_O)        0.124     6.560 f  u_pipe/u_sp/g_law.u_qse/led_OBUF[0]_inst_i_2/O
                         net (fo=6, routed)           0.814     7.374    u_pipe/u_sgd/FSM_sequential_st_reg[2]_1
    SLICE_X64Y128        LUT5 (Prop_lut5_I4_O)        0.124     7.498 f  u_pipe/u_sgd/FSM_sequential_state[1]_i_1/O
                         net (fo=1022, routed)        5.199    12.697    u_pipe/por_cnt_reg[7]
    SLICE_X58Y151        FDCE                                         f  u_pipe/r_ctx_reg[0]/CLR
  -------------------------------------------------------------------    -------------------

                         (clock sys_clk_pin rise edge)
                                                     10.000    10.000 r  <hidden>
    E3                                                0.000    10.000 r  CLK100MHZ
                         net (fo=0)                   0.000    10.000    CLK100MHZ
    E3                   IBUF (Prop_ibuf_I_O)         1.411    11.411 r  CLK100MHZ_IBUF_inst/O
                         net (fo=1, routed)           1.920    13.331    CLK100MHZ_IBUF
    BUFGCTRL_X0Y16       BUFG (Prop_bufg_I_O)         0.091    13.422 r  CLK100MHZ_IBUF_BUFG_inst/O
                         net (fo=1550, routed)        1.668    15.090    u_pipe/CLK100MHZ_IBUF_BUFG
    SLICE_X58Y151        FDCE                                         r  u_pipe/r_ctx_reg[0]/C
                         clock pessimism              0.188    15.278    <hidden>
                         clock uncertainty           -0.035    15.243    <hidden>
    SLICE_X58Y151        FDCE (Recov_fdce_C_CLR)     -0.319    14.924    u_pipe/r_ctx_reg[0]
  -------------------------------------------------------------------
                         required time                         14.924    <hidden>
                         arrival time                         -12.697    <hidden>
  -------------------------------------------------------------------
                         slack                                  2.227    <hidden>





Min Delay Paths
--------------------------------------------------------------------------------------
Slack (MET) :             0.675ns  (arrival time - required time)
  Source:                 por_cnt_reg[6]/C
                            (rising edge-triggered cell FDRE clocked by sys_clk_pin  {rise@0.000ns fall@5.000ns period=10.000ns})
  Destination:            hb_reg[24]/CLR
                            (removal check against rising-edge clock sys_clk_pin  {rise@0.000ns fall@5.000ns period=10.000ns})
  Path Group:             **async_default**
  Path Type:              Removal (Min at Fast Process Corner)
  Requirement:            0.000ns  (sys_clk_pin rise@0.000ns - sys_clk_pin rise@0.000ns)
  Data Path Delay:        0.639ns  (logic 0.186ns (29.088%)  route 0.453ns (70.912%))
  Logic Levels:           1  (LUT5=1)
  Clock Path Skew:        0.031ns (DCD - SCD - CPR)
    Destination Clock Delay (DCD):    1.982ns
    Source Clock Delay      (SCD):    1.471ns
    Clock Pessimism Removal (CPR):    0.479ns

    Location             Delay type                Incr(ns)  Path(ns)    Netlist Resource(s)
  -------------------------------------------------------------------    -------------------
                         (clock sys_clk_pin rise edge)
                                                      0.000     0.000 r  <hidden>
    E3                                                0.000     0.000 r  CLK100MHZ
                         net (fo=0)                   0.000     0.000    CLK100MHZ
    E3                   IBUF (Prop_ibuf_I_O)         0.250     0.250 r  CLK100MHZ_IBUF_inst/O
                         net (fo=1, routed)           0.644     0.894    CLK100MHZ_IBUF
    BUFGCTRL_X0Y16       BUFG (Prop_bufg_I_O)         0.026     0.920 r  CLK100MHZ_IBUF_BUFG_inst/O
                         net (fo=1550, routed)        0.552     1.471    CLK100MHZ_IBUF_BUFG
    SLICE_X64Y128        FDRE                                         r  por_cnt_reg[6]/C
  -------------------------------------------------------------------    -------------------
    SLICE_X64Y128        FDRE (Prop_fdre_C_Q)         0.141     1.612 r  por_cnt_reg[6]/Q
                         net (fo=6, routed)           0.174     1.786    u_pipe/u_sgd/FSM_sequential_st_reg[2]_0[2]
    SLICE_X64Y128        LUT5 (Prop_lut5_I1_O)        0.045     1.831 f  u_pipe/u_sgd/FSM_sequential_state[1]_i_1/O
                         net (fo=1022, routed)        0.280     2.111    u_pipe_n_19
    SLICE_X62Y124        FDCE                                         f  hb_reg[24]/CLR
  -------------------------------------------------------------------    -------------------

                         (clock sys_clk_pin rise edge)
                                                      0.000     0.000 r  <hidden>
    E3                                                0.000     0.000 r  CLK100MHZ
                         net (fo=0)                   0.000     0.000    CLK100MHZ
    E3                   IBUF (Prop_ibuf_I_O)         0.438     0.438 r  CLK100MHZ_IBUF_inst/O
                         net (fo=1, routed)           0.699     1.136    CLK100MHZ_IBUF
    BUFGCTRL_X0Y16       BUFG (Prop_bufg_I_O)         0.029     1.165 r  CLK100MHZ_IBUF_BUFG_inst/O
                         net (fo=1550, routed)        0.817     1.982    CLK100MHZ_IBUF_BUFG
    SLICE_X62Y124        FDCE                                         r  hb_reg[24]/C
                         clock pessimism             -0.479     1.502    <hidden>
    SLICE_X62Y124        FDCE (Remov_fdce_C_CLR)     -0.067     1.435    hb_reg[24]
  -------------------------------------------------------------------
                         required time                         -1.435    <hidden>
                         arrival time                           2.111    <hidden>
  -------------------------------------------------------------------
                         slack                                  0.675    <hidden>





