Copyright 1986-2022 Xilinx, Inc. All Rights Reserved. Copyright 2022-2026 Advanced Micro Devices, Inc. All Rights Reserved.
-------------------------------------------------------------------------------------------------------------------------------------------------------------------------------------
| Tool Version : Vivado v.2026.1 (win64) Build 6511674 Tue Jun 16 11:02:23 MDT 2026
| Date         : Thu Sep 10 11:17:09 2026
| Host         : laptop-Quan running 64-bit major release  (build 9200)
| Command      : report_ram_utilization -file D:/FPGA/FPGG_ART_Y_ASTRA_NATIVE_V1_RESEARCH/results/A7-NATIVE-GRAPH/ASTRA-FINAL-C4-C7-20260909/26_C4_D32_BITEXACT_PHYSICAL/ram_e3n.rpt
| Design       : a7ng_astra_c4_lm06_d32_fr_v2
| Device       : xc7a100tcsg324-1
| Speed File   : -1
-------------------------------------------------------------------------------------------------------------------------------------------------------------------------------------

RAM Usage Information

Table of Contents
-----------------
1. Summary

1. Summary
----------

+--------------------------+------------+-----------+-------+-----------+
| Memory Type              | Total Used | Available | Util% | Inferred% |
+--------------------------+------------+-----------+-------+-----------+
| BlockRAM                 |          0 |       135 |  0.00 |      0.00 |
| LUTMs as Distributed RAM |        224 |     19000 |  1.18 |    100.00 |
|  LUTMs as RAM64M         |        176 |           |       |    100.00 |
|  LUTMs as RAM32M         |         48 |           |       |    100.00 |
+--------------------------+------------+-----------+-------+-----------+
*  Each RAMB18 is calculated as 0.5 BlockRAM
**  Tables 2, 3, 4 and 5 cover RAMs inferred by Vivado Synthesis using XPMs or RTL inference
***  XRAMs are not reported for detailed tables


