Copyright 1986-2022 Xilinx, Inc. All Rights Reserved. Copyright 2022-2026 Advanced Micro Devices, Inc. All Rights Reserved.
-----------------------------------------------------------------------------------------------------------------------------------------------------------------------------------------------
| Tool Version : Vivado v.2026.1 (win64) Build 6511674 Tue Jun 16 11:02:23 MDT 2026
| Date         : Thu Sep 10 03:30:30 2026
| Host         : laptop-Quan running 64-bit major release  (build 9200)
| Command      : report_timing_summary -file D:/FPGA/FPGG_ART_Y_ASTRA_NATIVE_V1_RESEARCH/results/A7-NATIVE-GRAPH/ASTRA-FINAL-C4-C7-20260909/26_C4_D32_BITEXACT_PHYSICAL/timing_summary_e3j.rpt
| Design       : a7ng_astra_c4_lm06_d32_fr_v2
| Device       : 7a100t-csg324
| Speed File   : -1  PRODUCTION 1.23 2018-06-13
| Design State : Synthesized
-----------------------------------------------------------------------------------------------------------------------------------------------------------------------------------------------

Timing Summary Report

------------------------------------------------------------------------------------------------
| Timer Settings
| --------------
------------------------------------------------------------------------------------------------

  Enable Multi Corner Analysis               :  Yes
  Enable Pessimism Removal                   :  Yes
  Pessimism Removal Resolution               :  Nearest Common Node
  Enable Input Delay Default Clock           :  No
  Enable Preset / Clear Arcs                 :  No
  Disable Flight Delays                      :  No
  Ignore I/O Paths                           :  No
  Timing Early Launch at Borrowing Latches   :  No
  Borrow Time for Max Delay Exceptions       :  Yes
  Merge Timing Exceptions                    :  Yes
  Inter-SLR Compensation                     :  Conservative

  Corner  Analyze    Analyze    
  Name    Max Paths  Min Paths  
  ------  ---------  ---------  
  Slow    Yes        Yes        
  Fast    Yes        Yes        


------------------------------------------------------------------------------------------------
| Report Methodology
| ------------------
------------------------------------------------------------------------------------------------

No report available as report_methodology has not been run prior. Run report_methodology on the current design for the summary of methodology violations.



check_timing report

Table of Contents
-----------------
1. checking no_clock (0)
2. checking constant_clock (0)
3. checking pulse_width_clock (0)
4. checking unconstrained_internal_endpoints (0)
5. checking no_input_delay (133)
6. checking no_output_delay (21)
7. checking multiple_clock (0)
8. checking generated_clocks (0)
9. checking loops (0)
10. checking partial_input_delay (0)
11. checking partial_output_delay (0)
12. checking latch_loops (0)

1. checking no_clock (0)
------------------------
 There are 0 register/latch pins with no clock.


2. checking constant_clock (0)
------------------------------
 There are 0 register/latch pins with constant_clock.


3. checking pulse_width_clock (0)
---------------------------------
 There are 0 register/latch pins which need pulse_width check


4. checking unconstrained_internal_endpoints (0)
------------------------------------------------
 There are 0 pins that are not constrained for maximum delay.

 There are 0 pins that are not constrained for maximum delay due to constant clock.


5. checking no_input_delay (133)
--------------------------------
 There are 133 input ports with no input delay specified. (HIGH)

 There are 0 input ports with no input delay but user has a false path constraint.


6. checking no_output_delay (21)
--------------------------------
 There are 21 ports with no output delay specified. (HIGH)

 There are 0 ports with no output delay but user has a false path constraint

 There are 0 ports with no output delay but with a timing clock defined on it or propagating through it


7. checking multiple_clock (0)
------------------------------
 There are 0 register/latch pins with multiple clocks.


8. checking generated_clocks (0)
--------------------------------
 There are 0 generated clocks that are not connected to a clock source.


9. checking loops (0)
---------------------
 There are 0 combinational loops in the design.


10. checking partial_input_delay (0)
------------------------------------
 There are 0 input ports with partial input delay specified.


11. checking partial_output_delay (0)
-------------------------------------
 There are 0 ports with partial output delay specified.


12. checking latch_loops (0)
----------------------------
 There are 0 combinational latch loops in the design through latch input



------------------------------------------------------------------------------------------------
| Design Timing Summary
| ---------------------
------------------------------------------------------------------------------------------------

    WNS(ns)      TNS(ns)  TNS Failing Endpoints  TNS Total Endpoints      WHS(ns)      THS(ns)  THS Failing Endpoints  THS Total Endpoints     WPWS(ns)     TPWS(ns)  TPWS Failing Endpoints  TPWS Total Endpoints  
    -------      -------  ---------------------  -------------------      -------      -------  ---------------------  -------------------     --------     --------  ----------------------  --------------------  
    -16.734   -19812.107                   1735                89014        0.177        0.000                      0                89014        3.750        0.000                       0                 43144  


Timing constraints are not met.


------------------------------------------------------------------------------------------------
| Clock Summary
| -------------
------------------------------------------------------------------------------------------------

Clock  Waveform(ns)       Period(ns)      Frequency(MHz)
-----  ------------       ----------      --------------
clk    {0.000 5.000}      10.000          100.000         


------------------------------------------------------------------------------------------------
| Intra Clock Table
| -----------------
------------------------------------------------------------------------------------------------

Clock             WNS(ns)      TNS(ns)  TNS Failing Endpoints  TNS Total Endpoints      WHS(ns)      THS(ns)  THS Failing Endpoints  THS Total Endpoints     WPWS(ns)     TPWS(ns)  TPWS Failing Endpoints  TPWS Total Endpoints  
-----             -------      -------  ---------------------  -------------------      -------      -------  ---------------------  -------------------     --------     --------  ----------------------  --------------------  
clk               -16.734   -19812.107                   1735                89014        0.177        0.000                      0                89014        3.750        0.000                       0                 43144  


------------------------------------------------------------------------------------------------
| Inter Clock Table
| -----------------
------------------------------------------------------------------------------------------------

From Clock    To Clock          WNS(ns)      TNS(ns)  TNS Failing Endpoints  TNS Total Endpoints      WHS(ns)      THS(ns)  THS Failing Endpoints  THS Total Endpoints  
----------    --------          -------      -------  ---------------------  -------------------      -------      -------  ---------------------  -------------------  


------------------------------------------------------------------------------------------------
| Other Path Groups Table
| -----------------------
------------------------------------------------------------------------------------------------

Path Group    From Clock    To Clock          WNS(ns)      TNS(ns)  TNS Failing Endpoints  TNS Total Endpoints      WHS(ns)      THS(ns)  THS Failing Endpoints  THS Total Endpoints  
----------    ----------    --------          -------      -------  ---------------------  -------------------      -------      -------  ---------------------  -------------------  


------------------------------------------------------------------------------------------------
| Timing Details
| --------------
------------------------------------------------------------------------------------------------


---------------------------------------------------------------------------------------------------
From Clock:  clk
  To Clock:  clk

Setup :         1735  Failing Endpoints,  Worst Slack      -16.734ns,  Total Violation   -19812.107ns
Hold  :            0  Failing Endpoints,  Worst Slack        0.177ns,  Total Violation        0.000ns
PW    :            0  Failing Endpoints,  Worst Slack        3.750ns,  Total Violation        0.000ns
---------------------------------------------------------------------------------------------------


Max Delay Paths
--------------------------------------------------------------------------------------
Slack (VIOLATED) :        -16.734ns  (required time - arrival time)
  Source:                 toks_reg[23][0]/C
                            (rising edge-triggered cell FDRE clocked by clk  {rise@0.000ns fall@5.000ns period=10.000ns})
  Destination:            x_wdata_reg[11]/D
                            (rising edge-triggered cell FDRE clocked by clk  {rise@0.000ns fall@5.000ns period=10.000ns})
  Path Group:             clk
  Path Type:              Setup (Max at Slow Process Corner)
  Requirement:            10.000ns  (clk rise@10.000ns - clk rise@0.000ns)
  Data Path Delay:        26.694ns  (logic 16.432ns (61.558%)  route 10.262ns (38.442%))
  Logic Levels:           41  (CARRY4=24 DSP48E1=2 LUT1=2 LUT2=2 LUT3=2 LUT4=1 LUT5=2 LUT6=4 MUXF7=2)
  Clock Path Skew:        -0.049ns (DCD - SCD + CPR)
    Destination Clock Delay (DCD):    0.924ns = ( 10.924 - 10.000 ) 
    Source Clock Delay      (SCD):    0.973ns
    Clock Pessimism Removal (CPR):    0.000ns
  Clock Uncertainty:      0.035ns  ((TSJ^2 + TIJ^2)^1/2 + DJ) / 2 + PE
    Total System Jitter     (TSJ):    0.071ns
    Total Input Jitter      (TIJ):    0.000ns
    Discrete Jitter          (DJ):    0.000ns
    Phase Error              (PE):    0.000ns

    Location             Delay type                Incr(ns)  Path(ns)    Netlist Resource(s)
  -------------------------------------------------------------------    -------------------
                         (clock clk rise edge)        0.000     0.000 r  <hidden>
                                                      0.000     0.000 r  clk
                         net (fo=43146, unset)        0.973     0.973    clk
                         FDRE                                         r  toks_reg[23][0]/C
  -------------------------------------------------------------------    -------------------
                         FDRE (Prop_fdre_C_Q)         0.478     1.451 r  toks_reg[23][0]/Q
                         net (fo=1, unplaced)         0.965     2.416    toks_reg[23][0]
                         LUT6 (Prop_lut6_I0_O)        0.295     2.711 r  g0_b0__7_i_30/O
                         net (fo=1, unplaced)         0.000     2.711    g0_b0__7_i_30_n_0
                         MUXF7 (Prop_muxf7_I1_O)      0.247     2.958 r  g0_b0__7_i_14/O
                         net (fo=2, unplaced)         0.746     3.704    g0_b0__7_i_14_n_0
                         LUT5 (Prop_lut5_I0_O)        0.298     4.002 r  g0_b0__7_i_4/O
                         net (fo=1, unplaced)         0.469     4.471    toks[0]
                         CARRY4 (Prop_carry4_DI[1]_O[3])
                                                      0.629     5.100 r  g0_b0__7_i_1/O[3]
                         net (fo=239, unplaced)       1.089     6.189    g0_b0__7_i_1_n_4
                         LUT6 (Prop_lut6_I2_O)        0.307     6.496 r  c4_rq_return1_i_132/O
                         net (fo=2, unplaced)         0.743     7.239    c4_rq_return1_i_132_n_0
                         LUT6 (Prop_lut6_I3_O)        0.124     7.363 r  c4_rq_return1_i_69/O
                         net (fo=1, unplaced)         0.665     8.028    c4_rq_return1_i_69_n_0
                         LUT6 (Prop_lut6_I0_O)        0.124     8.152 r  c4_rq_return1_i_23/O
                         net (fo=1, unplaced)         0.000     8.152    c4_rq_return1_i_23_n_0
                         MUXF7 (Prop_muxf7_I0_O)      0.241     8.393 r  c4_rq_return1_i_10/O
                         net (fo=1, unplaced)         0.452     8.845    a[6]
                         LUT2 (Prop_lut2_I0_O)        0.298     9.143 r  c4_rq_return1_i_2/O
                         net (fo=2, unplaced)         0.803     9.946    c4_rq_return1_i_2_n_0
                         DSP48E1 (Prop_dsp48e1_A[6]_PCOUT[47])
                                                      4.036    13.982 r  c4_rq_return1/PCOUT[47]
                         net (fo=1, unplaced)         0.000    13.982    c4_rq_return1_n_106
                         DSP48E1 (Prop_dsp48e1_PCIN[47]_P[1])
                                                      1.518    15.500 f  c4_rq_return1__0/P[1]
                         net (fo=3, unplaced)         0.803    16.303    c4_rq_return1__0_n_104
                         LUT1 (Prop_lut1_I0_O)        0.124    16.427 r  x_wdata[3]_i_90/O
                         net (fo=1, unplaced)         0.000    16.427    x_wdata[3]_i_90_n_0
                         CARRY4 (Prop_carry4_S[1]_CO[3])
                                                      0.533    16.960 r  x_wdata_reg[3]_i_58/CO[3]
                         net (fo=1, unplaced)         0.000    16.960    x_wdata_reg[3]_i_58_n_0
                         CARRY4 (Prop_carry4_CI_O[1])
                                                      0.337    17.297 f  x_wdata_reg[3]_i_36/O[1]
                         net (fo=2, unplaced)         0.622    17.919    c4_rq_return4[22]
                         LUT5 (Prop_lut5_I0_O)        0.306    18.225 r  x_wdata[3]_i_32/O
                         net (fo=1, unplaced)         0.000    18.225    x_wdata[3]_i_32_n_0
                         CARRY4 (Prop_carry4_S[3]_CO[3])
                                                      0.376    18.601 r  x_wdata_reg[3]_i_17/CO[3]
                         net (fo=1, unplaced)         0.000    18.601    x_wdata_reg[3]_i_17_n_0
                         CARRY4 (Prop_carry4_CI_CO[0])
                                                      0.281    18.882 r  x_wdata_reg[3]_i_11/CO[0]
                         net (fo=2, unplaced)         0.322    19.204    x_wdata_reg[3]_i_11_n_3
                         LUT4 (Prop_lut4_I3_O)        0.367    19.571 r  x_wdata[3]_i_15/O
                         net (fo=1, unplaced)         0.000    19.571    x_wdata[3]_i_15_n_0
                         CARRY4 (Prop_carry4_S[0]_CO[3])
                                                      0.513    20.084 r  x_wdata_reg[3]_i_6/CO[3]
                         net (fo=1, unplaced)         0.000    20.084    x_wdata_reg[3]_i_6_n_0
                         CARRY4 (Prop_carry4_CI_CO[3])
                                                      0.117    20.201 r  x_wdata_reg[7]_i_11/CO[3]
                         net (fo=1, unplaced)         0.000    20.201    x_wdata_reg[7]_i_11_n_0
                         CARRY4 (Prop_carry4_CI_CO[3])
                                                      0.117    20.318 r  x_wdata_reg[11]_i_11/CO[3]
                         net (fo=1, unplaced)         0.000    20.318    x_wdata_reg[11]_i_11_n_0
                         CARRY4 (Prop_carry4_CI_CO[3])
                                                      0.117    20.435 r  x_wdata_reg[15]_i_40/CO[3]
                         net (fo=1, unplaced)         0.000    20.435    x_wdata_reg[15]_i_40_n_0
                         CARRY4 (Prop_carry4_CI_CO[3])
                                                      0.117    20.552 r  acc_reg[19]_i_50/CO[3]
                         net (fo=1, unplaced)         0.000    20.552    acc_reg[19]_i_50_n_0
                         CARRY4 (Prop_carry4_CI_CO[3])
                                                      0.117    20.669 r  acc_reg[23]_i_52/CO[3]
                         net (fo=1, unplaced)         0.000    20.669    acc_reg[23]_i_52_n_0
                         CARRY4 (Prop_carry4_CI_CO[3])
                                                      0.117    20.786 r  acc_reg[27]_i_50/CO[3]
                         net (fo=1, unplaced)         0.000    20.786    acc_reg[27]_i_50_n_0
                         CARRY4 (Prop_carry4_CI_O[2])
                                                      0.256    21.042 f  acc_reg[31]_i_55/O[2]
                         net (fo=3, unplaced)         0.470    21.512    c4_rq_return1__1[30]
                         LUT1 (Prop_lut1_I0_O)        0.301    21.813 r  acc[35]_i_63/O
                         net (fo=1, unplaced)         0.000    21.813    acc[35]_i_63_n_0
                         CARRY4 (Prop_carry4_S[1]_CO[3])
                                                      0.533    22.346 r  acc_reg[35]_i_50/CO[3]
                         net (fo=1, unplaced)         0.000    22.346    acc_reg[35]_i_50_n_0
                         CARRY4 (Prop_carry4_CI_O[2])
                                                      0.256    22.602 r  acc_reg[39]_i_49/O[2]
                         net (fo=2, unplaced)         0.463    23.065    c4_rq_return0[35]
                         LUT3 (Prop_lut3_I0_O)        0.301    23.366 r  acc[35]_i_23/O
                         net (fo=1, unplaced)         0.473    23.839    c4_rq_return[35]
                         CARRY4 (Prop_carry4_DI[3]_CO[3])
                                                      0.396    24.235 r  acc_reg[35]_i_11/CO[3]
                         net (fo=1, unplaced)         0.000    24.235    acc_reg[35]_i_11_n_0
                         CARRY4 (Prop_carry4_CI_CO[3])
                                                      0.117    24.352 r  acc_reg[39]_i_11/CO[3]
                         net (fo=1, unplaced)         0.000    24.352    acc_reg[39]_i_11_n_0
                         CARRY4 (Prop_carry4_CI_CO[3])
                                                      0.117    24.469 r  acc_reg[43]_i_11/CO[3]
                         net (fo=1, unplaced)         0.000    24.469    acc_reg[43]_i_11_n_0
                         CARRY4 (Prop_carry4_CI_CO[3])
                                                      0.117    24.586 r  acc_reg[47]_i_11/CO[3]
                         net (fo=1, unplaced)         0.000    24.586    acc_reg[47]_i_11_n_0
                         CARRY4 (Prop_carry4_CI_CO[3])
                                                      0.117    24.703 r  acc_reg[51]_i_11/CO[3]
                         net (fo=1, unplaced)         0.000    24.703    acc_reg[51]_i_11_n_0
                         CARRY4 (Prop_carry4_CI_CO[3])
                                                      0.117    24.820 r  acc_reg[55]_i_11/CO[3]
                         net (fo=1, unplaced)         0.000    24.820    acc_reg[55]_i_11_n_0
                         CARRY4 (Prop_carry4_CI_CO[3])
                                                      0.117    24.937 r  acc_reg[59]_i_11/CO[3]
                         net (fo=1, unplaced)         0.000    24.937    acc_reg[59]_i_11_n_0
                         CARRY4 (Prop_carry4_CI_O[1])
                                                      0.337    25.274 f  acc_reg[63]_i_23/O[1]
                         net (fo=8, unplaced)         0.649    25.923    data1[61]
                         LUT2 (Prop_lut2_I0_O)        0.306    26.229 r  x_wdata[15]_i_11/O
                         net (fo=1, unplaced)         0.000    26.229    x_wdata[15]_i_11_n_0
                         CARRY4 (Prop_carry4_S[1]_CO[2])
                                                      0.574    26.803 f  x_wdata_reg[15]_i_3/CO[2]
                         net (fo=128, unplaced)       0.528    27.331    x_wdata_reg[15]_i_3_n_1
                         LUT3 (Prop_lut3_I0_O)        0.336    27.667 r  x_wdata[11]_i_1/O
                         net (fo=1, unplaced)         0.000    27.667    x_wdata[11]_i_1_n_0
                         FDRE                                         r  x_wdata_reg[11]/D
  -------------------------------------------------------------------    -------------------

                         (clock clk rise edge)       10.000    10.000 r  <hidden>
                                                      0.000    10.000 r  clk
                         net (fo=43146, unset)        0.924    10.924    clk
                         FDRE                                         r  x_wdata_reg[11]/C
                         clock pessimism              0.000    10.924    <hidden>
                         clock uncertainty           -0.035    10.889    <hidden>
                         FDRE (Setup_fdre_C_D)        0.044    10.933    x_wdata_reg[11]
  -------------------------------------------------------------------
                         required time                         10.933    <hidden>
                         arrival time                         -27.667    <hidden>
  -------------------------------------------------------------------
                         slack                                -16.734    <hidden>





Min Delay Paths
--------------------------------------------------------------------------------------
Slack (MET) :             0.177ns  (arrival time - required time)
  Source:                 qv_wdata_reg[0]/C
                            (rising edge-triggered cell FDRE clocked by clk  {rise@0.000ns fall@5.000ns period=10.000ns})
  Destination:            qv_reg_r1_0_31_0_5/RAMA/I
                            (rising edge-triggered cell RAMD32 clocked by clk  {rise@0.000ns fall@5.000ns period=10.000ns})
  Path Group:             clk
  Path Type:              Hold (Min at Fast Process Corner)
  Requirement:            0.000ns  (clk rise@0.000ns - clk rise@0.000ns)
  Data Path Delay:        0.292ns  (logic 0.147ns (50.269%)  route 0.145ns (49.731%))
  Logic Levels:           0  
  Clock Path Skew:        0.022ns (DCD - SCD - CPR)
    Destination Clock Delay (DCD):    0.432ns
    Source Clock Delay      (SCD):    0.410ns
    Clock Pessimism Removal (CPR):    -0.000ns

    Location             Delay type                Incr(ns)  Path(ns)    Netlist Resource(s)
  -------------------------------------------------------------------    -------------------
                         (clock clk rise edge)        0.000     0.000 r  <hidden>
                                                      0.000     0.000 r  clk
                         net (fo=43146, unset)        0.410     0.410    clk
                         FDRE                                         r  qv_wdata_reg[0]/C
  -------------------------------------------------------------------    -------------------
                         FDRE (Prop_fdre_C_Q)         0.147     0.557 r  qv_wdata_reg[0]/Q
                         net (fo=2, unplaced)         0.145     0.703    qv_reg_r1_0_31_0_5/DIA0
                         RAMD32                                       r  qv_reg_r1_0_31_0_5/RAMA/I
  -------------------------------------------------------------------    -------------------

                         (clock clk rise edge)        0.000     0.000 r  <hidden>
                                                      0.000     0.000 r  clk
                         net (fo=43146, unset)        0.432     0.432    qv_reg_r1_0_31_0_5/WCLK
                         RAMD32                                       r  qv_reg_r1_0_31_0_5/RAMA/CLK
                         clock pessimism              0.000     0.432    <hidden>
                         RAMD32 (Hold_ramd32_CLK_I)
                                                      0.094     0.526    qv_reg_r1_0_31_0_5/RAMA
  -------------------------------------------------------------------
                         required time                         -0.526    <hidden>
                         arrival time                           0.703    <hidden>
  -------------------------------------------------------------------
                         slack                                  0.177    <hidden>





Pulse Width Checks
--------------------------------------------------------------------------------------
Clock Name:         clk
Waveform(ns):       { 0.000 5.000 }
Period(ns):         10.000
Sources:            { clk }

Check Type        Corner  Lib Pin      Reference Pin  Required(ns)  Actual(ns)  Slack(ns)  Location  Pin
Min Period        n/a     DSP48E1/CLK  n/a            2.154         10.000      7.846                u_rq/prod_r0/CLK
Low Pulse Width   Slow    RAMD64E/CLK  n/a            1.250         5.000       3.750                logits_reg_0_63_0_2/RAMA/CLK
High Pulse Width  Slow    RAMD64E/CLK  n/a            1.250         5.000       3.750                logits_reg_0_63_0_2/RAMA/CLK



