Copyright 1986-2022 Xilinx, Inc. All Rights Reserved. Copyright 2022-2026 Advanced Micro Devices, Inc. All Rights Reserved.
-----------------------------------------------------------------------------------------------------------------------------------------------------------------------------------------------
| Tool Version : Vivado v.2026.1 (win64) Build 6511674 Tue Jun 16 11:02:23 MDT 2026
| Date         : Fri Sep 11 03:56:21 2026
| Host         : laptop-Quan running 64-bit major release  (build 9200)
| Command      : report_timing_summary -file D:/FPGA/FPGG_ART_Y_ASTRA_NATIVE_V1_RESEARCH/results/A7-NATIVE-GRAPH/ASTRA-FINAL-C4-C7-20260909/26_C4_D32_BITEXACT_PHYSICAL/timing_summary_e3x.rpt
| Design       : a7ng_astra_c4_lm06_d32_fr_v2
| Device       : 7a100t-csg324
| Speed File   : -1  PRODUCTION 1.23 2018-06-13
| Design State : Synthesized
-----------------------------------------------------------------------------------------------------------------------------------------------------------------------------------------------

Timing Summary Report

------------------------------------------------------------------------------------------------
| Timer Settings
| --------------
------------------------------------------------------------------------------------------------

  Enable Multi Corner Analysis               :  Yes
  Enable Pessimism Removal                   :  Yes
  Pessimism Removal Resolution               :  Nearest Common Node
  Enable Input Delay Default Clock           :  No
  Enable Preset / Clear Arcs                 :  No
  Disable Flight Delays                      :  No
  Ignore I/O Paths                           :  No
  Timing Early Launch at Borrowing Latches   :  No
  Borrow Time for Max Delay Exceptions       :  Yes
  Merge Timing Exceptions                    :  Yes
  Inter-SLR Compensation                     :  Conservative

  Corner  Analyze    Analyze    
  Name    Max Paths  Min Paths  
  ------  ---------  ---------  
  Slow    Yes        Yes        
  Fast    Yes        Yes        


------------------------------------------------------------------------------------------------
| Report Methodology
| ------------------
------------------------------------------------------------------------------------------------

No report available as report_methodology has not been run prior. Run report_methodology on the current design for the summary of methodology violations.



check_timing report

Table of Contents
-----------------
1. checking no_clock (96)
2. checking constant_clock (0)
3. checking pulse_width_clock (0)
4. checking unconstrained_internal_endpoints (32)
5. checking no_input_delay (133)
6. checking no_output_delay (21)
7. checking multiple_clock (0)
8. checking generated_clocks (0)
9. checking loops (0)
10. checking partial_input_delay (0)
11. checking partial_output_delay (0)
12. checking latch_loops (0)

1. checking no_clock (96)
-------------------------
 There are 32 register/latch pins with no clock driven by root clock pin: rst_n (HIGH)

 There is 1 register/latch pin with no clock driven by root clock pin: dmax_reg[0]_C/Q (HIGH)

 There is 1 register/latch pin with no clock driven by root clock pin: dmax_reg[0]_P/Q (HIGH)

 There is 1 register/latch pin with no clock driven by root clock pin: dmax_reg[10]_C/Q (HIGH)

 There is 1 register/latch pin with no clock driven by root clock pin: dmax_reg[10]_P/Q (HIGH)

 There is 1 register/latch pin with no clock driven by root clock pin: dmax_reg[11]_C/Q (HIGH)

 There is 1 register/latch pin with no clock driven by root clock pin: dmax_reg[11]_P/Q (HIGH)

 There is 1 register/latch pin with no clock driven by root clock pin: dmax_reg[12]_C/Q (HIGH)

 There is 1 register/latch pin with no clock driven by root clock pin: dmax_reg[12]_P/Q (HIGH)

 There is 1 register/latch pin with no clock driven by root clock pin: dmax_reg[13]_C/Q (HIGH)

 There is 1 register/latch pin with no clock driven by root clock pin: dmax_reg[13]_P/Q (HIGH)

 There is 1 register/latch pin with no clock driven by root clock pin: dmax_reg[14]_C/Q (HIGH)

 There is 1 register/latch pin with no clock driven by root clock pin: dmax_reg[14]_P/Q (HIGH)

 There is 1 register/latch pin with no clock driven by root clock pin: dmax_reg[15]_C/Q (HIGH)

 There is 1 register/latch pin with no clock driven by root clock pin: dmax_reg[15]_P/Q (HIGH)

 There is 1 register/latch pin with no clock driven by root clock pin: dmax_reg[16]_C/Q (HIGH)

 There is 1 register/latch pin with no clock driven by root clock pin: dmax_reg[16]_P/Q (HIGH)

 There is 1 register/latch pin with no clock driven by root clock pin: dmax_reg[17]_C/Q (HIGH)

 There is 1 register/latch pin with no clock driven by root clock pin: dmax_reg[17]_P/Q (HIGH)

 There is 1 register/latch pin with no clock driven by root clock pin: dmax_reg[18]_C/Q (HIGH)

 There is 1 register/latch pin with no clock driven by root clock pin: dmax_reg[18]_P/Q (HIGH)

 There is 1 register/latch pin with no clock driven by root clock pin: dmax_reg[19]_C/Q (HIGH)

 There is 1 register/latch pin with no clock driven by root clock pin: dmax_reg[19]_P/Q (HIGH)

 There is 1 register/latch pin with no clock driven by root clock pin: dmax_reg[1]_C/Q (HIGH)

 There is 1 register/latch pin with no clock driven by root clock pin: dmax_reg[1]_P/Q (HIGH)

 There is 1 register/latch pin with no clock driven by root clock pin: dmax_reg[20]_C/Q (HIGH)

 There is 1 register/latch pin with no clock driven by root clock pin: dmax_reg[20]_P/Q (HIGH)

 There is 1 register/latch pin with no clock driven by root clock pin: dmax_reg[21]_C/Q (HIGH)

 There is 1 register/latch pin with no clock driven by root clock pin: dmax_reg[21]_P/Q (HIGH)

 There is 1 register/latch pin with no clock driven by root clock pin: dmax_reg[22]_C/Q (HIGH)

 There is 1 register/latch pin with no clock driven by root clock pin: dmax_reg[22]_P/Q (HIGH)

 There is 1 register/latch pin with no clock driven by root clock pin: dmax_reg[23]_C/Q (HIGH)

 There is 1 register/latch pin with no clock driven by root clock pin: dmax_reg[23]_P/Q (HIGH)

 There is 1 register/latch pin with no clock driven by root clock pin: dmax_reg[24]_C/Q (HIGH)

 There is 1 register/latch pin with no clock driven by root clock pin: dmax_reg[24]_P/Q (HIGH)

 There is 1 register/latch pin with no clock driven by root clock pin: dmax_reg[25]_C/Q (HIGH)

 There is 1 register/latch pin with no clock driven by root clock pin: dmax_reg[25]_P/Q (HIGH)

 There is 1 register/latch pin with no clock driven by root clock pin: dmax_reg[26]_C/Q (HIGH)

 There is 1 register/latch pin with no clock driven by root clock pin: dmax_reg[26]_P/Q (HIGH)

 There is 1 register/latch pin with no clock driven by root clock pin: dmax_reg[27]_C/Q (HIGH)

 There is 1 register/latch pin with no clock driven by root clock pin: dmax_reg[27]_P/Q (HIGH)

 There is 1 register/latch pin with no clock driven by root clock pin: dmax_reg[28]_C/Q (HIGH)

 There is 1 register/latch pin with no clock driven by root clock pin: dmax_reg[28]_P/Q (HIGH)

 There is 1 register/latch pin with no clock driven by root clock pin: dmax_reg[29]_C/Q (HIGH)

 There is 1 register/latch pin with no clock driven by root clock pin: dmax_reg[29]_P/Q (HIGH)

 There is 1 register/latch pin with no clock driven by root clock pin: dmax_reg[2]_C/Q (HIGH)

 There is 1 register/latch pin with no clock driven by root clock pin: dmax_reg[2]_P/Q (HIGH)

 There is 1 register/latch pin with no clock driven by root clock pin: dmax_reg[30]_C/Q (HIGH)

 There is 1 register/latch pin with no clock driven by root clock pin: dmax_reg[30]_P/Q (HIGH)

 There is 1 register/latch pin with no clock driven by root clock pin: dmax_reg[31]_C/Q (HIGH)

 There is 1 register/latch pin with no clock driven by root clock pin: dmax_reg[31]_P/Q (HIGH)

 There is 1 register/latch pin with no clock driven by root clock pin: dmax_reg[3]_C/Q (HIGH)

 There is 1 register/latch pin with no clock driven by root clock pin: dmax_reg[3]_P/Q (HIGH)

 There is 1 register/latch pin with no clock driven by root clock pin: dmax_reg[4]_C/Q (HIGH)

 There is 1 register/latch pin with no clock driven by root clock pin: dmax_reg[4]_P/Q (HIGH)

 There is 1 register/latch pin with no clock driven by root clock pin: dmax_reg[5]_C/Q (HIGH)

 There is 1 register/latch pin with no clock driven by root clock pin: dmax_reg[5]_P/Q (HIGH)

 There is 1 register/latch pin with no clock driven by root clock pin: dmax_reg[6]_C/Q (HIGH)

 There is 1 register/latch pin with no clock driven by root clock pin: dmax_reg[6]_P/Q (HIGH)

 There is 1 register/latch pin with no clock driven by root clock pin: dmax_reg[7]_C/Q (HIGH)

 There is 1 register/latch pin with no clock driven by root clock pin: dmax_reg[7]_P/Q (HIGH)

 There is 1 register/latch pin with no clock driven by root clock pin: dmax_reg[8]_C/Q (HIGH)

 There is 1 register/latch pin with no clock driven by root clock pin: dmax_reg[8]_P/Q (HIGH)

 There is 1 register/latch pin with no clock driven by root clock pin: dmax_reg[9]_C/Q (HIGH)

 There is 1 register/latch pin with no clock driven by root clock pin: dmax_reg[9]_P/Q (HIGH)


2. checking constant_clock (0)
------------------------------
 There are 0 register/latch pins with constant_clock.


3. checking pulse_width_clock (0)
---------------------------------
 There are 0 register/latch pins which need pulse_width check


4. checking unconstrained_internal_endpoints (32)
-------------------------------------------------
 There are 32 pins that are not constrained for maximum delay. (HIGH)

 There are 0 pins that are not constrained for maximum delay due to constant clock.


5. checking no_input_delay (133)
--------------------------------
 There are 133 input ports with no input delay specified. (HIGH)

 There are 0 input ports with no input delay but user has a false path constraint.


6. checking no_output_delay (21)
--------------------------------
 There are 21 ports with no output delay specified. (HIGH)

 There are 0 ports with no output delay but user has a false path constraint

 There are 0 ports with no output delay but with a timing clock defined on it or propagating through it


7. checking multiple_clock (0)
------------------------------
 There are 0 register/latch pins with multiple clocks.


8. checking generated_clocks (0)
--------------------------------
 There are 0 generated clocks that are not connected to a clock source.


9. checking loops (0)
---------------------
 There are 0 combinational loops in the design.


10. checking partial_input_delay (0)
------------------------------------
 There are 0 input ports with partial input delay specified.


11. checking partial_output_delay (0)
-------------------------------------
 There are 0 ports with partial output delay specified.


12. checking latch_loops (0)
----------------------------
 There are 0 combinational latch loops in the design through latch input



------------------------------------------------------------------------------------------------
| Design Timing Summary
| ---------------------
------------------------------------------------------------------------------------------------

    WNS(ns)      TNS(ns)  TNS Failing Endpoints  TNS Total Endpoints      WHS(ns)      THS(ns)  THS Failing Endpoints  THS Total Endpoints     WPWS(ns)     TPWS(ns)  TPWS Failing Endpoints  TPWS Total Endpoints  
    -------      -------  ---------------------  -------------------      -------      -------  ---------------------  -------------------     --------     --------  ----------------------  --------------------  
     -1.532     -101.238                     88                88931        0.172        0.000                      0                88931        3.750        0.000                       0                 43503  


Timing constraints are not met.


------------------------------------------------------------------------------------------------
| Clock Summary
| -------------
------------------------------------------------------------------------------------------------

Clock  Waveform(ns)       Period(ns)      Frequency(MHz)
-----  ------------       ----------      --------------
clk    {0.000 5.000}      10.000          100.000         


------------------------------------------------------------------------------------------------
| Intra Clock Table
| -----------------
------------------------------------------------------------------------------------------------

Clock             WNS(ns)      TNS(ns)  TNS Failing Endpoints  TNS Total Endpoints      WHS(ns)      THS(ns)  THS Failing Endpoints  THS Total Endpoints     WPWS(ns)     TPWS(ns)  TPWS Failing Endpoints  TPWS Total Endpoints  
-----             -------      -------  ---------------------  -------------------      -------      -------  ---------------------  -------------------     --------     --------  ----------------------  --------------------  
clk                -1.532     -101.238                     88                88867        0.172        0.000                      0                88867        3.750        0.000                       0                 43503  


------------------------------------------------------------------------------------------------
| Inter Clock Table
| -----------------
------------------------------------------------------------------------------------------------

From Clock    To Clock          WNS(ns)      TNS(ns)  TNS Failing Endpoints  TNS Total Endpoints      WHS(ns)      THS(ns)  THS Failing Endpoints  THS Total Endpoints  
----------    --------          -------      -------  ---------------------  -------------------      -------      -------  ---------------------  -------------------  


------------------------------------------------------------------------------------------------
| Other Path Groups Table
| -----------------------
------------------------------------------------------------------------------------------------

Path Group         From Clock         To Clock               WNS(ns)      TNS(ns)  TNS Failing Endpoints  TNS Total Endpoints      WHS(ns)      THS(ns)  THS Failing Endpoints  THS Total Endpoints  
----------         ----------         --------               -------      -------  ---------------------  -------------------      -------      -------  ---------------------  -------------------  
**async_default**  clk                clk                      6.788        0.000                      0                   64        0.817        0.000                      0                   64  


------------------------------------------------------------------------------------------------
| Timing Details
| --------------
------------------------------------------------------------------------------------------------


---------------------------------------------------------------------------------------------------
From Clock:  clk
  To Clock:  clk

Setup :           88  Failing Endpoints,  Worst Slack       -1.532ns,  Total Violation     -101.238ns
Hold  :            0  Failing Endpoints,  Worst Slack        0.172ns,  Total Violation        0.000ns
PW    :            0  Failing Endpoints,  Worst Slack        3.750ns,  Total Violation        0.000ns
---------------------------------------------------------------------------------------------------


Max Delay Paths
--------------------------------------------------------------------------------------
Slack (VIOLATED) :        -1.532ns  (required time - arrival time)
  Source:                 kv_reg[23][30][15]/C
                            (rising edge-triggered cell FDRE clocked by clk  {rise@0.000ns fall@5.000ns period=10.000ns})
  Destination:            prod_r_reg[31]/D
                            (rising edge-triggered cell FDCE clocked by clk  {rise@0.000ns fall@5.000ns period=10.000ns})
  Path Group:             clk
  Path Type:              Setup (Max at Slow Process Corner)
  Requirement:            10.000ns  (clk rise@10.000ns - clk rise@0.000ns)
  Data Path Delay:        11.492ns  (logic 6.497ns (56.536%)  route 4.995ns (43.464%))
  Logic Levels:           10  (DSP48E1=1 LUT4=1 LUT5=2 LUT6=3 MUXF7=3)
  Clock Path Skew:        -0.049ns (DCD - SCD + CPR)
    Destination Clock Delay (DCD):    0.924ns = ( 10.924 - 10.000 ) 
    Source Clock Delay      (SCD):    0.973ns
    Clock Pessimism Removal (CPR):    0.000ns
  Clock Uncertainty:      0.035ns  ((TSJ^2 + TIJ^2)^1/2 + DJ) / 2 + PE
    Total System Jitter     (TSJ):    0.071ns
    Total Input Jitter      (TIJ):    0.000ns
    Discrete Jitter          (DJ):    0.000ns
    Phase Error              (PE):    0.000ns

    Location             Delay type                Incr(ns)  Path(ns)    Netlist Resource(s)
  -------------------------------------------------------------------    -------------------
                         (clock clk rise edge)        0.000     0.000 r  <hidden>
                                                      0.000     0.000 r  clk
                         net (fo=43502, unset)        0.973     0.973    clk
                         FDRE                                         r  kv_reg[23][30][15]/C
  -------------------------------------------------------------------    -------------------
                         FDRE (Prop_fdre_C_Q)         0.478     1.451 r  kv_reg[23][30][15]/Q
                         net (fo=1, unplaced)         0.965     2.416    kv_reg_n_0_[23][30][15]
                         LUT6 (Prop_lut6_I0_O)        0.295     2.711 r  prod_r0__3_i_4244/O
                         net (fo=1, unplaced)         0.000     2.711    prod_r0__3_i_4244_n_0
                         MUXF7 (Prop_muxf7_I1_O)      0.247     2.958 r  prod_r0__3_i_1842/O
                         net (fo=1, unplaced)         0.735     3.693    prod_r0__3_i_1842_n_0
                         LUT5 (Prop_lut5_I0_O)        0.298     3.991 r  prod_r0__3_i_608/O
                         net (fo=1, unplaced)         0.449     4.440    prod_r0__3_i_608_n_0
                         LUT5 (Prop_lut5_I4_O)        0.124     4.564 r  prod_r0__3_i_192/O
                         net (fo=1, unplaced)         0.000     4.564    prod_r0__3_i_192_n_0
                         MUXF7 (Prop_muxf7_I1_O)      0.247     4.811 r  prod_r0__3_i_53/O
                         net (fo=1, unplaced)         0.735     5.546    prod_r0__3_i_53_n_0
                         LUT6 (Prop_lut6_I0_O)        0.298     5.844 r  prod_r0__3_i_18/O
                         net (fo=1, unplaced)         0.000     5.844    prod_r0__3_i_18_n_0
                         MUXF7 (Prop_muxf7_I1_O)      0.247     6.091 r  prod_r0__3_i_1/O
                         net (fo=15, unplaced)        0.803     6.894    kv[15]
                         DSP48E1 (Prop_dsp48e1_A[29]_P[31])
                                                      4.015    10.909 r  prod_r0__3/P[31]
                         net (fo=1, unplaced)         0.803    11.712    prod_r0__3_n_74
                         LUT4 (Prop_lut4_I3_O)        0.124    11.836 r  prod_r[63]_i_3/O
                         net (fo=17, unplaced)        0.505    12.341    prod_r[63]_i_3_n_0
                         LUT6 (Prop_lut6_I2_O)        0.124    12.465 r  prod_r[31]_i_1/O
                         net (fo=1, unplaced)         0.000    12.465    p_1_in__0[31]
                         FDCE                                         r  prod_r_reg[31]/D
  -------------------------------------------------------------------    -------------------

                         (clock clk rise edge)       10.000    10.000 r  <hidden>
                                                      0.000    10.000 r  clk
                         net (fo=43502, unset)        0.924    10.924    clk
                         FDCE                                         r  prod_r_reg[31]/C
                         clock pessimism              0.000    10.924    <hidden>
                         clock uncertainty           -0.035    10.889    <hidden>
                         FDCE (Setup_fdce_C_D)        0.044    10.933    prod_r_reg[31]
  -------------------------------------------------------------------
                         required time                         10.933    <hidden>
                         arrival time                         -12.465    <hidden>
  -------------------------------------------------------------------
                         slack                                 -1.532    <hidden>





Min Delay Paths
--------------------------------------------------------------------------------------
Slack (MET) :             0.172ns  (arrival time - required time)
  Source:                 qv_wdata_reg[0]/C
                            (rising edge-triggered cell FDRE clocked by clk  {rise@0.000ns fall@5.000ns period=10.000ns})
  Destination:            qv_reg_0_31_0_5/RAMA/I
                            (rising edge-triggered cell RAMD32 clocked by clk  {rise@0.000ns fall@5.000ns period=10.000ns})
  Path Group:             clk
  Path Type:              Hold (Min at Fast Process Corner)
  Requirement:            0.000ns  (clk rise@0.000ns - clk rise@0.000ns)
  Data Path Delay:        0.288ns  (logic 0.147ns (51.079%)  route 0.141ns (48.921%))
  Logic Levels:           0  
  Clock Path Skew:        0.022ns (DCD - SCD - CPR)
    Destination Clock Delay (DCD):    0.432ns
    Source Clock Delay      (SCD):    0.410ns
    Clock Pessimism Removal (CPR):    -0.000ns

    Location             Delay type                Incr(ns)  Path(ns)    Netlist Resource(s)
  -------------------------------------------------------------------    -------------------
                         (clock clk rise edge)        0.000     0.000 r  <hidden>
                                                      0.000     0.000 r  clk
                         net (fo=43502, unset)        0.410     0.410    clk
                         FDRE                                         r  qv_wdata_reg[0]/C
  -------------------------------------------------------------------    -------------------
                         FDRE (Prop_fdre_C_Q)         0.147     0.557 r  qv_wdata_reg[0]/Q
                         net (fo=1, unplaced)         0.141     0.698    qv_reg_0_31_0_5/DIA0
                         RAMD32                                       r  qv_reg_0_31_0_5/RAMA/I
  -------------------------------------------------------------------    -------------------

                         (clock clk rise edge)        0.000     0.000 r  <hidden>
                                                      0.000     0.000 r  clk
                         net (fo=43502, unset)        0.432     0.432    qv_reg_0_31_0_5/WCLK
                         RAMD32                                       r  qv_reg_0_31_0_5/RAMA/CLK
                         clock pessimism              0.000     0.432    <hidden>
                         RAMD32 (Hold_ramd32_CLK_I)
                                                      0.094     0.526    qv_reg_0_31_0_5/RAMA
  -------------------------------------------------------------------
                         required time                         -0.526    <hidden>
                         arrival time                           0.698    <hidden>
  -------------------------------------------------------------------
                         slack                                  0.172    <hidden>





Pulse Width Checks
--------------------------------------------------------------------------------------
Clock Name:         clk
Waveform(ns):       { 0.000 5.000 }
Period(ns):         10.000
Sources:            { clk }

Check Type        Corner  Lib Pin      Reference Pin  Required(ns)  Actual(ns)  Slack(ns)  Location  Pin
Min Period        n/a     DSP48E1/CLK  n/a            2.154         10.000      7.846                u_rq/prod_r0/CLK
Low Pulse Width   Slow    RAMD64E/CLK  n/a            1.250         5.000       3.750                logits_reg_0_63_0_2/RAMA/CLK
High Pulse Width  Slow    RAMD64E/CLK  n/a            1.250         5.000       3.750                logits_reg_0_63_0_2/RAMA/CLK



---------------------------------------------------------------------------------------------------
Path Group:  **async_default**
From Clock:  clk
  To Clock:  clk

Setup :            0  Failing Endpoints,  Worst Slack        6.788ns,  Total Violation        0.000ns
Hold  :            0  Failing Endpoints,  Worst Slack        0.817ns,  Total Violation        0.000ns
---------------------------------------------------------------------------------------------------


Max Delay Paths
--------------------------------------------------------------------------------------
Slack (MET) :             6.788ns  (required time - arrival time)
  Source:                 dmax_reg[0]_P/C
                            (rising edge-triggered cell FDPE clocked by clk  {rise@0.000ns fall@5.000ns period=10.000ns})
  Destination:            dmax_reg[0]_P/PRE
                            (recovery check against rising-edge clock clk  {rise@0.000ns fall@5.000ns period=10.000ns})
  Path Group:             **async_default**
  Path Type:              Recovery (Max at Slow Process Corner)
  Requirement:            10.000ns  (clk rise@10.000ns - clk rise@0.000ns)
  Data Path Delay:        2.734ns  (logic 0.897ns (32.809%)  route 1.837ns (67.191%))
  Logic Levels:           2  (LUT2=1 LUT3=1)
  Clock Path Skew:        -0.049ns (DCD - SCD + CPR)
    Destination Clock Delay (DCD):    0.924ns = ( 10.924 - 10.000 ) 
    Source Clock Delay      (SCD):    0.973ns
    Clock Pessimism Removal (CPR):    0.000ns
  Clock Uncertainty:      0.035ns  ((TSJ^2 + TIJ^2)^1/2 + DJ) / 2 + PE
    Total System Jitter     (TSJ):    0.071ns
    Total Input Jitter      (TIJ):    0.000ns
    Discrete Jitter          (DJ):    0.000ns
    Phase Error              (PE):    0.000ns

    Location             Delay type                Incr(ns)  Path(ns)    Netlist Resource(s)
  -------------------------------------------------------------------    -------------------
                         (clock clk rise edge)        0.000     0.000 r  <hidden>
                                                      0.000     0.000 r  clk
                         net (fo=43502, unset)        0.973     0.973    clk
                         FDPE                                         r  dmax_reg[0]_P/C
  -------------------------------------------------------------------    -------------------
                         FDPE (Prop_fdpe_C_Q)         0.478     1.451 f  dmax_reg[0]_P/Q
                         net (fo=1, unplaced)         0.763     2.214    dmax_reg[0]_P_n_0
                         LUT3 (Prop_lut3_I0_O)        0.295     2.509 f  dmax_inferred__3_i_32/O
                         net (fo=9, unplaced)         0.490     2.999    dmax[0]
                         LUT2 (Prop_lut2_I0_O)        0.124     3.123 f  dmax_reg[0]_LDC_i_1/O
                         net (fo=2, unplaced)         0.584     3.707    dmax_reg[0]_LDC_i_1_n_0
                         FDPE                                         f  dmax_reg[0]_P/PRE
  -------------------------------------------------------------------    -------------------

                         (clock clk rise edge)       10.000    10.000 r  <hidden>
                                                      0.000    10.000 r  clk
                         net (fo=43502, unset)        0.924    10.924    clk
                         FDPE                                         r  dmax_reg[0]_P/C
                         clock pessimism              0.000    10.924    <hidden>
                         clock uncertainty           -0.035    10.889    <hidden>
                         FDPE (Recov_fdpe_C_PRE)     -0.394    10.495    dmax_reg[0]_P
  -------------------------------------------------------------------
                         required time                         10.495    <hidden>
                         arrival time                          -3.707    <hidden>
  -------------------------------------------------------------------
                         slack                                  6.788    <hidden>





Min Delay Paths
--------------------------------------------------------------------------------------
Slack (MET) :             0.817ns  (arrival time - required time)
  Source:                 dmax_reg[0]_C/C
                            (rising edge-triggered cell FDCE clocked by clk  {rise@0.000ns fall@5.000ns period=10.000ns})
  Destination:            dmax_reg[0]_P/PRE
                            (removal check against rising-edge clock clk  {rise@0.000ns fall@5.000ns period=10.000ns})
  Path Group:             **async_default**
  Path Type:              Removal (Min at Fast Process Corner)
  Requirement:            0.000ns  (clk rise@0.000ns - clk rise@0.000ns)
  Data Path Delay:        0.746ns  (logic 0.290ns (38.860%)  route 0.456ns (61.140%))
  Logic Levels:           2  (LUT2=1 LUT3=1)
  Clock Path Skew:        0.022ns (DCD - SCD - CPR)
    Destination Clock Delay (DCD):    0.432ns
    Source Clock Delay      (SCD):    0.410ns
    Clock Pessimism Removal (CPR):    -0.000ns

    Location             Delay type                Incr(ns)  Path(ns)    Netlist Resource(s)
  -------------------------------------------------------------------    -------------------
                         (clock clk rise edge)        0.000     0.000 r  <hidden>
                                                      0.000     0.000 r  clk
                         net (fo=43502, unset)        0.410     0.410    clk
                         FDCE                                         r  dmax_reg[0]_C/C
  -------------------------------------------------------------------    -------------------
                         FDCE (Prop_fdce_C_Q)         0.147     0.557 f  dmax_reg[0]_C/Q
                         net (fo=2, unplaced)         0.136     0.693    dmax_reg[0]_C_n_0
                         LUT3 (Prop_lut3_I2_O)        0.098     0.791 f  dmax_inferred__3_i_32/O
                         net (fo=9, unplaced)         0.207     0.997    dmax[0]
                         LUT2 (Prop_lut2_I0_O)        0.045     1.042 f  dmax_reg[0]_LDC_i_1/O
                         net (fo=2, unplaced)         0.114     1.156    dmax_reg[0]_LDC_i_1_n_0
                         FDPE                                         f  dmax_reg[0]_P/PRE
  -------------------------------------------------------------------    -------------------

                         (clock clk rise edge)        0.000     0.000 r  <hidden>
                                                      0.000     0.000 r  clk
                         net (fo=43502, unset)        0.432     0.432    clk
                         FDPE                                         r  dmax_reg[0]_P/C
                         clock pessimism              0.000     0.432    <hidden>
                         FDPE (Remov_fdpe_C_PRE)     -0.092     0.340    dmax_reg[0]_P
  -------------------------------------------------------------------
                         required time                         -0.340    <hidden>
                         arrival time                           1.156    <hidden>
  -------------------------------------------------------------------
                         slack                                  0.817    <hidden>





