Copyright 1986-2022 Xilinx, Inc. All Rights Reserved. Copyright 2022-2026 Advanced Micro Devices, Inc. All Rights Reserved.
-----------------------------------------------------------------------------------------------------------------------------------------------------------------------------------------------
| Tool Version : Vivado v.2026.1 (win64) Build 6511674 Tue Jun 16 11:02:23 MDT 2026
| Date         : Wed Sep  9 21:45:31 2026
| Host         : laptop-Quan running 64-bit major release  (build 9200)
| Command      : report_timing_summary -file D:/FPGA/FPGG_ART_Y_ASTRA_NATIVE_V1_RESEARCH/results/A7-NATIVE-GRAPH/ASTRA-FINAL-C4-C7-20260909/26_C4_D32_BITEXACT_PHYSICAL/timing_summary_e3g.rpt
| Design       : a7ng_astra_c4_lm06_d32_fr_v2
| Device       : 7a100t-csg324
| Speed File   : -1  PRODUCTION 1.23 2018-06-13
| Design State : Synthesized
-----------------------------------------------------------------------------------------------------------------------------------------------------------------------------------------------

Timing Summary Report

------------------------------------------------------------------------------------------------
| Timer Settings
| --------------
------------------------------------------------------------------------------------------------

  Enable Multi Corner Analysis               :  Yes
  Enable Pessimism Removal                   :  Yes
  Pessimism Removal Resolution               :  Nearest Common Node
  Enable Input Delay Default Clock           :  No
  Enable Preset / Clear Arcs                 :  No
  Disable Flight Delays                      :  No
  Ignore I/O Paths                           :  No
  Timing Early Launch at Borrowing Latches   :  No
  Borrow Time for Max Delay Exceptions       :  Yes
  Merge Timing Exceptions                    :  Yes
  Inter-SLR Compensation                     :  Conservative

  Corner  Analyze    Analyze    
  Name    Max Paths  Min Paths  
  ------  ---------  ---------  
  Slow    Yes        Yes        
  Fast    Yes        Yes        


------------------------------------------------------------------------------------------------
| Report Methodology
| ------------------
------------------------------------------------------------------------------------------------

No report available as report_methodology has not been run prior. Run report_methodology on the current design for the summary of methodology violations.



check_timing report

Table of Contents
-----------------
1. checking no_clock (0)
2. checking constant_clock (0)
3. checking pulse_width_clock (0)
4. checking unconstrained_internal_endpoints (0)
5. checking no_input_delay (133)
6. checking no_output_delay (21)
7. checking multiple_clock (0)
8. checking generated_clocks (0)
9. checking loops (0)
10. checking partial_input_delay (0)
11. checking partial_output_delay (0)
12. checking latch_loops (0)

1. checking no_clock (0)
------------------------
 There are 0 register/latch pins with no clock.


2. checking constant_clock (0)
------------------------------
 There are 0 register/latch pins with constant_clock.


3. checking pulse_width_clock (0)
---------------------------------
 There are 0 register/latch pins which need pulse_width check


4. checking unconstrained_internal_endpoints (0)
------------------------------------------------
 There are 0 pins that are not constrained for maximum delay.

 There are 0 pins that are not constrained for maximum delay due to constant clock.


5. checking no_input_delay (133)
--------------------------------
 There are 133 input ports with no input delay specified. (HIGH)

 There are 0 input ports with no input delay but user has a false path constraint.


6. checking no_output_delay (21)
--------------------------------
 There are 21 ports with no output delay specified. (HIGH)

 There are 0 ports with no output delay but user has a false path constraint

 There are 0 ports with no output delay but with a timing clock defined on it or propagating through it


7. checking multiple_clock (0)
------------------------------
 There are 0 register/latch pins with multiple clocks.


8. checking generated_clocks (0)
--------------------------------
 There are 0 generated clocks that are not connected to a clock source.


9. checking loops (0)
---------------------
 There are 0 combinational loops in the design.


10. checking partial_input_delay (0)
------------------------------------
 There are 0 input ports with partial input delay specified.


11. checking partial_output_delay (0)
-------------------------------------
 There are 0 ports with partial output delay specified.


12. checking latch_loops (0)
----------------------------
 There are 0 combinational latch loops in the design through latch input



------------------------------------------------------------------------------------------------
| Design Timing Summary
| ---------------------
------------------------------------------------------------------------------------------------

    WNS(ns)      TNS(ns)  TNS Failing Endpoints  TNS Total Endpoints      WHS(ns)      THS(ns)  THS Failing Endpoints  THS Total Endpoints     WPWS(ns)     TPWS(ns)  TPWS Failing Endpoints  TPWS Total Endpoints  
    -------      -------  ---------------------  -------------------      -------      -------  ---------------------  -------------------     --------     --------  ----------------------  --------------------  
    -22.718   -60155.836                   3676                88207        0.177        0.000                      0                88207        3.750        0.000                       0                 43009  


Timing constraints are not met.


------------------------------------------------------------------------------------------------
| Clock Summary
| -------------
------------------------------------------------------------------------------------------------

Clock  Waveform(ns)       Period(ns)      Frequency(MHz)
-----  ------------       ----------      --------------
clk    {0.000 5.000}      10.000          100.000         


------------------------------------------------------------------------------------------------
| Intra Clock Table
| -----------------
------------------------------------------------------------------------------------------------

Clock             WNS(ns)      TNS(ns)  TNS Failing Endpoints  TNS Total Endpoints      WHS(ns)      THS(ns)  THS Failing Endpoints  THS Total Endpoints     WPWS(ns)     TPWS(ns)  TPWS Failing Endpoints  TPWS Total Endpoints  
-----             -------      -------  ---------------------  -------------------      -------      -------  ---------------------  -------------------     --------     --------  ----------------------  --------------------  
clk               -22.718   -60155.836                   3676                88207        0.177        0.000                      0                88207        3.750        0.000                       0                 43009  


------------------------------------------------------------------------------------------------
| Inter Clock Table
| -----------------
------------------------------------------------------------------------------------------------

From Clock    To Clock          WNS(ns)      TNS(ns)  TNS Failing Endpoints  TNS Total Endpoints      WHS(ns)      THS(ns)  THS Failing Endpoints  THS Total Endpoints  
----------    --------          -------      -------  ---------------------  -------------------      -------      -------  ---------------------  -------------------  


------------------------------------------------------------------------------------------------
| Other Path Groups Table
| -----------------------
------------------------------------------------------------------------------------------------

Path Group    From Clock    To Clock          WNS(ns)      TNS(ns)  TNS Failing Endpoints  TNS Total Endpoints      WHS(ns)      THS(ns)  THS Failing Endpoints  THS Total Endpoints  
----------    ----------    --------          -------      -------  ---------------------  -------------------      -------      -------  ---------------------  -------------------  


------------------------------------------------------------------------------------------------
| Timing Details
| --------------
------------------------------------------------------------------------------------------------


---------------------------------------------------------------------------------------------------
From Clock:  clk
  To Clock:  clk

Setup :         3676  Failing Endpoints,  Worst Slack      -22.718ns,  Total Violation   -60155.835ns
Hold  :            0  Failing Endpoints,  Worst Slack        0.177ns,  Total Violation        0.000ns
PW    :            0  Failing Endpoints,  Worst Slack        3.750ns,  Total Violation        0.000ns
---------------------------------------------------------------------------------------------------


Max Delay Paths
--------------------------------------------------------------------------------------
Slack (VIOLATED) :        -22.718ns  (required time - arrival time)
  Source:                 di_reg[4]_rep__5/C
                            (rising edge-triggered cell FDCE clocked by clk  {rise@0.000ns fall@5.000ns period=10.000ns})
  Destination:            kv_wdata_reg[0]/D
                            (rising edge-triggered cell FDRE clocked by clk  {rise@0.000ns fall@5.000ns period=10.000ns})
  Path Group:             clk
  Path Type:              Setup (Max at Slow Process Corner)
  Requirement:            10.000ns  (clk rise@10.000ns - clk rise@0.000ns)
  Data Path Delay:        32.678ns  (logic 21.759ns (66.585%)  route 10.919ns (33.415%))
  Logic Levels:           48  (CARRY4=31 DSP48E1=4 LUT1=1 LUT2=1 LUT3=1 LUT4=3 LUT5=1 LUT6=5 MUXF7=1)
  Clock Path Skew:        -0.049ns (DCD - SCD + CPR)
    Destination Clock Delay (DCD):    0.924ns = ( 10.924 - 10.000 ) 
    Source Clock Delay      (SCD):    0.973ns
    Clock Pessimism Removal (CPR):    0.000ns
  Clock Uncertainty:      0.035ns  ((TSJ^2 + TIJ^2)^1/2 + DJ) / 2 + PE
    Total System Jitter     (TSJ):    0.071ns
    Total Input Jitter      (TIJ):    0.000ns
    Discrete Jitter          (DJ):    0.000ns
    Phase Error              (PE):    0.000ns

    Location             Delay type                Incr(ns)  Path(ns)    Netlist Resource(s)
  -------------------------------------------------------------------    -------------------
                         (clock clk rise edge)        0.000     0.000 r  <hidden>
                                                      0.000     0.000 r  clk
                         net (fo=43012, unset)        0.973     0.973    clk
                         FDCE                                         r  di_reg[4]_rep__5/C
  -------------------------------------------------------------------    -------------------
                         FDCE (Prop_fdce_C_Q)         0.478     1.451 r  di_reg[4]_rep__5/Q
                         net (fo=118, unplaced)       0.770     2.221    di_reg[4]_rep__5_n_0
                         CARRY4 (Prop_carry4_S[0]_O[1])
                                                      0.722     2.943 r  g0_b0_i_2/O[1]
                         net (fo=723, unplaced)       0.751     3.694    a03_out[5]
                         LUT6 (Prop_lut6_I5_O)        0.306     4.000 r  g6_b7__1__0/O
                         net (fo=2, unplaced)         0.743     4.743    g6_b7__1__0_n_0
                         LUT6 (Prop_lut6_I1_O)        0.124     4.867 r  acc1__0_i_81/O
                         net (fo=1, unplaced)         0.000     4.867    acc1__0_i_81_n_0
                         MUXF7 (Prop_muxf7_I1_O)      0.247     5.114 r  acc1__0_i_26/O
                         net (fo=1, unplaced)         0.735     5.849    acc1__0_i_26_n_0
                         LUT6 (Prop_lut6_I2_O)        0.298     6.147 r  acc1__0_i_1/O
                         net (fo=22, unplaced)        0.803     6.950    acc1__0_i_1_n_0
                         DSP48E1 (Prop_dsp48e1_B[17]_P[1])
                                                      3.656    10.606 r  val0__1__0/P[1]
                         net (fo=1, unplaced)         0.803    11.409    val0__1__0_n_104
                         LUT2 (Prop_lut2_I1_O)        0.124    11.533 r  c4_rq4_return1__3_i_19/O
                         net (fo=1, unplaced)         0.000    11.533    c4_rq4_return1__3_i_19_n_0
                         CARRY4 (Prop_carry4_S[1]_CO[3])
                                                      0.533    12.066 r  c4_rq4_return1__3_i_4/CO[3]
                         net (fo=1, unplaced)         0.000    12.066    c4_rq4_return1__3_i_4_n_0
                         CARRY4 (Prop_carry4_CI_CO[3])
                                                      0.117    12.183 r  c4_rq4_return1__3_i_3/CO[3]
                         net (fo=1, unplaced)         0.000    12.183    c4_rq4_return1__3_i_3_n_0
                         CARRY4 (Prop_carry4_CI_CO[3])
                                                      0.117    12.300 r  c4_rq4_return1__3_i_2/CO[3]
                         net (fo=1, unplaced)         0.000    12.300    c4_rq4_return1__3_i_2_n_0
                         CARRY4 (Prop_carry4_CI_CO[3])
                                                      0.117    12.417 r  c4_rq4_return1__3_i_1/CO[3]
                         net (fo=1, unplaced)         0.000    12.417    c4_rq4_return1__3_i_1_n_0
                         CARRY4 (Prop_carry4_CI_CO[3])
                                                      0.117    12.534 r  c4_rq4_return1__0_i_5/CO[3]
                         net (fo=1, unplaced)         0.000    12.534    c4_rq4_return1__0_i_5_n_0
                         CARRY4 (Prop_carry4_CI_CO[3])
                                                      0.117    12.651 r  c4_rq4_return1__0_i_4/CO[3]
                         net (fo=1, unplaced)         0.000    12.651    c4_rq4_return1__0_i_4_n_0
                         CARRY4 (Prop_carry4_CI_CO[3])
                                                      0.117    12.768 r  c4_rq4_return1__0_i_3/CO[3]
                         net (fo=1, unplaced)         0.000    12.768    c4_rq4_return1__0_i_3_n_0
                         CARRY4 (Prop_carry4_CI_CO[3])
                                                      0.117    12.885 r  c4_rq4_return1__0_i_2/CO[3]
                         net (fo=1, unplaced)         0.000    12.885    c4_rq4_return1__0_i_2_n_0
                         CARRY4 (Prop_carry4_CI_O[1])
                                                      0.337    13.222 r  c4_rq4_return1__0_i_1/O[1]
                         net (fo=4, unplaced)         0.803    14.025    c4_rq4_return1__0_i_1_n_6
                         DSP48E1 (Prop_dsp48e1_A[16]_PCOUT[47])
                                                      4.215    18.240 r  c4_rq3_return1__0/PCOUT[47]
                         net (fo=1, unplaced)         0.000    18.240    c4_rq3_return1__0_n_106
                         DSP48E1 (Prop_dsp48e1_PCIN[47]_PCOUT[47])
                                                      1.713    19.953 r  c4_rq3_return1__1/PCOUT[47]
                         net (fo=1, unplaced)         0.000    19.953    c4_rq3_return1__1_n_106
                         DSP48E1 (Prop_dsp48e1_PCIN[47]_P[1])
                                                      1.518    21.471 r  c4_rq3_return1__2/P[1]
                         net (fo=3, unplaced)         0.803    22.273    c4_rq3_return1__2_n_104
                         LUT3 (Prop_lut3_I1_O)        0.149    22.422 r  kv_wdata[15]_i_121/O
                         net (fo=2, unplaced)         0.459    22.881    kv_wdata[15]_i_121_n_0
                         LUT4 (Prop_lut4_I3_O)        0.355    23.236 r  kv_wdata[15]_i_125/O
                         net (fo=1, unplaced)         0.000    23.236    kv_wdata[15]_i_125_n_0
                         CARRY4 (Prop_carry4_S[0]_CO[3])
                                                      0.513    23.749 r  kv_wdata_reg[15]_i_70/CO[3]
                         net (fo=1, unplaced)         0.000    23.749    kv_wdata_reg[15]_i_70_n_0
                         CARRY4 (Prop_carry4_CI_CO[3])
                                                      0.117    23.866 r  kv_wdata_reg[15]_i_29/CO[3]
                         net (fo=1, unplaced)         0.000    23.866    kv_wdata_reg[15]_i_29_n_0
                         CARRY4 (Prop_carry4_CI_O[2])
                                                      0.256    24.122 r  kv_wdata_reg[15]_i_8/O[2]
                         net (fo=152, unplaced)       0.562    24.684    c4_rq3_return1__6[63]
                         LUT4 (Prop_lut4_I2_O)        0.293    24.977 r  kv_wdata[0]_i_178/O
                         net (fo=1, unplaced)         0.000    24.977    kv_wdata[0]_i_178_n_0
                         CARRY4 (Prop_carry4_DI[0]_CO[3])
                                                      0.576    25.553 r  kv_wdata_reg[0]_i_137/CO[3]
                         net (fo=1, unplaced)         0.000    25.553    kv_wdata_reg[0]_i_137_n_0
                         CARRY4 (Prop_carry4_CI_CO[3])
                                                      0.117    25.670 r  kv_wdata_reg[0]_i_93/CO[3]
                         net (fo=1, unplaced)         0.000    25.670    kv_wdata_reg[0]_i_93_n_0
                         CARRY4 (Prop_carry4_CI_CO[3])
                                                      0.117    25.787 r  kv_wdata_reg[0]_i_37/CO[3]
                         net (fo=1, unplaced)         0.000    25.787    kv_wdata_reg[0]_i_37_n_0
                         CARRY4 (Prop_carry4_CI_CO[3])
                                                      0.117    25.904 r  kv_wdata_reg[0]_i_14/CO[3]
                         net (fo=1, unplaced)         0.000    25.904    kv_wdata_reg[0]_i_14_n_0
                         CARRY4 (Prop_carry4_CI_CO[3])
                                                      0.117    26.021 r  kv_wdata_reg[0]_i_4/CO[3]
                         net (fo=2, unplaced)         0.759    26.780    kv_wdata_reg[0]_i_4_n_0
                         LUT4 (Prop_lut4_I3_O)        0.124    26.904 r  kv_wdata[0]_i_8/O
                         net (fo=1, unplaced)         0.000    26.904    kv_wdata[0]_i_8_n_0
                         CARRY4 (Prop_carry4_S[0]_CO[3])
                                                      0.513    27.417 r  kv_wdata_reg[0]_i_2/CO[3]
                         net (fo=1, unplaced)         0.000    27.417    kv_wdata_reg[0]_i_2_n_0
                         CARRY4 (Prop_carry4_CI_CO[3])
                                                      0.117    27.534 r  kv_wdata_reg[7]_i_4/CO[3]
                         net (fo=1, unplaced)         0.000    27.534    kv_wdata_reg[7]_i_4_n_0
                         CARRY4 (Prop_carry4_CI_CO[3])
                                                      0.117    27.651 r  kv_wdata_reg[11]_i_4/CO[3]
                         net (fo=1, unplaced)         0.000    27.651    kv_wdata_reg[11]_i_4_n_0
                         CARRY4 (Prop_carry4_CI_CO[3])
                                                      0.117    27.768 r  kv_wdata_reg[15]_i_9/CO[3]
                         net (fo=1, unplaced)         0.000    27.768    kv_wdata_reg[15]_i_9_n_0
                         CARRY4 (Prop_carry4_CI_CO[3])
                                                      0.117    27.885 r  kv_wdata_reg[15]_i_69/CO[3]
                         net (fo=1, unplaced)         0.000    27.885    kv_wdata_reg[15]_i_69_n_0
                         CARRY4 (Prop_carry4_CI_O[2])
                                                      0.256    28.141 f  kv_wdata_reg[15]_i_212/O[2]
                         net (fo=2, unplaced)         0.463    28.604    kv_wdata_reg[15]_i_212_n_5
                         LUT1 (Prop_lut1_I0_O)        0.301    28.905 r  kv_wdata[15]_i_182/O
                         net (fo=1, unplaced)         0.000    28.905    kv_wdata[15]_i_182_n_0
                         CARRY4 (Prop_carry4_S[1]_CO[3])
                                                      0.533    29.438 r  kv_wdata_reg[15]_i_107/CO[3]
                         net (fo=1, unplaced)         0.000    29.438    kv_wdata_reg[15]_i_107_n_0
                         CARRY4 (Prop_carry4_CI_CO[1])
                                                      0.179    29.617 r  kv_wdata_reg[15]_i_63/CO[1]
                         net (fo=58, unplaced)        0.697    30.314    kv_wdata_reg[15]_i_63_n_2
                         LUT6 (Prop_lut6_I1_O)        0.332    30.646 f  kv_wdata[15]_i_237/O
                         net (fo=4, unplaced)         0.473    31.119    kv_wdata[15]_i_237_n_0
                         LUT6 (Prop_lut6_I0_O)        0.124    31.243 r  kv_wdata[15]_i_195/O
                         net (fo=1, unplaced)         0.469    31.712    kv_wdata[15]_i_195_n_0
                         CARRY4 (Prop_carry4_DI[1]_CO[3])
                                                      0.520    32.232 r  kv_wdata_reg[15]_i_164/CO[3]
                         net (fo=1, unplaced)         0.000    32.232    kv_wdata_reg[15]_i_164_n_0
                         CARRY4 (Prop_carry4_CI_CO[3])
                                                      0.117    32.349 r  kv_wdata_reg[15]_i_95/CO[3]
                         net (fo=1, unplaced)         0.000    32.349    kv_wdata_reg[15]_i_95_n_0
                         CARRY4 (Prop_carry4_CI_CO[3])
                                                      0.117    32.466 r  kv_wdata_reg[15]_i_53/CO[3]
                         net (fo=1, unplaced)         0.000    32.466    kv_wdata_reg[15]_i_53_n_0
                         CARRY4 (Prop_carry4_CI_CO[3])
                                                      0.117    32.583 r  kv_wdata_reg[15]_i_13/CO[3]
                         net (fo=1, unplaced)         0.000    32.583    kv_wdata_reg[15]_i_13_n_0
                         CARRY4 (Prop_carry4_CI_CO[3])
                                                      0.117    32.700 r  kv_wdata_reg[15]_i_5/CO[3]
                         net (fo=128, unplaced)       0.827    33.527    kv_wdata_reg[15]_i_5_n_0
                         LUT5 (Prop_lut5_I4_O)        0.124    33.651 r  kv_wdata[0]_i_1/O
                         net (fo=1, unplaced)         0.000    33.651    kv_wdata[0]_i_1_n_0
                         FDRE                                         r  kv_wdata_reg[0]/D
  -------------------------------------------------------------------    -------------------

                         (clock clk rise edge)       10.000    10.000 r  <hidden>
                                                      0.000    10.000 r  clk
                         net (fo=43012, unset)        0.924    10.924    clk
                         FDRE                                         r  kv_wdata_reg[0]/C
                         clock pessimism              0.000    10.924    <hidden>
                         clock uncertainty           -0.035    10.889    <hidden>
                         FDRE (Setup_fdre_C_D)        0.044    10.933    kv_wdata_reg[0]
  -------------------------------------------------------------------
                         required time                         10.933    <hidden>
                         arrival time                         -33.651    <hidden>
  -------------------------------------------------------------------
                         slack                                -22.718    <hidden>





Min Delay Paths
--------------------------------------------------------------------------------------
Slack (MET) :             0.177ns  (arrival time - required time)
  Source:                 qv_wdata_reg[0]/C
                            (rising edge-triggered cell FDRE clocked by clk  {rise@0.000ns fall@5.000ns period=10.000ns})
  Destination:            qv_reg_r1_0_31_0_5/RAMA/I
                            (rising edge-triggered cell RAMD32 clocked by clk  {rise@0.000ns fall@5.000ns period=10.000ns})
  Path Group:             clk
  Path Type:              Hold (Min at Fast Process Corner)
  Requirement:            0.000ns  (clk rise@0.000ns - clk rise@0.000ns)
  Data Path Delay:        0.292ns  (logic 0.147ns (50.269%)  route 0.145ns (49.731%))
  Logic Levels:           0  
  Clock Path Skew:        0.022ns (DCD - SCD - CPR)
    Destination Clock Delay (DCD):    0.432ns
    Source Clock Delay      (SCD):    0.410ns
    Clock Pessimism Removal (CPR):    -0.000ns

    Location             Delay type                Incr(ns)  Path(ns)    Netlist Resource(s)
  -------------------------------------------------------------------    -------------------
                         (clock clk rise edge)        0.000     0.000 r  <hidden>
                                                      0.000     0.000 r  clk
                         net (fo=43012, unset)        0.410     0.410    clk
                         FDRE                                         r  qv_wdata_reg[0]/C
  -------------------------------------------------------------------    -------------------
                         FDRE (Prop_fdre_C_Q)         0.147     0.557 r  qv_wdata_reg[0]/Q
                         net (fo=2, unplaced)         0.145     0.703    qv_reg_r1_0_31_0_5/DIA0
                         RAMD32                                       r  qv_reg_r1_0_31_0_5/RAMA/I
  -------------------------------------------------------------------    -------------------

                         (clock clk rise edge)        0.000     0.000 r  <hidden>
                                                      0.000     0.000 r  clk
                         net (fo=43012, unset)        0.432     0.432    qv_reg_r1_0_31_0_5/WCLK
                         RAMD32                                       r  qv_reg_r1_0_31_0_5/RAMA/CLK
                         clock pessimism              0.000     0.432    <hidden>
                         RAMD32 (Hold_ramd32_CLK_I)
                                                      0.094     0.526    qv_reg_r1_0_31_0_5/RAMA
  -------------------------------------------------------------------
                         required time                         -0.526    <hidden>
                         arrival time                           0.703    <hidden>
  -------------------------------------------------------------------
                         slack                                  0.177    <hidden>





Pulse Width Checks
--------------------------------------------------------------------------------------
Clock Name:         clk
Waveform(ns):       { 0.000 5.000 }
Period(ns):         10.000
Sources:            { clk }

Check Type        Corner  Lib Pin      Reference Pin  Required(ns)  Actual(ns)  Slack(ns)  Location  Pin
Min Period        n/a     DSP48E1/CLK  n/a            2.154         10.000      7.846                u_rq/prod_r0/CLK
Low Pulse Width   Slow    RAMD64E/CLK  n/a            1.250         5.000       3.750                logits_reg_0_63_0_2/RAMA/CLK
High Pulse Width  Slow    RAMD64E/CLK  n/a            1.250         5.000       3.750                logits_reg_0_63_0_2/RAMA/CLK



