Copyright 1986-2022 Xilinx, Inc. All Rights Reserved. Copyright 2022-2026 Advanced Micro Devices, Inc. All Rights Reserved.
-----------------------------------------------------------------------------------------------------------------------------------------------------------------------------------------------
| Tool Version : Vivado v.2026.1 (win64) Build 6511674 Tue Jun 16 11:02:23 MDT 2026
| Date         : Thu Sep 10 14:14:30 2026
| Host         : laptop-Quan running 64-bit major release  (build 9200)
| Command      : report_timing_summary -file D:/FPGA/FPGG_ART_Y_ASTRA_NATIVE_V1_RESEARCH/results/A7-NATIVE-GRAPH/ASTRA-FINAL-C4-C7-20260909/26_C4_D32_BITEXACT_PHYSICAL/timing_summary_e3o.rpt
| Design       : a7ng_astra_c4_lm06_d32_fr_v2
| Device       : 7a100t-csg324
| Speed File   : -1  PRODUCTION 1.23 2018-06-13
| Design State : Synthesized
-----------------------------------------------------------------------------------------------------------------------------------------------------------------------------------------------

Timing Summary Report

------------------------------------------------------------------------------------------------
| Timer Settings
| --------------
------------------------------------------------------------------------------------------------

  Enable Multi Corner Analysis               :  Yes
  Enable Pessimism Removal                   :  Yes
  Pessimism Removal Resolution               :  Nearest Common Node
  Enable Input Delay Default Clock           :  No
  Enable Preset / Clear Arcs                 :  No
  Disable Flight Delays                      :  No
  Ignore I/O Paths                           :  No
  Timing Early Launch at Borrowing Latches   :  No
  Borrow Time for Max Delay Exceptions       :  Yes
  Merge Timing Exceptions                    :  Yes
  Inter-SLR Compensation                     :  Conservative

  Corner  Analyze    Analyze    
  Name    Max Paths  Min Paths  
  ------  ---------  ---------  
  Slow    Yes        Yes        
  Fast    Yes        Yes        


------------------------------------------------------------------------------------------------
| Report Methodology
| ------------------
------------------------------------------------------------------------------------------------

No report available as report_methodology has not been run prior. Run report_methodology on the current design for the summary of methodology violations.



check_timing report

Table of Contents
-----------------
1. checking no_clock (0)
2. checking constant_clock (0)
3. checking pulse_width_clock (0)
4. checking unconstrained_internal_endpoints (0)
5. checking no_input_delay (133)
6. checking no_output_delay (21)
7. checking multiple_clock (0)
8. checking generated_clocks (0)
9. checking loops (0)
10. checking partial_input_delay (0)
11. checking partial_output_delay (0)
12. checking latch_loops (0)

1. checking no_clock (0)
------------------------
 There are 0 register/latch pins with no clock.


2. checking constant_clock (0)
------------------------------
 There are 0 register/latch pins with constant_clock.


3. checking pulse_width_clock (0)
---------------------------------
 There are 0 register/latch pins which need pulse_width check


4. checking unconstrained_internal_endpoints (0)
------------------------------------------------
 There are 0 pins that are not constrained for maximum delay.

 There are 0 pins that are not constrained for maximum delay due to constant clock.


5. checking no_input_delay (133)
--------------------------------
 There are 133 input ports with no input delay specified. (HIGH)

 There are 0 input ports with no input delay but user has a false path constraint.


6. checking no_output_delay (21)
--------------------------------
 There are 21 ports with no output delay specified. (HIGH)

 There are 0 ports with no output delay but user has a false path constraint

 There are 0 ports with no output delay but with a timing clock defined on it or propagating through it


7. checking multiple_clock (0)
------------------------------
 There are 0 register/latch pins with multiple clocks.


8. checking generated_clocks (0)
--------------------------------
 There are 0 generated clocks that are not connected to a clock source.


9. checking loops (0)
---------------------
 There are 0 combinational loops in the design.


10. checking partial_input_delay (0)
------------------------------------
 There are 0 input ports with partial input delay specified.


11. checking partial_output_delay (0)
-------------------------------------
 There are 0 ports with partial output delay specified.


12. checking latch_loops (0)
----------------------------
 There are 0 combinational latch loops in the design through latch input



------------------------------------------------------------------------------------------------
| Design Timing Summary
| ---------------------
------------------------------------------------------------------------------------------------

    WNS(ns)      TNS(ns)  TNS Failing Endpoints  TNS Total Endpoints      WHS(ns)      THS(ns)  THS Failing Endpoints  THS Total Endpoints     WPWS(ns)     TPWS(ns)  TPWS Failing Endpoints  TPWS Total Endpoints  
    -------      -------  ---------------------  -------------------      -------      -------  ---------------------  -------------------     --------     --------  ----------------------  --------------------  
     -5.957    -1884.503                    620                88468        0.172        0.000                      0                88468        3.750        0.000                       0                 43167  


Timing constraints are not met.


------------------------------------------------------------------------------------------------
| Clock Summary
| -------------
------------------------------------------------------------------------------------------------

Clock  Waveform(ns)       Period(ns)      Frequency(MHz)
-----  ------------       ----------      --------------
clk    {0.000 5.000}      10.000          100.000         


------------------------------------------------------------------------------------------------
| Intra Clock Table
| -----------------
------------------------------------------------------------------------------------------------

Clock             WNS(ns)      TNS(ns)  TNS Failing Endpoints  TNS Total Endpoints      WHS(ns)      THS(ns)  THS Failing Endpoints  THS Total Endpoints     WPWS(ns)     TPWS(ns)  TPWS Failing Endpoints  TPWS Total Endpoints  
-----             -------      -------  ---------------------  -------------------      -------      -------  ---------------------  -------------------     --------     --------  ----------------------  --------------------  
clk                -5.957    -1884.503                    620                88468        0.172        0.000                      0                88468        3.750        0.000                       0                 43167  


------------------------------------------------------------------------------------------------
| Inter Clock Table
| -----------------
------------------------------------------------------------------------------------------------

From Clock    To Clock          WNS(ns)      TNS(ns)  TNS Failing Endpoints  TNS Total Endpoints      WHS(ns)      THS(ns)  THS Failing Endpoints  THS Total Endpoints  
----------    --------          -------      -------  ---------------------  -------------------      -------      -------  ---------------------  -------------------  


------------------------------------------------------------------------------------------------
| Other Path Groups Table
| -----------------------
------------------------------------------------------------------------------------------------

Path Group    From Clock    To Clock          WNS(ns)      TNS(ns)  TNS Failing Endpoints  TNS Total Endpoints      WHS(ns)      THS(ns)  THS Failing Endpoints  THS Total Endpoints  
----------    ----------    --------          -------      -------  ---------------------  -------------------      -------      -------  ---------------------  -------------------  


------------------------------------------------------------------------------------------------
| Timing Details
| --------------
------------------------------------------------------------------------------------------------


---------------------------------------------------------------------------------------------------
From Clock:  clk
  To Clock:  clk

Setup :          620  Failing Endpoints,  Worst Slack       -5.957ns,  Total Violation    -1884.503ns
Hold  :            0  Failing Endpoints,  Worst Slack        0.172ns,  Total Violation        0.000ns
PW    :            0  Failing Endpoints,  Worst Slack        3.750ns,  Total Violation        0.000ns
---------------------------------------------------------------------------------------------------


Max Delay Paths
--------------------------------------------------------------------------------------
Slack (VIOLATED) :        -5.957ns  (required time - arrival time)
  Source:                 di_reg[4]_rep/C
                            (rising edge-triggered cell FDCE clocked by clk  {rise@0.000ns fall@5.000ns period=10.000ns})
  Destination:            acc_reg[63]/D
                            (rising edge-triggered cell FDCE clocked by clk  {rise@0.000ns fall@5.000ns period=10.000ns})
  Path Group:             clk
  Path Type:              Setup (Max at Slow Process Corner)
  Requirement:            10.000ns  (clk rise@10.000ns - clk rise@0.000ns)
  Data Path Delay:        15.917ns  (logic 8.951ns (56.236%)  route 6.966ns (43.764%))
  Logic Levels:           27  (CARRY4=17 DSP48E1=1 LUT2=1 LUT3=1 LUT4=1 LUT5=3 LUT6=3)
  Clock Path Skew:        -0.049ns (DCD - SCD + CPR)
    Destination Clock Delay (DCD):    0.924ns = ( 10.924 - 10.000 ) 
    Source Clock Delay      (SCD):    0.973ns
    Clock Pessimism Removal (CPR):    0.000ns
  Clock Uncertainty:      0.035ns  ((TSJ^2 + TIJ^2)^1/2 + DJ) / 2 + PE
    Total System Jitter     (TSJ):    0.071ns
    Total Input Jitter      (TIJ):    0.000ns
    Discrete Jitter          (DJ):    0.000ns
    Phase Error              (PE):    0.000ns

    Location             Delay type                Incr(ns)  Path(ns)    Netlist Resource(s)
  -------------------------------------------------------------------    -------------------
                         (clock clk rise edge)        0.000     0.000 r  <hidden>
                                                      0.000     0.000 r  clk
                         net (fo=43169, unset)        0.973     0.973    clk
                         FDCE                                         r  di_reg[4]_rep/C
  -------------------------------------------------------------------    -------------------
                         FDCE (Prop_fdce_C_Q)         0.478     1.451 r  di_reg[4]_rep/Q
                         net (fo=123, unplaced)       0.771     2.222    di_reg[4]_rep_n_0
                         CARRY4 (Prop_carry4_S[0]_O[2])
                                                      0.839     3.061 r  g0_b0__0__0_i_1/O[2]
                         net (fo=402, unplaced)       0.870     3.931    a05_out[6]
                         LUT6 (Prop_lut6_I0_O)        0.301     4.232 r  acc1__3_i_299/O
                         net (fo=1, unplaced)         0.449     4.681    acc1__3_i_299_n_0
                         LUT3 (Prop_lut3_I2_O)        0.124     4.805 r  acc1__3_i_94/O
                         net (fo=2, unplaced)         0.460     5.265    acc1__3_i_94_n_0
                         LUT5 (Prop_lut5_I4_O)        0.124     5.389 r  acc1__3_i_83/O
                         net (fo=1, unplaced)         0.732     6.121    acc1__3_i_83_n_0
                         LUT6 (Prop_lut6_I0_O)        0.124     6.245 r  acc1__3_i_27/O
                         net (fo=1, unplaced)         0.449     6.694    acc1__3_i_27_n_0
                         LUT4 (Prop_lut4_I0_O)        0.124     6.818 r  acc1__3_i_2/O
                         net (fo=1, unplaced)         0.803     7.621    acc1__3_i_2_n_0
                         DSP48E1 (Prop_dsp48e1_B[6]_P[1])
                                                      3.656    11.277 r  acc1__3/P[1]
                         net (fo=2, unplaced)         0.803    12.080    acc1__3_n_104
                         LUT2 (Prop_lut2_I1_O)        0.124    12.204 r  acc[3]_i_37/O
                         net (fo=1, unplaced)         0.000    12.204    acc[3]_i_37_n_0
                         CARRY4 (Prop_carry4_S[1]_CO[3])
                                                      0.533    12.737 r  acc_reg[3]_i_29/CO[3]
                         net (fo=1, unplaced)         0.000    12.737    acc_reg[3]_i_29_n_0
                         CARRY4 (Prop_carry4_CI_CO[3])
                                                      0.117    12.854 r  acc_reg[7]_i_29/CO[3]
                         net (fo=1, unplaced)         0.000    12.854    acc_reg[7]_i_29_n_0
                         CARRY4 (Prop_carry4_CI_CO[3])
                                                      0.117    12.971 r  acc_reg[11]_i_29/CO[3]
                         net (fo=1, unplaced)         0.000    12.971    acc_reg[11]_i_29_n_0
                         CARRY4 (Prop_carry4_CI_CO[3])
                                                      0.117    13.088 r  acc_reg[15]_i_30/CO[3]
                         net (fo=1, unplaced)         0.000    13.088    acc_reg[15]_i_30_n_0
                         CARRY4 (Prop_carry4_CI_CO[3])
                                                      0.117    13.205 r  acc_reg[19]_i_28/CO[3]
                         net (fo=1, unplaced)         0.000    13.205    acc_reg[19]_i_28_n_0
                         CARRY4 (Prop_carry4_CI_CO[3])
                                                      0.117    13.322 r  acc_reg[23]_i_28/CO[3]
                         net (fo=1, unplaced)         0.000    13.322    acc_reg[23]_i_28_n_0
                         CARRY4 (Prop_carry4_CI_CO[3])
                                                      0.117    13.439 r  acc_reg[27]_i_31/CO[3]
                         net (fo=1, unplaced)         0.000    13.439    acc_reg[27]_i_31_n_0
                         CARRY4 (Prop_carry4_CI_CO[3])
                                                      0.117    13.556 r  acc_reg[31]_i_28/CO[3]
                         net (fo=1, unplaced)         0.000    13.556    acc_reg[31]_i_28_n_0
                         CARRY4 (Prop_carry4_CI_CO[3])
                                                      0.117    13.673 r  acc_reg[35]_i_29/CO[3]
                         net (fo=1, unplaced)         0.000    13.673    acc_reg[35]_i_29_n_0
                         CARRY4 (Prop_carry4_CI_CO[3])
                                                      0.117    13.790 r  acc_reg[39]_i_28/CO[3]
                         net (fo=1, unplaced)         0.000    13.790    acc_reg[39]_i_28_n_0
                         CARRY4 (Prop_carry4_CI_CO[3])
                                                      0.117    13.907 r  acc_reg[43]_i_28/CO[3]
                         net (fo=1, unplaced)         0.000    13.907    acc_reg[43]_i_28_n_0
                         CARRY4 (Prop_carry4_CI_CO[3])
                                                      0.117    14.024 r  acc_reg[47]_i_28/CO[3]
                         net (fo=1, unplaced)         0.000    14.024    acc_reg[47]_i_28_n_0
                         CARRY4 (Prop_carry4_CI_CO[3])
                                                      0.117    14.141 r  acc_reg[51]_i_28/CO[3]
                         net (fo=1, unplaced)         0.000    14.141    acc_reg[51]_i_28_n_0
                         CARRY4 (Prop_carry4_CI_CO[3])
                                                      0.117    14.258 r  acc_reg[55]_i_28/CO[3]
                         net (fo=1, unplaced)         0.000    14.258    acc_reg[55]_i_28_n_0
                         CARRY4 (Prop_carry4_CI_CO[3])
                                                      0.117    14.375 r  acc_reg[59]_i_28/CO[3]
                         net (fo=1, unplaced)         0.000    14.375    acc_reg[59]_i_28_n_0
                         CARRY4 (Prop_carry4_CI_O[3])
                                                      0.331    14.706 r  acc_reg[63]_i_32/O[3]
                         net (fo=1, unplaced)         0.448    15.154    acc_reg[63]_i_32_n_4
                         LUT5 (Prop_lut5_I0_O)        0.307    15.461 r  acc[63]_i_14/O
                         net (fo=1, unplaced)         0.732    16.193    acc[63]_i_14_n_0
                         LUT5 (Prop_lut5_I1_O)        0.124    16.317 r  acc[63]_i_5/O
                         net (fo=1, unplaced)         0.449    16.766    acc[63]_i_5_n_0
                         LUT6 (Prop_lut6_I4_O)        0.124    16.890 r  acc[63]_i_1/O
                         net (fo=1, unplaced)         0.000    16.890    acc7_out[63]
                         FDCE                                         r  acc_reg[63]/D
  -------------------------------------------------------------------    -------------------

                         (clock clk rise edge)       10.000    10.000 r  <hidden>
                                                      0.000    10.000 r  clk
                         net (fo=43169, unset)        0.924    10.924    clk
                         FDCE                                         r  acc_reg[63]/C
                         clock pessimism              0.000    10.924    <hidden>
                         clock uncertainty           -0.035    10.889    <hidden>
                         FDCE (Setup_fdce_C_D)        0.044    10.933    acc_reg[63]
  -------------------------------------------------------------------
                         required time                         10.933    <hidden>
                         arrival time                         -16.890    <hidden>
  -------------------------------------------------------------------
                         slack                                 -5.957    <hidden>





Min Delay Paths
--------------------------------------------------------------------------------------
Slack (MET) :             0.172ns  (arrival time - required time)
  Source:                 qv_wdata_reg[0]/C
                            (rising edge-triggered cell FDRE clocked by clk  {rise@0.000ns fall@5.000ns period=10.000ns})
  Destination:            qv_reg_0_31_0_5/RAMA/I
                            (rising edge-triggered cell RAMD32 clocked by clk  {rise@0.000ns fall@5.000ns period=10.000ns})
  Path Group:             clk
  Path Type:              Hold (Min at Fast Process Corner)
  Requirement:            0.000ns  (clk rise@0.000ns - clk rise@0.000ns)
  Data Path Delay:        0.288ns  (logic 0.147ns (51.079%)  route 0.141ns (48.921%))
  Logic Levels:           0  
  Clock Path Skew:        0.022ns (DCD - SCD - CPR)
    Destination Clock Delay (DCD):    0.432ns
    Source Clock Delay      (SCD):    0.410ns
    Clock Pessimism Removal (CPR):    -0.000ns

    Location             Delay type                Incr(ns)  Path(ns)    Netlist Resource(s)
  -------------------------------------------------------------------    -------------------
                         (clock clk rise edge)        0.000     0.000 r  <hidden>
                                                      0.000     0.000 r  clk
                         net (fo=43169, unset)        0.410     0.410    clk
                         FDRE                                         r  qv_wdata_reg[0]/C
  -------------------------------------------------------------------    -------------------
                         FDRE (Prop_fdre_C_Q)         0.147     0.557 r  qv_wdata_reg[0]/Q
                         net (fo=1, unplaced)         0.141     0.698    qv_reg_0_31_0_5/DIA0
                         RAMD32                                       r  qv_reg_0_31_0_5/RAMA/I
  -------------------------------------------------------------------    -------------------

                         (clock clk rise edge)        0.000     0.000 r  <hidden>
                                                      0.000     0.000 r  clk
                         net (fo=43169, unset)        0.432     0.432    qv_reg_0_31_0_5/WCLK
                         RAMD32                                       r  qv_reg_0_31_0_5/RAMA/CLK
                         clock pessimism              0.000     0.432    <hidden>
                         RAMD32 (Hold_ramd32_CLK_I)
                                                      0.094     0.526    qv_reg_0_31_0_5/RAMA
  -------------------------------------------------------------------
                         required time                         -0.526    <hidden>
                         arrival time                           0.698    <hidden>
  -------------------------------------------------------------------
                         slack                                  0.172    <hidden>





Pulse Width Checks
--------------------------------------------------------------------------------------
Clock Name:         clk
Waveform(ns):       { 0.000 5.000 }
Period(ns):         10.000
Sources:            { clk }

Check Type        Corner  Lib Pin      Reference Pin  Required(ns)  Actual(ns)  Slack(ns)  Location  Pin
Min Period        n/a     DSP48E1/CLK  n/a            2.154         10.000      7.846                u_rq/prod_r0/CLK
Low Pulse Width   Slow    RAMD64E/CLK  n/a            1.250         5.000       3.750                logits_reg_0_63_0_2/RAMA/CLK
High Pulse Width  Slow    RAMD64E/CLK  n/a            1.250         5.000       3.750                logits_reg_0_63_0_2/RAMA/CLK



