Copyright 1986-2022 Xilinx, Inc. All Rights Reserved. Copyright 2022-2026 Advanced Micro Devices, Inc. All Rights Reserved.
-----------------------------------------------------------------------------------------------------------------------------------------------------------------------------------------------
| Tool Version : Vivado v.2026.1 (win64) Build 6511674 Tue Jun 16 11:02:23 MDT 2026
| Date         : Wed Sep  9 18:53:35 2026
| Host         : laptop-Quan running 64-bit major release  (build 9200)
| Command      : report_timing_summary -file D:/FPGA/FPGG_ART_Y_ASTRA_NATIVE_V1_RESEARCH/results/A7-NATIVE-GRAPH/ASTRA-FINAL-C4-C7-20260909/26_C4_D32_BITEXACT_PHYSICAL/timing_summary_e3a.rpt
| Design       : a7ng_astra_c4_lm06_d32_fr_v2
| Device       : 7a100t-csg324
| Speed File   : -1  PRODUCTION 1.23 2018-06-13
| Design State : Synthesized
-----------------------------------------------------------------------------------------------------------------------------------------------------------------------------------------------

Timing Summary Report

------------------------------------------------------------------------------------------------
| Timer Settings
| --------------
------------------------------------------------------------------------------------------------

  Enable Multi Corner Analysis               :  Yes
  Enable Pessimism Removal                   :  Yes
  Pessimism Removal Resolution               :  Nearest Common Node
  Enable Input Delay Default Clock           :  No
  Enable Preset / Clear Arcs                 :  No
  Disable Flight Delays                      :  No
  Ignore I/O Paths                           :  No
  Timing Early Launch at Borrowing Latches   :  No
  Borrow Time for Max Delay Exceptions       :  Yes
  Merge Timing Exceptions                    :  Yes
  Inter-SLR Compensation                     :  Conservative

  Corner  Analyze    Analyze    
  Name    Max Paths  Min Paths  
  ------  ---------  ---------  
  Slow    Yes        Yes        
  Fast    Yes        Yes        


------------------------------------------------------------------------------------------------
| Report Methodology
| ------------------
------------------------------------------------------------------------------------------------

No report available as report_methodology has not been run prior. Run report_methodology on the current design for the summary of methodology violations.



check_timing report

Table of Contents
-----------------
1. checking no_clock (0)
2. checking constant_clock (0)
3. checking pulse_width_clock (0)
4. checking unconstrained_internal_endpoints (0)
5. checking no_input_delay (133)
6. checking no_output_delay (21)
7. checking multiple_clock (0)
8. checking generated_clocks (0)
9. checking loops (0)
10. checking partial_input_delay (0)
11. checking partial_output_delay (0)
12. checking latch_loops (0)

1. checking no_clock (0)
------------------------
 There are 0 register/latch pins with no clock.


2. checking constant_clock (0)
------------------------------
 There are 0 register/latch pins with constant_clock.


3. checking pulse_width_clock (0)
---------------------------------
 There are 0 register/latch pins which need pulse_width check


4. checking unconstrained_internal_endpoints (0)
------------------------------------------------
 There are 0 pins that are not constrained for maximum delay.

 There are 0 pins that are not constrained for maximum delay due to constant clock.


5. checking no_input_delay (133)
--------------------------------
 There are 133 input ports with no input delay specified. (HIGH)

 There are 0 input ports with no input delay but user has a false path constraint.


6. checking no_output_delay (21)
--------------------------------
 There are 21 ports with no output delay specified. (HIGH)

 There are 0 ports with no output delay but user has a false path constraint

 There are 0 ports with no output delay but with a timing clock defined on it or propagating through it


7. checking multiple_clock (0)
------------------------------
 There are 0 register/latch pins with multiple clocks.


8. checking generated_clocks (0)
--------------------------------
 There are 0 generated clocks that are not connected to a clock source.


9. checking loops (0)
---------------------
 There are 0 combinational loops in the design.


10. checking partial_input_delay (0)
------------------------------------
 There are 0 input ports with partial input delay specified.


11. checking partial_output_delay (0)
-------------------------------------
 There are 0 ports with partial output delay specified.


12. checking latch_loops (0)
----------------------------
 There are 0 combinational latch loops in the design through latch input



------------------------------------------------------------------------------------------------
| Design Timing Summary
| ---------------------
------------------------------------------------------------------------------------------------

     WNS(ns)       TNS(ns)  TNS Failing Endpoints  TNS Total Endpoints       WHS(ns)       THS(ns)  THS Failing Endpoints  THS Total Endpoints      WPWS(ns)      TPWS(ns)  TPWS Failing Endpoints  TPWS Total Endpoints  
     -------       -------  ---------------------  -------------------       -------       -------  ---------------------  -------------------      --------      --------  ----------------------  --------------------  
     -83.427  -1364570.250                  62840               114636         0.213         0.000                      0               114636         4.500         0.000                       0                 50872  


Timing constraints are not met.


------------------------------------------------------------------------------------------------
| Clock Summary
| -------------
------------------------------------------------------------------------------------------------

Clock  Waveform(ns)       Period(ns)      Frequency(MHz)
-----  ------------       ----------      --------------
clk    {0.000 5.000}      10.000          100.000         


------------------------------------------------------------------------------------------------
| Intra Clock Table
| -----------------
------------------------------------------------------------------------------------------------

Clock              WNS(ns)       TNS(ns)  TNS Failing Endpoints  TNS Total Endpoints       WHS(ns)       THS(ns)  THS Failing Endpoints  THS Total Endpoints      WPWS(ns)      TPWS(ns)  TPWS Failing Endpoints  TPWS Total Endpoints  
-----              -------       -------  ---------------------  -------------------       -------       -------  ---------------------  -------------------      --------      --------  ----------------------  --------------------  
clk                -83.427  -1364570.250                  62840               114636         0.213         0.000                      0               114636         4.500         0.000                       0                 50872  


------------------------------------------------------------------------------------------------
| Inter Clock Table
| -----------------
------------------------------------------------------------------------------------------------

From Clock    To Clock          WNS(ns)      TNS(ns)  TNS Failing Endpoints  TNS Total Endpoints      WHS(ns)      THS(ns)  THS Failing Endpoints  THS Total Endpoints  
----------    --------          -------      -------  ---------------------  -------------------      -------      -------  ---------------------  -------------------  


------------------------------------------------------------------------------------------------
| Other Path Groups Table
| -----------------------
------------------------------------------------------------------------------------------------

Path Group    From Clock    To Clock          WNS(ns)      TNS(ns)  TNS Failing Endpoints  TNS Total Endpoints      WHS(ns)      THS(ns)  THS Failing Endpoints  THS Total Endpoints  
----------    ----------    --------          -------      -------  ---------------------  -------------------      -------      -------  ---------------------  -------------------  


------------------------------------------------------------------------------------------------
| Timing Details
| --------------
------------------------------------------------------------------------------------------------


---------------------------------------------------------------------------------------------------
From Clock:  clk
  To Clock:  clk

Setup :        62840  Failing Endpoints,  Worst Slack      -83.427ns,  Total Violation -1364570.227ns
Hold  :            0  Failing Endpoints,  Worst Slack        0.213ns,  Total Violation        0.000ns
PW    :            0  Failing Endpoints,  Worst Slack        4.500ns,  Total Violation        0.000ns
---------------------------------------------------------------------------------------------------


Max Delay Paths
--------------------------------------------------------------------------------------
Slack (VIOLATED) :        -83.427ns  (required time - arrival time)
  Source:                 elut_reg[11][5]/C
                            (rising edge-triggered cell FDRE clocked by clk  {rise@0.000ns fall@5.000ns period=10.000ns})
  Destination:            acc1__0__0/B[14]
                            (rising edge-triggered cell DSP48E1 clocked by clk  {rise@0.000ns fall@5.000ns period=10.000ns})
  Path Group:             clk
  Path Type:              Setup (Max at Slow Process Corner)
  Requirement:            10.000ns  (clk rise@10.000ns - clk rise@0.000ns)
  Data Path Delay:        92.893ns  (logic 66.809ns (71.921%)  route 26.084ns (28.080%))
  Logic Levels:           319  (CARRY4=305 LUT1=2 LUT2=2 LUT3=2 LUT4=2 LUT5=2 LUT6=4)
  Clock Path Skew:        -0.049ns (DCD - SCD + CPR)
    Destination Clock Delay (DCD):    0.924ns = ( 10.924 - 10.000 ) 
    Source Clock Delay      (SCD):    0.973ns
    Clock Pessimism Removal (CPR):    0.000ns
  Clock Uncertainty:      0.035ns  ((TSJ^2 + TIJ^2)^1/2 + DJ) / 2 + PE
    Total System Jitter     (TSJ):    0.071ns
    Total Input Jitter      (TIJ):    0.000ns
    Discrete Jitter          (DJ):    0.000ns
    Phase Error              (PE):    0.000ns

    Location             Delay type                Incr(ns)  Path(ns)    Netlist Resource(s)
  -------------------------------------------------------------------    -------------------
                         (clock clk rise edge)        0.000     0.000 r  <hidden>
                                                      0.000     0.000 r  clk
                         net (fo=50877, unset)        0.973     0.973    clk
                         FDRE                                         r  elut_reg[11][5]/C
  -------------------------------------------------------------------    -------------------
                         FDRE (Prop_fdre_C_Q)         0.478     1.451 r  elut_reg[11][5]/Q
                         net (fo=1, unplaced)         0.965     2.416    elut_reg[11][5]
                         LUT6 (Prop_lut6_I0_O)        0.295     2.711 r  eden[7]_i_31/O
                         net (fo=1, unplaced)         0.732     3.443    eden[7]_i_31_n_0
                         LUT6 (Prop_lut6_I1_O)        0.124     3.567 f  eden[7]_i_20/O
                         net (fo=1, unplaced)         0.449     4.016    eden[7]_i_20_n_0
                         LUT5 (Prop_lut5_I0_O)        0.124     4.140 r  eden[7]_i_11/O
                         net (fo=16, unplaced)        0.503     4.643    elut[5]
                         LUT6 (Prop_lut6_I5_O)        0.124     4.767 r  attn[1][31]_i_476/O
                         net (fo=1, unplaced)         0.000     4.767    attn[1][31]_i_476_n_0
                         CARRY4 (Prop_carry4_S[1]_CO[3])
                                                      0.533     5.300 r  attn_reg[1][31]_i_443/CO[3]
                         net (fo=1, unplaced)         0.000     5.300    attn_reg[1][31]_i_443_n_0
                         CARRY4 (Prop_carry4_CI_O[1])
                                                      0.337     5.637 r  attn_reg[1][31]_i_389/O[1]
                         net (fo=2, unplaced)         0.622     6.259    attn_reg[1][31]_i_389_n_6
                         LUT3 (Prop_lut3_I2_O)        0.306     6.565 r  attn[1][31]_i_364/O
                         net (fo=2, unplaced)         0.460     7.025    attn[1][31]_i_364_n_0
                         LUT4 (Prop_lut4_I3_O)        0.124     7.149 r  attn[1][31]_i_368/O
                         net (fo=1, unplaced)         0.000     7.149    attn[1][31]_i_368_n_0
                         CARRY4 (Prop_carry4_S[1]_CO[3])
                                                      0.533     7.682 r  attn_reg[1][31]_i_294/CO[3]
                         net (fo=1, unplaced)         0.000     7.682    attn_reg[1][31]_i_294_n_0
                         CARRY4 (Prop_carry4_CI_O[1])
                                                      0.337     8.019 r  attn_reg[1][31]_i_241/O[1]
                         net (fo=2, unplaced)         0.323     8.342    attn_reg[1][31]_i_241_n_6
                         LUT3 (Prop_lut3_I2_O)        0.306     8.648 r  attn[1][31]_i_180/O
                         net (fo=2, unplaced)         0.460     9.108    attn[1][31]_i_180_n_0
                         LUT4 (Prop_lut4_I3_O)        0.124     9.232 r  attn[1][31]_i_184/O
                         net (fo=1, unplaced)         0.000     9.232    attn[1][31]_i_184_n_0
                         CARRY4 (Prop_carry4_S[1]_CO[3])
                                                      0.533     9.765 r  attn_reg[1][31]_i_139/CO[3]
                         net (fo=1, unplaced)         0.000     9.765    attn_reg[1][31]_i_139_n_0
                         CARRY4 (Prop_carry4_CI_O[1])
                                                      0.337    10.102 r  attn_reg[1][31]_i_83/O[1]
                         net (fo=2, unplaced)         0.323    10.425    psum7[25]
                         LUT2 (Prop_lut2_I0_O)        0.306    10.731 r  attn[1][31]_i_86/O
                         net (fo=1, unplaced)         0.000    10.731    attn[1][31]_i_86_n_0
                         CARRY4 (Prop_carry4_S[1]_CO[3])
                                                      0.533    11.264 r  attn_reg[1][31]_i_49/CO[3]
                         net (fo=1, unplaced)         0.000    11.264    attn_reg[1][31]_i_49_n_0
                         CARRY4 (Prop_carry4_CI_O[2])
                                                      0.256    11.520 f  attn_reg[1][31]_i_26/O[2]
                         net (fo=3, unplaced)         0.470    11.990    attn_reg[1][31]_i_26_n_5
                         LUT1 (Prop_lut1_I0_O)        0.301    12.291 r  attn[1][31]_i_479/O
                         net (fo=1, unplaced)         0.000    12.291    attn[1][31]_i_479_n_0
                         CARRY4 (Prop_carry4_S[1]_O[2])
                                                      0.578    12.869 r  attn_reg[1][31]_i_448/O[2]
                         net (fo=2, unplaced)         0.463    13.332    attn_reg[1][31]_i_448_n_5
                         LUT2 (Prop_lut2_I1_O)        0.293    13.625 r  attn[1][31]_i_397/O
                         net (fo=1, unplaced)         0.000    13.625    attn[1][31]_i_397_n_0
                         CARRY4 (Prop_carry4_DI[0]_CO[3])
                                                      0.576    14.201 r  attn_reg[1][31]_i_332/CO[3]
                         net (fo=1, unplaced)         0.000    14.201    attn_reg[1][31]_i_332_n_0
                         CARRY4 (Prop_carry4_CI_CO[3])
                                                      0.117    14.318 r  attn_reg[1][31]_i_266/CO[3]
                         net (fo=1, unplaced)         0.000    14.318    attn_reg[1][31]_i_266_n_0
                         CARRY4 (Prop_carry4_CI_CO[3])
                                                      0.117    14.435 r  attn_reg[1][31]_i_213/CO[3]
                         net (fo=1, unplaced)         0.000    14.435    attn_reg[1][31]_i_213_n_0
                         CARRY4 (Prop_carry4_CI_CO[3])
                                                      0.117    14.552 r  attn_reg[1][31]_i_158/CO[3]
                         net (fo=1, unplaced)         0.000    14.552    attn_reg[1][31]_i_158_n_0
                         CARRY4 (Prop_carry4_CI_CO[3])
                                                      0.117    14.669 r  attn_reg[1][31]_i_124/CO[3]
                         net (fo=1, unplaced)         0.000    14.669    attn_reg[1][31]_i_124_n_0
                         CARRY4 (Prop_carry4_CI_CO[3])
                                                      0.117    14.786 r  attn_reg[1][31]_i_72/CO[3]
                         net (fo=1, unplaced)         0.000    14.786    attn_reg[1][31]_i_72_n_0
                         CARRY4 (Prop_carry4_CI_CO[3])
                                                      0.117    14.903 r  attn_reg[1][31]_i_40/CO[3]
                         net (fo=1, unplaced)         0.000    14.903    attn_reg[1][31]_i_40_n_0
                         CARRY4 (Prop_carry4_CI_CO[3])
                                                      0.117    15.020 r  attn_reg[1][31]_i_25/CO[3]
                         net (fo=1, unplaced)         0.000    15.020    attn_reg[1][31]_i_25_n_0
                         CARRY4 (Prop_carry4_CI_CO[0])
                                                      0.281    15.301 r  attn_reg[1][31]_i_10/CO[0]
                         net (fo=38, unplaced)        0.386    15.687    psum3[31]
                         LUT5 (Prop_lut5_I0_O)        0.367    16.054 r  attn[1][30]_i_48/O
                         net (fo=1, unplaced)         0.000    16.054    attn[1][30]_i_48_n_0
                         CARRY4 (Prop_carry4_S[1]_CO[3])
                                                      0.533    16.587 r  attn_reg[1][30]_i_40/CO[3]
                         net (fo=1, unplaced)         0.000    16.587    attn_reg[1][30]_i_40_n_0
                         CARRY4 (Prop_carry4_CI_CO[3])
                                                      0.117    16.704 r  attn_reg[1][30]_i_35/CO[3]
                         net (fo=1, unplaced)         0.000    16.704    attn_reg[1][30]_i_35_n_0
                         CARRY4 (Prop_carry4_CI_CO[3])
                                                      0.117    16.821 r  attn_reg[1][30]_i_30/CO[3]
                         net (fo=1, unplaced)         0.000    16.821    attn_reg[1][30]_i_30_n_0
                         CARRY4 (Prop_carry4_CI_CO[3])
                                                      0.117    16.938 r  attn_reg[1][30]_i_25/CO[3]
                         net (fo=1, unplaced)         0.000    16.938    attn_reg[1][30]_i_25_n_0
                         CARRY4 (Prop_carry4_CI_CO[3])
                                                      0.117    17.055 r  attn_reg[1][30]_i_20/CO[3]
                         net (fo=1, unplaced)         0.000    17.055    attn_reg[1][30]_i_20_n_0
                         CARRY4 (Prop_carry4_CI_CO[3])
                                                      0.117    17.172 r  attn_reg[1][30]_i_12/CO[3]
                         net (fo=1, unplaced)         0.000    17.172    attn_reg[1][30]_i_12_n_0
                         CARRY4 (Prop_carry4_CI_CO[3])
                                                      0.117    17.289 r  attn_reg[1][30]_i_6/CO[3]
                         net (fo=1, unplaced)         0.000    17.289    attn_reg[1][30]_i_6_n_0
                         CARRY4 (Prop_carry4_CI_CO[3])
                                                      0.117    17.406 r  attn_reg[1][30]_i_3/CO[3]
                         net (fo=1, unplaced)         0.000    17.406    attn_reg[1][30]_i_3_n_0
                         CARRY4 (Prop_carry4_CI_CO[1])
                                                      0.179    17.585 r  attn_reg[1][30]_i_2/CO[1]
                         net (fo=38, unplaced)        0.600    18.185    psum3[30]
                         CARRY4 (Prop_carry4_CYINIT_CO[3])
                                                      0.803    18.988 r  attn_reg[1][29]_i_36/CO[3]
                         net (fo=1, unplaced)         0.000    18.988    attn_reg[1][29]_i_36_n_0
                         CARRY4 (Prop_carry4_CI_CO[3])
                                                      0.117    19.105 r  attn_reg[1][29]_i_31/CO[3]
                         net (fo=1, unplaced)         0.000    19.105    attn_reg[1][29]_i_31_n_0
                         CARRY4 (Prop_carry4_CI_CO[3])
                                                      0.117    19.222 r  attn_reg[1][29]_i_26/CO[3]
                         net (fo=1, unplaced)         0.000    19.222    attn_reg[1][29]_i_26_n_0
                         CARRY4 (Prop_carry4_CI_CO[3])
                                                      0.117    19.339 r  attn_reg[1][29]_i_21/CO[3]
                         net (fo=1, unplaced)         0.000    19.339    attn_reg[1][29]_i_21_n_0
                         CARRY4 (Prop_carry4_CI_CO[3])
                                                      0.117    19.456 r  attn_reg[1][29]_i_16/CO[3]
                         net (fo=1, unplaced)         0.000    19.456    attn_reg[1][29]_i_16_n_0
                         CARRY4 (Prop_carry4_CI_CO[3])
                                                      0.117    19.573 r  attn_reg[1][29]_i_11/CO[3]
                         net (fo=1, unplaced)         0.000    19.573    attn_reg[1][29]_i_11_n_0
                         CARRY4 (Prop_carry4_CI_CO[3])
                                                      0.117    19.690 r  attn_reg[1][29]_i_6/CO[3]
                         net (fo=1, unplaced)         0.000    19.690    attn_reg[1][29]_i_6_n_0
                         CARRY4 (Prop_carry4_CI_CO[3])
                                                      0.117    19.807 r  attn_reg[1][29]_i_3/CO[3]
                         net (fo=1, unplaced)         0.000    19.807    attn_reg[1][29]_i_3_n_0
                         CARRY4 (Prop_carry4_CI_CO[1])
                                                      0.179    19.986 r  attn_reg[1][29]_i_2/CO[1]
                         net (fo=38, unplaced)        0.600    20.586    psum3[29]
                         CARRY4 (Prop_carry4_CYINIT_CO[3])
                                                      0.803    21.389 r  attn_reg[1][28]_i_41/CO[3]
                         net (fo=1, unplaced)         0.000    21.389    attn_reg[1][28]_i_41_n_0
                         CARRY4 (Prop_carry4_CI_CO[3])
                                                      0.117    21.506 r  attn_reg[1][28]_i_36/CO[3]
                         net (fo=1, unplaced)         0.000    21.506    attn_reg[1][28]_i_36_n_0
                         CARRY4 (Prop_carry4_CI_CO[3])
                                                      0.117    21.623 r  attn_reg[1][28]_i_31/CO[3]
                         net (fo=1, unplaced)         0.000    21.623    attn_reg[1][28]_i_31_n_0
                         CARRY4 (Prop_carry4_CI_CO[3])
                                                      0.117    21.740 r  attn_reg[1][28]_i_26/CO[3]
                         net (fo=1, unplaced)         0.000    21.740    attn_reg[1][28]_i_26_n_0
                         CARRY4 (Prop_carry4_CI_CO[3])
                                                      0.117    21.857 r  attn_reg[1][28]_i_21/CO[3]
                         net (fo=1, unplaced)         0.000    21.857    attn_reg[1][28]_i_21_n_0
                         CARRY4 (Prop_carry4_CI_CO[3])
                                                      0.117    21.974 r  attn_reg[1][28]_i_16/CO[3]
                         net (fo=1, unplaced)         0.000    21.974    attn_reg[1][28]_i_16_n_0
                         CARRY4 (Prop_carry4_CI_CO[3])
                                                      0.117    22.091 r  attn_reg[1][28]_i_11/CO[3]
                         net (fo=1, unplaced)         0.000    22.091    attn_reg[1][28]_i_11_n_0
                         CARRY4 (Prop_carry4_CI_CO[3])
                                                      0.117    22.208 r  attn_reg[1][28]_i_4/CO[3]
                         net (fo=1, unplaced)         0.000    22.208    attn_reg[1][28]_i_4_n_0
                         CARRY4 (Prop_carry4_CI_CO[1])
                                                      0.179    22.387 r  attn_reg[1][28]_i_2/CO[1]
                         net (fo=38, unplaced)        0.600    22.987    psum3[28]
                         CARRY4 (Prop_carry4_CYINIT_CO[3])
                                                      0.803    23.790 r  attn_reg[1][27]_i_85/CO[3]
                         net (fo=1, unplaced)         0.000    23.790    attn_reg[1][27]_i_85_n_0
                         CARRY4 (Prop_carry4_CI_CO[3])
                                                      0.117    23.907 r  attn_reg[1][27]_i_80/CO[3]
                         net (fo=1, unplaced)         0.000    23.907    attn_reg[1][27]_i_80_n_0
                         CARRY4 (Prop_carry4_CI_CO[3])
                                                      0.117    24.024 r  attn_reg[1][27]_i_75/CO[3]
                         net (fo=1, unplaced)         0.000    24.024    attn_reg[1][27]_i_75_n_0
                         CARRY4 (Prop_carry4_CI_CO[3])
                                                      0.117    24.141 r  attn_reg[1][27]_i_70/CO[3]
                         net (fo=1, unplaced)         0.000    24.141    attn_reg[1][27]_i_70_n_0
                         CARRY4 (Prop_carry4_CI_CO[3])
                                                      0.117    24.258 r  attn_reg[1][27]_i_65/CO[3]
                         net (fo=1, unplaced)         0.000    24.258    attn_reg[1][27]_i_65_n_0
                         CARRY4 (Prop_carry4_CI_CO[3])
                                                      0.117    24.375 r  attn_reg[1][27]_i_36/CO[3]
                         net (fo=1, unplaced)         0.000    24.375    attn_reg[1][27]_i_36_n_0
                         CARRY4 (Prop_carry4_CI_CO[3])
                                                      0.117    24.492 r  attn_reg[1][27]_i_19/CO[3]
                         net (fo=1, unplaced)         0.000    24.492    attn_reg[1][27]_i_19_n_0
                         CARRY4 (Prop_carry4_CI_CO[3])
                                                      0.117    24.609 r  attn_reg[1][27]_i_12/CO[3]
                         net (fo=1, unplaced)         0.000    24.609    attn_reg[1][27]_i_12_n_0
                         CARRY4 (Prop_carry4_CI_CO[1])
                                                      0.179    24.788 r  attn_reg[1][27]_i_3/CO[1]
                         net (fo=38, unplaced)        0.600    25.388    psum3[27]
                         CARRY4 (Prop_carry4_CYINIT_CO[3])
                                                      0.803    26.191 r  attn_reg[1][26]_i_36/CO[3]
                         net (fo=1, unplaced)         0.000    26.191    attn_reg[1][26]_i_36_n_0
                         CARRY4 (Prop_carry4_CI_CO[3])
                                                      0.117    26.308 r  attn_reg[1][26]_i_31/CO[3]
                         net (fo=1, unplaced)         0.000    26.308    attn_reg[1][26]_i_31_n_0
                         CARRY4 (Prop_carry4_CI_CO[3])
                                                      0.117    26.425 r  attn_reg[1][26]_i_26/CO[3]
                         net (fo=1, unplaced)         0.000    26.425    attn_reg[1][26]_i_26_n_0
                         CARRY4 (Prop_carry4_CI_CO[3])
                                                      0.117    26.542 r  attn_reg[1][26]_i_21/CO[3]
                         net (fo=1, unplaced)         0.000    26.542    attn_reg[1][26]_i_21_n_0
                         CARRY4 (Prop_carry4_CI_CO[3])
                                                      0.117    26.659 r  attn_reg[1][26]_i_16/CO[3]
                         net (fo=1, unplaced)         0.000    26.659    attn_reg[1][26]_i_16_n_0
                         CARRY4 (Prop_carry4_CI_CO[3])
                                                      0.117    26.776 r  attn_reg[1][26]_i_11/CO[3]
                         net (fo=1, unplaced)         0.000    26.776    attn_reg[1][26]_i_11_n_0
                         CARRY4 (Prop_carry4_CI_CO[3])
                                                      0.117    26.893 r  attn_reg[1][26]_i_6/CO[3]
                         net (fo=1, unplaced)         0.000    26.893    attn_reg[1][26]_i_6_n_0
                         CARRY4 (Prop_carry4_CI_CO[3])
                                                      0.117    27.010 r  attn_reg[1][26]_i_3/CO[3]
                         net (fo=1, unplaced)         0.000    27.010    attn_reg[1][26]_i_3_n_0
                         CARRY4 (Prop_carry4_CI_CO[1])
                                                      0.179    27.189 r  attn_reg[1][26]_i_2/CO[1]
                         net (fo=38, unplaced)        0.600    27.789    psum3[26]
                         CARRY4 (Prop_carry4_CYINIT_CO[3])
                                                      0.803    28.592 r  attn_reg[1][25]_i_36/CO[3]
                         net (fo=1, unplaced)         0.000    28.592    attn_reg[1][25]_i_36_n_0
                         CARRY4 (Prop_carry4_CI_CO[3])
                                                      0.117    28.709 r  attn_reg[1][25]_i_31/CO[3]
                         net (fo=1, unplaced)         0.000    28.709    attn_reg[1][25]_i_31_n_0
                         CARRY4 (Prop_carry4_CI_CO[3])
                                                      0.117    28.826 r  attn_reg[1][25]_i_26/CO[3]
                         net (fo=1, unplaced)         0.000    28.826    attn_reg[1][25]_i_26_n_0
                         CARRY4 (Prop_carry4_CI_CO[3])
                                                      0.117    28.943 r  attn_reg[1][25]_i_21/CO[3]
                         net (fo=1, unplaced)         0.000    28.943    attn_reg[1][25]_i_21_n_0
                         CARRY4 (Prop_carry4_CI_CO[3])
                                                      0.117    29.060 r  attn_reg[1][25]_i_16/CO[3]
                         net (fo=1, unplaced)         0.000    29.060    attn_reg[1][25]_i_16_n_0
                         CARRY4 (Prop_carry4_CI_CO[3])
                                                      0.117    29.177 r  attn_reg[1][25]_i_11/CO[3]
                         net (fo=1, unplaced)         0.000    29.177    attn_reg[1][25]_i_11_n_0
                         CARRY4 (Prop_carry4_CI_CO[3])
                                                      0.117    29.294 r  attn_reg[1][25]_i_6/CO[3]
                         net (fo=1, unplaced)         0.000    29.294    attn_reg[1][25]_i_6_n_0
                         CARRY4 (Prop_carry4_CI_CO[3])
                                                      0.117    29.411 r  attn_reg[1][25]_i_3/CO[3]
                         net (fo=1, unplaced)         0.000    29.411    attn_reg[1][25]_i_3_n_0
                         CARRY4 (Prop_carry4_CI_CO[1])
                                                      0.179    29.590 r  attn_reg[1][25]_i_2/CO[1]
                         net (fo=38, unplaced)        0.600    30.190    psum3[25]
                         CARRY4 (Prop_carry4_CYINIT_CO[3])
                                                      0.803    30.993 r  attn_reg[1][24]_i_41/CO[3]
                         net (fo=1, unplaced)         0.000    30.993    attn_reg[1][24]_i_41_n_0
                         CARRY4 (Prop_carry4_CI_CO[3])
                                                      0.117    31.110 r  attn_reg[1][24]_i_36/CO[3]
                         net (fo=1, unplaced)         0.000    31.110    attn_reg[1][24]_i_36_n_0
                         CARRY4 (Prop_carry4_CI_CO[3])
                                                      0.117    31.227 r  attn_reg[1][24]_i_31/CO[3]
                         net (fo=1, unplaced)         0.000    31.227    attn_reg[1][24]_i_31_n_0
                         CARRY4 (Prop_carry4_CI_CO[3])
                                                      0.117    31.344 r  attn_reg[1][24]_i_26/CO[3]
                         net (fo=1, unplaced)         0.000    31.344    attn_reg[1][24]_i_26_n_0
                         CARRY4 (Prop_carry4_CI_CO[3])
                                                      0.117    31.461 r  attn_reg[1][24]_i_21/CO[3]
                         net (fo=1, unplaced)         0.000    31.461    attn_reg[1][24]_i_21_n_0
                         CARRY4 (Prop_carry4_CI_CO[3])
                                                      0.117    31.578 r  attn_reg[1][24]_i_16/CO[3]
                         net (fo=1, unplaced)         0.000    31.578    attn_reg[1][24]_i_16_n_0
                         CARRY4 (Prop_carry4_CI_CO[3])
                                                      0.117    31.695 r  attn_reg[1][24]_i_11/CO[3]
                         net (fo=1, unplaced)         0.000    31.695    attn_reg[1][24]_i_11_n_0
                         CARRY4 (Prop_carry4_CI_CO[3])
                                                      0.117    31.812 r  attn_reg[1][24]_i_4/CO[3]
                         net (fo=1, unplaced)         0.000    31.812    attn_reg[1][24]_i_4_n_0
                         CARRY4 (Prop_carry4_CI_CO[1])
                                                      0.179    31.991 r  attn_reg[1][24]_i_2/CO[1]
                         net (fo=38, unplaced)        0.600    32.591    psum3[24]
                         CARRY4 (Prop_carry4_CYINIT_CO[3])
                                                      0.803    33.394 r  attn_reg[1][23]_i_85/CO[3]
                         net (fo=1, unplaced)         0.000    33.394    attn_reg[1][23]_i_85_n_0
                         CARRY4 (Prop_carry4_CI_CO[3])
                                                      0.117    33.511 r  attn_reg[1][23]_i_80/CO[3]
                         net (fo=1, unplaced)         0.000    33.511    attn_reg[1][23]_i_80_n_0
                         CARRY4 (Prop_carry4_CI_CO[3])
                                                      0.117    33.628 r  attn_reg[1][23]_i_75/CO[3]
                         net (fo=1, unplaced)         0.000    33.628    attn_reg[1][23]_i_75_n_0
                         CARRY4 (Prop_carry4_CI_CO[3])
                                                      0.117    33.745 r  attn_reg[1][23]_i_70/CO[3]
                         net (fo=1, unplaced)         0.000    33.745    attn_reg[1][23]_i_70_n_0
                         CARRY4 (Prop_carry4_CI_CO[3])
                                                      0.117    33.862 r  attn_reg[1][23]_i_65/CO[3]
                         net (fo=1, unplaced)         0.000    33.862    attn_reg[1][23]_i_65_n_0
                         CARRY4 (Prop_carry4_CI_CO[3])
                                                      0.117    33.979 r  attn_reg[1][23]_i_36/CO[3]
                         net (fo=1, unplaced)         0.000    33.979    attn_reg[1][23]_i_36_n_0
                         CARRY4 (Prop_carry4_CI_CO[3])
                                                      0.117    34.096 r  attn_reg[1][23]_i_19/CO[3]
                         net (fo=1, unplaced)         0.000    34.096    attn_reg[1][23]_i_19_n_0
                         CARRY4 (Prop_carry4_CI_CO[3])
                                                      0.117    34.213 r  attn_reg[1][23]_i_12/CO[3]
                         net (fo=1, unplaced)         0.000    34.213    attn_reg[1][23]_i_12_n_0
                         CARRY4 (Prop_carry4_CI_CO[1])
                                                      0.179    34.392 r  attn_reg[1][23]_i_3/CO[1]
                         net (fo=38, unplaced)        0.600    34.992    psum3[23]
                         CARRY4 (Prop_carry4_CYINIT_CO[3])
                                                      0.803    35.795 r  attn_reg[1][22]_i_36/CO[3]
                         net (fo=1, unplaced)         0.000    35.795    attn_reg[1][22]_i_36_n_0
                         CARRY4 (Prop_carry4_CI_CO[3])
                                                      0.117    35.912 r  attn_reg[1][22]_i_31/CO[3]
                         net (fo=1, unplaced)         0.000    35.912    attn_reg[1][22]_i_31_n_0
                         CARRY4 (Prop_carry4_CI_CO[3])
                                                      0.117    36.029 r  attn_reg[1][22]_i_26/CO[3]
                         net (fo=1, unplaced)         0.000    36.029    attn_reg[1][22]_i_26_n_0
                         CARRY4 (Prop_carry4_CI_CO[3])
                                                      0.117    36.146 r  attn_reg[1][22]_i_21/CO[3]
                         net (fo=1, unplaced)         0.000    36.146    attn_reg[1][22]_i_21_n_0
                         CARRY4 (Prop_carry4_CI_CO[3])
                                                      0.117    36.263 r  attn_reg[1][22]_i_16/CO[3]
                         net (fo=1, unplaced)         0.000    36.263    attn_reg[1][22]_i_16_n_0
                         CARRY4 (Prop_carry4_CI_CO[3])
                                                      0.117    36.380 r  attn_reg[1][22]_i_11/CO[3]
                         net (fo=1, unplaced)         0.000    36.380    attn_reg[1][22]_i_11_n_0
                         CARRY4 (Prop_carry4_CI_CO[3])
                                                      0.117    36.497 r  attn_reg[1][22]_i_6/CO[3]
                         net (fo=1, unplaced)         0.000    36.497    attn_reg[1][22]_i_6_n_0
                         CARRY4 (Prop_carry4_CI_CO[3])
                                                      0.117    36.614 r  attn_reg[1][22]_i_3/CO[3]
                         net (fo=1, unplaced)         0.000    36.614    attn_reg[1][22]_i_3_n_0
                         CARRY4 (Prop_carry4_CI_CO[1])
                                                      0.179    36.793 r  attn_reg[1][22]_i_2/CO[1]
                         net (fo=38, unplaced)        0.600    37.393    psum3[22]
                         CARRY4 (Prop_carry4_CYINIT_CO[3])
                                                      0.803    38.196 r  attn_reg[1][21]_i_36/CO[3]
                         net (fo=1, unplaced)         0.000    38.196    attn_reg[1][21]_i_36_n_0
                         CARRY4 (Prop_carry4_CI_CO[3])
                                                      0.117    38.313 r  attn_reg[1][21]_i_31/CO[3]
                         net (fo=1, unplaced)         0.000    38.313    attn_reg[1][21]_i_31_n_0
                         CARRY4 (Prop_carry4_CI_CO[3])
                                                      0.117    38.430 r  attn_reg[1][21]_i_26/CO[3]
                         net (fo=1, unplaced)         0.000    38.430    attn_reg[1][21]_i_26_n_0
                         CARRY4 (Prop_carry4_CI_CO[3])
                                                      0.117    38.547 r  attn_reg[1][21]_i_21/CO[3]
                         net (fo=1, unplaced)         0.000    38.547    attn_reg[1][21]_i_21_n_0
                         CARRY4 (Prop_carry4_CI_CO[3])
                                                      0.117    38.664 r  attn_reg[1][21]_i_16/CO[3]
                         net (fo=1, unplaced)         0.000    38.664    attn_reg[1][21]_i_16_n_0
                         CARRY4 (Prop_carry4_CI_CO[3])
                                                      0.117    38.781 r  attn_reg[1][21]_i_11/CO[3]
                         net (fo=1, unplaced)         0.000    38.781    attn_reg[1][21]_i_11_n_0
                         CARRY4 (Prop_carry4_CI_CO[3])
                                                      0.117    38.898 r  attn_reg[1][21]_i_6/CO[3]
                         net (fo=1, unplaced)         0.000    38.898    attn_reg[1][21]_i_6_n_0
                         CARRY4 (Prop_carry4_CI_CO[3])
                                                      0.117    39.015 r  attn_reg[1][21]_i_3/CO[3]
                         net (fo=1, unplaced)         0.000    39.015    attn_reg[1][21]_i_3_n_0
                         CARRY4 (Prop_carry4_CI_CO[1])
                                                      0.179    39.194 r  attn_reg[1][21]_i_2/CO[1]
                         net (fo=38, unplaced)        0.600    39.794    psum3[21]
                         CARRY4 (Prop_carry4_CYINIT_CO[3])
                                                      0.803    40.597 r  attn_reg[1][20]_i_41/CO[3]
                         net (fo=1, unplaced)         0.000    40.597    attn_reg[1][20]_i_41_n_0
                         CARRY4 (Prop_carry4_CI_CO[3])
                                                      0.117    40.714 r  attn_reg[1][20]_i_36/CO[3]
                         net (fo=1, unplaced)         0.000    40.714    attn_reg[1][20]_i_36_n_0
                         CARRY4 (Prop_carry4_CI_CO[3])
                                                      0.117    40.831 r  attn_reg[1][20]_i_31/CO[3]
                         net (fo=1, unplaced)         0.000    40.831    attn_reg[1][20]_i_31_n_0
                         CARRY4 (Prop_carry4_CI_CO[3])
                                                      0.117    40.948 r  attn_reg[1][20]_i_26/CO[3]
                         net (fo=1, unplaced)         0.000    40.948    attn_reg[1][20]_i_26_n_0
                         CARRY4 (Prop_carry4_CI_CO[3])
                                                      0.117    41.065 r  attn_reg[1][20]_i_21/CO[3]
                         net (fo=1, unplaced)         0.000    41.065    attn_reg[1][20]_i_21_n_0
                         CARRY4 (Prop_carry4_CI_CO[3])
                                                      0.117    41.182 r  attn_reg[1][20]_i_16/CO[3]
                         net (fo=1, unplaced)         0.000    41.182    attn_reg[1][20]_i_16_n_0
                         CARRY4 (Prop_carry4_CI_CO[3])
                                                      0.117    41.299 r  attn_reg[1][20]_i_11/CO[3]
                         net (fo=1, unplaced)         0.000    41.299    attn_reg[1][20]_i_11_n_0
                         CARRY4 (Prop_carry4_CI_CO[3])
                                                      0.117    41.416 r  attn_reg[1][20]_i_4/CO[3]
                         net (fo=1, unplaced)         0.000    41.416    attn_reg[1][20]_i_4_n_0
                         CARRY4 (Prop_carry4_CI_CO[1])
                                                      0.179    41.595 r  attn_reg[1][20]_i_2/CO[1]
                         net (fo=38, unplaced)        0.600    42.195    psum3[20]
                         CARRY4 (Prop_carry4_CYINIT_CO[3])
                                                      0.803    42.998 r  attn_reg[1][19]_i_75/CO[3]
                         net (fo=1, unplaced)         0.000    42.998    attn_reg[1][19]_i_75_n_0
                         CARRY4 (Prop_carry4_CI_CO[3])
                                                      0.117    43.115 r  attn_reg[1][19]_i_70/CO[3]
                         net (fo=1, unplaced)         0.000    43.115    attn_reg[1][19]_i_70_n_0
                         CARRY4 (Prop_carry4_CI_CO[3])
                                                      0.117    43.232 r  attn_reg[1][19]_i_65/CO[3]
                         net (fo=1, unplaced)         0.000    43.232    attn_reg[1][19]_i_65_n_0
                         CARRY4 (Prop_carry4_CI_CO[3])
                                                      0.117    43.349 r  attn_reg[1][19]_i_60/CO[3]
                         net (fo=1, unplaced)         0.000    43.349    attn_reg[1][19]_i_60_n_0
                         CARRY4 (Prop_carry4_CI_CO[3])
                                                      0.117    43.466 r  attn_reg[1][19]_i_55/CO[3]
                         net (fo=1, unplaced)         0.000    43.466    attn_reg[1][19]_i_55_n_0
                         CARRY4 (Prop_carry4_CI_CO[3])
                                                      0.117    43.583 r  attn_reg[1][19]_i_32/CO[3]
                         net (fo=1, unplaced)         0.000    43.583    attn_reg[1][19]_i_32_n_0
                         CARRY4 (Prop_carry4_CI_CO[3])
                                                      0.117    43.700 r  attn_reg[1][19]_i_18/CO[3]
                         net (fo=1, unplaced)         0.000    43.700    attn_reg[1][19]_i_18_n_0
                         CARRY4 (Prop_carry4_CI_CO[3])
                                                      0.117    43.817 r  attn_reg[1][19]_i_12/CO[3]
                         net (fo=1, unplaced)         0.000    43.817    attn_reg[1][19]_i_12_n_0
                         CARRY4 (Prop_carry4_CI_CO[1])
                                                      0.179    43.996 r  attn_reg[1][19]_i_3/CO[1]
                         net (fo=38, unplaced)        0.600    44.596    psum3[19]
                         CARRY4 (Prop_carry4_CYINIT_CO[3])
                                                      0.803    45.399 r  attn_reg[1][18]_i_36/CO[3]
                         net (fo=1, unplaced)         0.000    45.399    attn_reg[1][18]_i_36_n_0
                         CARRY4 (Prop_carry4_CI_CO[3])
                                                      0.117    45.516 r  attn_reg[1][18]_i_31/CO[3]
                         net (fo=1, unplaced)         0.000    45.516    attn_reg[1][18]_i_31_n_0
                         CARRY4 (Prop_carry4_CI_CO[3])
                                                      0.117    45.633 r  attn_reg[1][18]_i_26/CO[3]
                         net (fo=1, unplaced)         0.000    45.633    attn_reg[1][18]_i_26_n_0
                         CARRY4 (Prop_carry4_CI_CO[3])
                                                      0.117    45.750 r  attn_reg[1][18]_i_21/CO[3]
                         net (fo=1, unplaced)         0.000    45.750    attn_reg[1][18]_i_21_n_0
                         CARRY4 (Prop_carry4_CI_CO[3])
                                                      0.117    45.867 r  attn_reg[1][18]_i_16/CO[3]
                         net (fo=1, unplaced)         0.000    45.867    attn_reg[1][18]_i_16_n_0
                         CARRY4 (Prop_carry4_CI_CO[3])
                                                      0.117    45.984 r  attn_reg[1][18]_i_11/CO[3]
                         net (fo=1, unplaced)         0.000    45.984    attn_reg[1][18]_i_11_n_0
                         CARRY4 (Prop_carry4_CI_CO[3])
                                                      0.117    46.101 r  attn_reg[1][18]_i_6/CO[3]
                         net (fo=1, unplaced)         0.000    46.101    attn_reg[1][18]_i_6_n_0
                         CARRY4 (Prop_carry4_CI_CO[3])
                                                      0.117    46.218 r  attn_reg[1][18]_i_3/CO[3]
                         net (fo=1, unplaced)         0.000    46.218    attn_reg[1][18]_i_3_n_0
                         CARRY4 (Prop_carry4_CI_CO[1])
                                                      0.179    46.397 r  attn_reg[1][18]_i_2/CO[1]
                         net (fo=38, unplaced)        0.600    46.997    psum3[18]
                         CARRY4 (Prop_carry4_CYINIT_CO[3])
                                                      0.803    47.800 r  attn_reg[1][17]_i_36/CO[3]
                         net (fo=1, unplaced)         0.000    47.800    attn_reg[1][17]_i_36_n_0
                         CARRY4 (Prop_carry4_CI_CO[3])
                                                      0.117    47.917 r  attn_reg[1][17]_i_31/CO[3]
                         net (fo=1, unplaced)         0.000    47.917    attn_reg[1][17]_i_31_n_0
                         CARRY4 (Prop_carry4_CI_CO[3])
                                                      0.117    48.034 r  attn_reg[1][17]_i_26/CO[3]
                         net (fo=1, unplaced)         0.000    48.034    attn_reg[1][17]_i_26_n_0
                         CARRY4 (Prop_carry4_CI_CO[3])
                                                      0.117    48.151 r  attn_reg[1][17]_i_21/CO[3]
                         net (fo=1, unplaced)         0.000    48.151    attn_reg[1][17]_i_21_n_0
                         CARRY4 (Prop_carry4_CI_CO[3])
                                                      0.117    48.268 r  attn_reg[1][17]_i_16/CO[3]
                         net (fo=1, unplaced)         0.000    48.268    attn_reg[1][17]_i_16_n_0
                         CARRY4 (Prop_carry4_CI_CO[3])
                                                      0.117    48.385 r  attn_reg[1][17]_i_11/CO[3]
                         net (fo=1, unplaced)         0.000    48.385    attn_reg[1][17]_i_11_n_0
                         CARRY4 (Prop_carry4_CI_CO[3])
                                                      0.117    48.502 r  attn_reg[1][17]_i_6/CO[3]
                         net (fo=1, unplaced)         0.000    48.502    attn_reg[1][17]_i_6_n_0
                         CARRY4 (Prop_carry4_CI_CO[3])
                                                      0.117    48.619 r  attn_reg[1][17]_i_3/CO[3]
                         net (fo=1, unplaced)         0.000    48.619    attn_reg[1][17]_i_3_n_0
                         CARRY4 (Prop_carry4_CI_CO[1])
                                                      0.179    48.798 r  attn_reg[1][17]_i_2/CO[1]
                         net (fo=38, unplaced)        0.600    49.398    psum3[17]
                         CARRY4 (Prop_carry4_CYINIT_CO[3])
                                                      0.803    50.201 r  attn_reg[1][16]_i_41/CO[3]
                         net (fo=1, unplaced)         0.000    50.201    attn_reg[1][16]_i_41_n_0
                         CARRY4 (Prop_carry4_CI_CO[3])
                                                      0.117    50.318 r  attn_reg[1][16]_i_36/CO[3]
                         net (fo=1, unplaced)         0.000    50.318    attn_reg[1][16]_i_36_n_0
                         CARRY4 (Prop_carry4_CI_CO[3])
                                                      0.117    50.435 r  attn_reg[1][16]_i_31/CO[3]
                         net (fo=1, unplaced)         0.000    50.435    attn_reg[1][16]_i_31_n_0
                         CARRY4 (Prop_carry4_CI_CO[3])
                                                      0.117    50.552 r  attn_reg[1][16]_i_26/CO[3]
                         net (fo=1, unplaced)         0.000    50.552    attn_reg[1][16]_i_26_n_0
                         CARRY4 (Prop_carry4_CI_CO[3])
                                                      0.117    50.669 r  attn_reg[1][16]_i_21/CO[3]
                         net (fo=1, unplaced)         0.000    50.669    attn_reg[1][16]_i_21_n_0
                         CARRY4 (Prop_carry4_CI_CO[3])
                                                      0.117    50.786 r  attn_reg[1][16]_i_16/CO[3]
                         net (fo=1, unplaced)         0.000    50.786    attn_reg[1][16]_i_16_n_0
                         CARRY4 (Prop_carry4_CI_CO[3])
                                                      0.117    50.903 r  attn_reg[1][16]_i_11/CO[3]
                         net (fo=1, unplaced)         0.000    50.903    attn_reg[1][16]_i_11_n_0
                         CARRY4 (Prop_carry4_CI_CO[3])
                                                      0.117    51.020 r  attn_reg[1][16]_i_4/CO[3]
                         net (fo=1, unplaced)         0.000    51.020    attn_reg[1][16]_i_4_n_0
                         CARRY4 (Prop_carry4_CI_CO[1])
                                                      0.179    51.199 r  attn_reg[1][16]_i_2/CO[1]
                         net (fo=38, unplaced)        0.600    51.799    psum3[16]
                         CARRY4 (Prop_carry4_CYINIT_CO[3])
                                                      0.803    52.602 r  attn_reg[1][15]_i_80/CO[3]
                         net (fo=1, unplaced)         0.000    52.602    attn_reg[1][15]_i_80_n_0
                         CARRY4 (Prop_carry4_CI_CO[3])
                                                      0.117    52.719 r  attn_reg[1][15]_i_75/CO[3]
                         net (fo=1, unplaced)         0.000    52.719    attn_reg[1][15]_i_75_n_0
                         CARRY4 (Prop_carry4_CI_CO[3])
                                                      0.117    52.836 r  attn_reg[1][15]_i_70/CO[3]
                         net (fo=1, unplaced)         0.000    52.836    attn_reg[1][15]_i_70_n_0
                         CARRY4 (Prop_carry4_CI_CO[3])
                                                      0.117    52.953 r  attn_reg[1][15]_i_65/CO[3]
                         net (fo=1, unplaced)         0.000    52.953    attn_reg[1][15]_i_65_n_0
                         CARRY4 (Prop_carry4_CI_CO[3])
                                                      0.117    53.070 r  attn_reg[1][15]_i_60/CO[3]
                         net (fo=1, unplaced)         0.000    53.070    attn_reg[1][15]_i_60_n_0
                         CARRY4 (Prop_carry4_CI_CO[3])
                                                      0.117    53.187 r  attn_reg[1][15]_i_55/CO[3]
                         net (fo=1, unplaced)         0.000    53.187    attn_reg[1][15]_i_55_n_0
                         CARRY4 (Prop_carry4_CI_CO[3])
                                                      0.117    53.304 r  attn_reg[1][15]_i_26/CO[3]
                         net (fo=1, unplaced)         0.000    53.304    attn_reg[1][15]_i_26_n_0
                         CARRY4 (Prop_carry4_CI_CO[3])
                                                      0.117    53.421 r  attn_reg[1][15]_i_11/CO[3]
                         net (fo=1, unplaced)         0.000    53.421    attn_reg[1][15]_i_11_n_0
                         CARRY4 (Prop_carry4_CI_CO[1])
                                                      0.179    53.600 r  attn_reg[1][15]_i_3/CO[1]
                         net (fo=38, unplaced)        0.600    54.200    psum3[15]
                         CARRY4 (Prop_carry4_CYINIT_CO[3])
                                                      0.803    55.003 r  attn_reg[1][14]_i_36/CO[3]
                         net (fo=1, unplaced)         0.000    55.003    attn_reg[1][14]_i_36_n_0
                         CARRY4 (Prop_carry4_CI_CO[3])
                                                      0.117    55.120 r  attn_reg[1][14]_i_31/CO[3]
                         net (fo=1, unplaced)         0.000    55.120    attn_reg[1][14]_i_31_n_0
                         CARRY4 (Prop_carry4_CI_CO[3])
                                                      0.117    55.237 r  attn_reg[1][14]_i_26/CO[3]
                         net (fo=1, unplaced)         0.000    55.237    attn_reg[1][14]_i_26_n_0
                         CARRY4 (Prop_carry4_CI_CO[3])
                                                      0.117    55.354 r  attn_reg[1][14]_i_21/CO[3]
                         net (fo=1, unplaced)         0.000    55.354    attn_reg[1][14]_i_21_n_0
                         CARRY4 (Prop_carry4_CI_CO[3])
                                                      0.117    55.471 r  attn_reg[1][14]_i_16/CO[3]
                         net (fo=1, unplaced)         0.000    55.471    attn_reg[1][14]_i_16_n_0
                         CARRY4 (Prop_carry4_CI_CO[3])
                                                      0.117    55.588 r  attn_reg[1][14]_i_11/CO[3]
                         net (fo=1, unplaced)         0.000    55.588    attn_reg[1][14]_i_11_n_0
                         CARRY4 (Prop_carry4_CI_CO[3])
                                                      0.117    55.705 r  attn_reg[1][14]_i_6/CO[3]
                         net (fo=1, unplaced)         0.000    55.705    attn_reg[1][14]_i_6_n_0
                         CARRY4 (Prop_carry4_CI_CO[3])
                                                      0.117    55.822 r  attn_reg[1][14]_i_3/CO[3]
                         net (fo=1, unplaced)         0.000    55.822    attn_reg[1][14]_i_3_n_0
                         CARRY4 (Prop_carry4_CI_CO[1])
                                                      0.179    56.001 r  attn_reg[1][14]_i_2/CO[1]
                         net (fo=38, unplaced)        0.600    56.601    psum3[14]
                         CARRY4 (Prop_carry4_CYINIT_CO[3])
                                                      0.803    57.404 r  attn_reg[1][13]_i_36/CO[3]
                         net (fo=1, unplaced)         0.000    57.404    attn_reg[1][13]_i_36_n_0
                         CARRY4 (Prop_carry4_CI_CO[3])
                                                      0.117    57.521 r  attn_reg[1][13]_i_31/CO[3]
                         net (fo=1, unplaced)         0.000    57.521    attn_reg[1][13]_i_31_n_0
                         CARRY4 (Prop_carry4_CI_CO[3])
                                                      0.117    57.638 r  attn_reg[1][13]_i_26/CO[3]
                         net (fo=1, unplaced)         0.000    57.638    attn_reg[1][13]_i_26_n_0
                         CARRY4 (Prop_carry4_CI_CO[3])
                                                      0.117    57.755 r  attn_reg[1][13]_i_21/CO[3]
                         net (fo=1, unplaced)         0.000    57.755    attn_reg[1][13]_i_21_n_0
                         CARRY4 (Prop_carry4_CI_CO[3])
                                                      0.117    57.872 r  attn_reg[1][13]_i_16/CO[3]
                         net (fo=1, unplaced)         0.000    57.872    attn_reg[1][13]_i_16_n_0
                         CARRY4 (Prop_carry4_CI_CO[3])
                                                      0.117    57.989 r  attn_reg[1][13]_i_11/CO[3]
                         net (fo=1, unplaced)         0.000    57.989    attn_reg[1][13]_i_11_n_0
                         CARRY4 (Prop_carry4_CI_CO[3])
                                                      0.117    58.106 r  attn_reg[1][13]_i_6/CO[3]
                         net (fo=1, unplaced)         0.000    58.106    attn_reg[1][13]_i_6_n_0
                         CARRY4 (Prop_carry4_CI_CO[3])
                                                      0.117    58.223 r  attn_reg[1][13]_i_3/CO[3]
                         net (fo=1, unplaced)         0.000    58.223    attn_reg[1][13]_i_3_n_0
                         CARRY4 (Prop_carry4_CI_CO[1])
                                                      0.179    58.402 r  attn_reg[1][13]_i_2/CO[1]
                         net (fo=38, unplaced)        0.600    59.002    psum3[13]
                         CARRY4 (Prop_carry4_CYINIT_CO[3])
                                                      0.803    59.805 r  attn_reg[1][12]_i_41/CO[3]
                         net (fo=1, unplaced)         0.000    59.805    attn_reg[1][12]_i_41_n_0
                         CARRY4 (Prop_carry4_CI_CO[3])
                                                      0.117    59.922 r  attn_reg[1][12]_i_36/CO[3]
                         net (fo=1, unplaced)         0.000    59.922    attn_reg[1][12]_i_36_n_0
                         CARRY4 (Prop_carry4_CI_CO[3])
                                                      0.117    60.039 r  attn_reg[1][12]_i_31/CO[3]
                         net (fo=1, unplaced)         0.000    60.039    attn_reg[1][12]_i_31_n_0
                         CARRY4 (Prop_carry4_CI_CO[3])
                                                      0.117    60.156 r  attn_reg[1][12]_i_26/CO[3]
                         net (fo=1, unplaced)         0.000    60.156    attn_reg[1][12]_i_26_n_0
                         CARRY4 (Prop_carry4_CI_CO[3])
                                                      0.117    60.273 r  attn_reg[1][12]_i_21/CO[3]
                         net (fo=1, unplaced)         0.000    60.273    attn_reg[1][12]_i_21_n_0
                         CARRY4 (Prop_carry4_CI_CO[3])
                                                      0.117    60.390 r  attn_reg[1][12]_i_16/CO[3]
                         net (fo=1, unplaced)         0.000    60.390    attn_reg[1][12]_i_16_n_0
                         CARRY4 (Prop_carry4_CI_CO[3])
                                                      0.117    60.507 r  attn_reg[1][12]_i_11/CO[3]
                         net (fo=1, unplaced)         0.000    60.507    attn_reg[1][12]_i_11_n_0
                         CARRY4 (Prop_carry4_CI_CO[3])
                                                      0.117    60.624 r  attn_reg[1][12]_i_4/CO[3]
                         net (fo=1, unplaced)         0.000    60.624    attn_reg[1][12]_i_4_n_0
                         CARRY4 (Prop_carry4_CI_CO[1])
                                                      0.179    60.803 r  attn_reg[1][12]_i_2/CO[1]
                         net (fo=38, unplaced)        0.600    61.403    psum3[12]
                         CARRY4 (Prop_carry4_CYINIT_CO[3])
                                                      0.803    62.206 r  attn_reg[1][11]_i_81/CO[3]
                         net (fo=1, unplaced)         0.000    62.206    attn_reg[1][11]_i_81_n_0
                         CARRY4 (Prop_carry4_CI_CO[3])
                                                      0.117    62.323 r  attn_reg[1][11]_i_76/CO[3]
                         net (fo=1, unplaced)         0.000    62.323    attn_reg[1][11]_i_76_n_0
                         CARRY4 (Prop_carry4_CI_CO[3])
                                                      0.117    62.440 r  attn_reg[1][11]_i_71/CO[3]
                         net (fo=1, unplaced)         0.000    62.440    attn_reg[1][11]_i_71_n_0
                         CARRY4 (Prop_carry4_CI_CO[3])
                                                      0.117    62.557 r  attn_reg[1][11]_i_66/CO[3]
                         net (fo=1, unplaced)         0.000    62.557    attn_reg[1][11]_i_66_n_0
                         CARRY4 (Prop_carry4_CI_CO[3])
                                                      0.117    62.674 r  attn_reg[1][11]_i_61/CO[3]
                         net (fo=1, unplaced)         0.000    62.674    attn_reg[1][11]_i_61_n_0
                         CARRY4 (Prop_carry4_CI_CO[3])
                                                      0.117    62.791 r  attn_reg[1][11]_i_56/CO[3]
                         net (fo=1, unplaced)         0.000    62.791    attn_reg[1][11]_i_56_n_0
                         CARRY4 (Prop_carry4_CI_CO[3])
                                                      0.117    62.908 r  attn_reg[1][11]_i_27/CO[3]
                         net (fo=1, unplaced)         0.000    62.908    attn_reg[1][11]_i_27_n_0
                         CARRY4 (Prop_carry4_CI_CO[3])
                                                      0.117    63.025 r  attn_reg[1][11]_i_12/CO[3]
                         net (fo=1, unplaced)         0.000    63.025    attn_reg[1][11]_i_12_n_0
                         CARRY4 (Prop_carry4_CI_CO[1])
                                                      0.179    63.204 r  attn_reg[1][11]_i_3/CO[1]
                         net (fo=38, unplaced)        0.600    63.804    psum3[11]
                         CARRY4 (Prop_carry4_CYINIT_CO[3])
                                                      0.803    64.607 r  attn_reg[1][10]_i_36/CO[3]
                         net (fo=1, unplaced)         0.000    64.607    attn_reg[1][10]_i_36_n_0
                         CARRY4 (Prop_carry4_CI_CO[3])
                                                      0.117    64.724 r  attn_reg[1][10]_i_31/CO[3]
                         net (fo=1, unplaced)         0.000    64.724    attn_reg[1][10]_i_31_n_0
                         CARRY4 (Prop_carry4_CI_CO[3])
                                                      0.117    64.841 r  attn_reg[1][10]_i_26/CO[3]
                         net (fo=1, unplaced)         0.000    64.841    attn_reg[1][10]_i_26_n_0
                         CARRY4 (Prop_carry4_CI_CO[3])
                                                      0.117    64.958 r  attn_reg[1][10]_i_21/CO[3]
                         net (fo=1, unplaced)         0.000    64.958    attn_reg[1][10]_i_21_n_0
                         CARRY4 (Prop_carry4_CI_CO[3])
                                                      0.117    65.075 r  attn_reg[1][10]_i_16/CO[3]
                         net (fo=1, unplaced)         0.000    65.075    attn_reg[1][10]_i_16_n_0
                         CARRY4 (Prop_carry4_CI_CO[3])
                                                      0.117    65.192 r  attn_reg[1][10]_i_11/CO[3]
                         net (fo=1, unplaced)         0.000    65.192    attn_reg[1][10]_i_11_n_0
                         CARRY4 (Prop_carry4_CI_CO[3])
                                                      0.117    65.309 r  attn_reg[1][10]_i_6/CO[3]
                         net (fo=1, unplaced)         0.000    65.309    attn_reg[1][10]_i_6_n_0
                         CARRY4 (Prop_carry4_CI_CO[3])
                                                      0.117    65.426 r  attn_reg[1][10]_i_3/CO[3]
                         net (fo=1, unplaced)         0.000    65.426    attn_reg[1][10]_i_3_n_0
                         CARRY4 (Prop_carry4_CI_CO[1])
                                                      0.179    65.605 r  attn_reg[1][10]_i_2/CO[1]
                         net (fo=38, unplaced)        0.600    66.205    psum3[10]
                         CARRY4 (Prop_carry4_CYINIT_CO[3])
                                                      0.803    67.008 r  attn_reg[1][9]_i_36/CO[3]
                         net (fo=1, unplaced)         0.000    67.008    attn_reg[1][9]_i_36_n_0
                         CARRY4 (Prop_carry4_CI_CO[3])
                                                      0.117    67.125 r  attn_reg[1][9]_i_31/CO[3]
                         net (fo=1, unplaced)         0.000    67.125    attn_reg[1][9]_i_31_n_0
                         CARRY4 (Prop_carry4_CI_CO[3])
                                                      0.117    67.242 r  attn_reg[1][9]_i_26/CO[3]
                         net (fo=1, unplaced)         0.000    67.242    attn_reg[1][9]_i_26_n_0
                         CARRY4 (Prop_carry4_CI_CO[3])
                                                      0.117    67.359 r  attn_reg[1][9]_i_21/CO[3]
                         net (fo=1, unplaced)         0.000    67.359    attn_reg[1][9]_i_21_n_0
                         CARRY4 (Prop_carry4_CI_CO[3])
                                                      0.117    67.476 r  attn_reg[1][9]_i_16/CO[3]
                         net (fo=1, unplaced)         0.000    67.476    attn_reg[1][9]_i_16_n_0
                         CARRY4 (Prop_carry4_CI_CO[3])
                                                      0.117    67.593 r  attn_reg[1][9]_i_11/CO[3]
                         net (fo=1, unplaced)         0.000    67.593    attn_reg[1][9]_i_11_n_0
                         CARRY4 (Prop_carry4_CI_CO[3])
                                                      0.117    67.710 r  attn_reg[1][9]_i_6/CO[3]
                         net (fo=1, unplaced)         0.000    67.710    attn_reg[1][9]_i_6_n_0
                         CARRY4 (Prop_carry4_CI_CO[3])
                                                      0.117    67.827 r  attn_reg[1][9]_i_3/CO[3]
                         net (fo=1, unplaced)         0.000    67.827    attn_reg[1][9]_i_3_n_0
                         CARRY4 (Prop_carry4_CI_CO[1])
                                                      0.179    68.006 r  attn_reg[1][9]_i_2/CO[1]
                         net (fo=38, unplaced)        0.600    68.606    psum3[9]
                         CARRY4 (Prop_carry4_CYINIT_CO[3])
                                                      0.803    69.409 r  attn_reg[1][8]_i_41/CO[3]
                         net (fo=1, unplaced)         0.000    69.409    attn_reg[1][8]_i_41_n_0
                         CARRY4 (Prop_carry4_CI_CO[3])
                                                      0.117    69.526 r  attn_reg[1][8]_i_36/CO[3]
                         net (fo=1, unplaced)         0.000    69.526    attn_reg[1][8]_i_36_n_0
                         CARRY4 (Prop_carry4_CI_CO[3])
                                                      0.117    69.643 r  attn_reg[1][8]_i_31/CO[3]
                         net (fo=1, unplaced)         0.000    69.643    attn_reg[1][8]_i_31_n_0
                         CARRY4 (Prop_carry4_CI_CO[3])
                                                      0.117    69.760 r  attn_reg[1][8]_i_26/CO[3]
                         net (fo=1, unplaced)         0.000    69.760    attn_reg[1][8]_i_26_n_0
                         CARRY4 (Prop_carry4_CI_CO[3])
                                                      0.117    69.877 r  attn_reg[1][8]_i_21/CO[3]
                         net (fo=1, unplaced)         0.000    69.877    attn_reg[1][8]_i_21_n_0
                         CARRY4 (Prop_carry4_CI_CO[3])
                                                      0.117    69.994 r  attn_reg[1][8]_i_16/CO[3]
                         net (fo=1, unplaced)         0.000    69.994    attn_reg[1][8]_i_16_n_0
                         CARRY4 (Prop_carry4_CI_CO[3])
                                                      0.117    70.111 r  attn_reg[1][8]_i_11/CO[3]
                         net (fo=1, unplaced)         0.000    70.111    attn_reg[1][8]_i_11_n_0
                         CARRY4 (Prop_carry4_CI_CO[3])
                                                      0.117    70.228 r  attn_reg[1][8]_i_4/CO[3]
                         net (fo=1, unplaced)         0.000    70.228    attn_reg[1][8]_i_4_n_0
                         CARRY4 (Prop_carry4_CI_CO[1])
                                                      0.179    70.407 r  attn_reg[1][8]_i_2/CO[1]
                         net (fo=38, unplaced)        0.600    71.007    psum3[8]
                         CARRY4 (Prop_carry4_CYINIT_CO[3])
                                                      0.803    71.810 r  attn_reg[1][7]_i_81/CO[3]
                         net (fo=1, unplaced)         0.000    71.810    attn_reg[1][7]_i_81_n_0
                         CARRY4 (Prop_carry4_CI_CO[3])
                                                      0.117    71.927 r  attn_reg[1][7]_i_76/CO[3]
                         net (fo=1, unplaced)         0.000    71.927    attn_reg[1][7]_i_76_n_0
                         CARRY4 (Prop_carry4_CI_CO[3])
                                                      0.117    72.044 r  attn_reg[1][7]_i_71/CO[3]
                         net (fo=1, unplaced)         0.000    72.044    attn_reg[1][7]_i_71_n_0
                         CARRY4 (Prop_carry4_CI_CO[3])
                                                      0.117    72.161 r  attn_reg[1][7]_i_66/CO[3]
                         net (fo=1, unplaced)         0.000    72.161    attn_reg[1][7]_i_66_n_0
                         CARRY4 (Prop_carry4_CI_CO[3])
                                                      0.117    72.278 r  attn_reg[1][7]_i_61/CO[3]
                         net (fo=1, unplaced)         0.000    72.278    attn_reg[1][7]_i_61_n_0
                         CARRY4 (Prop_carry4_CI_CO[3])
                                                      0.117    72.395 r  attn_reg[1][7]_i_56/CO[3]
                         net (fo=1, unplaced)         0.000    72.395    attn_reg[1][7]_i_56_n_0
                         CARRY4 (Prop_carry4_CI_CO[3])
                                                      0.117    72.512 r  attn_reg[1][7]_i_27/CO[3]
                         net (fo=1, unplaced)         0.000    72.512    attn_reg[1][7]_i_27_n_0
                         CARRY4 (Prop_carry4_CI_CO[3])
                                                      0.117    72.629 r  attn_reg[1][7]_i_12/CO[3]
                         net (fo=1, unplaced)         0.000    72.629    attn_reg[1][7]_i_12_n_0
                         CARRY4 (Prop_carry4_CI_CO[1])
                                                      0.179    72.808 r  attn_reg[1][7]_i_3/CO[1]
                         net (fo=38, unplaced)        0.600    73.408    psum3[7]
                         CARRY4 (Prop_carry4_CYINIT_CO[3])
                                                      0.803    74.211 r  attn_reg[1][6]_i_36/CO[3]
                         net (fo=1, unplaced)         0.000    74.211    attn_reg[1][6]_i_36_n_0
                         CARRY4 (Prop_carry4_CI_CO[3])
                                                      0.117    74.328 r  attn_reg[1][6]_i_31/CO[3]
                         net (fo=1, unplaced)         0.000    74.328    attn_reg[1][6]_i_31_n_0
                         CARRY4 (Prop_carry4_CI_CO[3])
                                                      0.117    74.445 r  attn_reg[1][6]_i_26/CO[3]
                         net (fo=1, unplaced)         0.000    74.445    attn_reg[1][6]_i_26_n_0
                         CARRY4 (Prop_carry4_CI_CO[3])
                                                      0.117    74.562 r  attn_reg[1][6]_i_21/CO[3]
                         net (fo=1, unplaced)         0.000    74.562    attn_reg[1][6]_i_21_n_0
                         CARRY4 (Prop_carry4_CI_CO[3])
                                                      0.117    74.679 r  attn_reg[1][6]_i_16/CO[3]
                         net (fo=1, unplaced)         0.000    74.679    attn_reg[1][6]_i_16_n_0
                         CARRY4 (Prop_carry4_CI_CO[3])
                                                      0.117    74.796 r  attn_reg[1][6]_i_11/CO[3]
                         net (fo=1, unplaced)         0.000    74.796    attn_reg[1][6]_i_11_n_0
                         CARRY4 (Prop_carry4_CI_CO[3])
                                                      0.117    74.913 r  attn_reg[1][6]_i_6/CO[3]
                         net (fo=1, unplaced)         0.000    74.913    attn_reg[1][6]_i_6_n_0
                         CARRY4 (Prop_carry4_CI_CO[3])
                                                      0.117    75.030 r  attn_reg[1][6]_i_3/CO[3]
                         net (fo=1, unplaced)         0.000    75.030    attn_reg[1][6]_i_3_n_0
                         CARRY4 (Prop_carry4_CI_CO[1])
                                                      0.179    75.209 r  attn_reg[1][6]_i_2/CO[1]
                         net (fo=38, unplaced)        0.600    75.809    psum3[6]
                         CARRY4 (Prop_carry4_CYINIT_CO[3])
                                                      0.803    76.612 r  attn_reg[1][5]_i_36/CO[3]
                         net (fo=1, unplaced)         0.000    76.612    attn_reg[1][5]_i_36_n_0
                         CARRY4 (Prop_carry4_CI_CO[3])
                                                      0.117    76.729 r  attn_reg[1][5]_i_31/CO[3]
                         net (fo=1, unplaced)         0.000    76.729    attn_reg[1][5]_i_31_n_0
                         CARRY4 (Prop_carry4_CI_CO[3])
                                                      0.117    76.846 r  attn_reg[1][5]_i_26/CO[3]
                         net (fo=1, unplaced)         0.000    76.846    attn_reg[1][5]_i_26_n_0
                         CARRY4 (Prop_carry4_CI_CO[3])
                                                      0.117    76.963 r  attn_reg[1][5]_i_21/CO[3]
                         net (fo=1, unplaced)         0.000    76.963    attn_reg[1][5]_i_21_n_0
                         CARRY4 (Prop_carry4_CI_CO[3])
                                                      0.117    77.080 r  attn_reg[1][5]_i_16/CO[3]
                         net (fo=1, unplaced)         0.000    77.080    attn_reg[1][5]_i_16_n_0
                         CARRY4 (Prop_carry4_CI_CO[3])
                                                      0.117    77.197 r  attn_reg[1][5]_i_11/CO[3]
                         net (fo=1, unplaced)         0.000    77.197    attn_reg[1][5]_i_11_n_0
                         CARRY4 (Prop_carry4_CI_CO[3])
                                                      0.117    77.314 r  attn_reg[1][5]_i_6/CO[3]
                         net (fo=1, unplaced)         0.000    77.314    attn_reg[1][5]_i_6_n_0
                         CARRY4 (Prop_carry4_CI_CO[3])
                                                      0.117    77.431 r  attn_reg[1][5]_i_3/CO[3]
                         net (fo=1, unplaced)         0.000    77.431    attn_reg[1][5]_i_3_n_0
                         CARRY4 (Prop_carry4_CI_CO[1])
                                                      0.179    77.610 r  attn_reg[1][5]_i_2/CO[1]
                         net (fo=38, unplaced)        0.600    78.210    psum3[5]
                         CARRY4 (Prop_carry4_CYINIT_CO[3])
                                                      0.803    79.013 r  attn_reg[1][4]_i_42/CO[3]
                         net (fo=1, unplaced)         0.000    79.013    attn_reg[1][4]_i_42_n_0
                         CARRY4 (Prop_carry4_CI_CO[3])
                                                      0.117    79.130 r  attn_reg[1][4]_i_37/CO[3]
                         net (fo=1, unplaced)         0.000    79.130    attn_reg[1][4]_i_37_n_0
                         CARRY4 (Prop_carry4_CI_CO[3])
                                                      0.117    79.247 r  attn_reg[1][4]_i_32/CO[3]
                         net (fo=1, unplaced)         0.000    79.247    attn_reg[1][4]_i_32_n_0
                         CARRY4 (Prop_carry4_CI_CO[3])
                                                      0.117    79.364 r  attn_reg[1][4]_i_27/CO[3]
                         net (fo=1, unplaced)         0.000    79.364    attn_reg[1][4]_i_27_n_0
                         CARRY4 (Prop_carry4_CI_CO[3])
                                                      0.117    79.481 r  attn_reg[1][4]_i_22/CO[3]
                         net (fo=1, unplaced)         0.000    79.481    attn_reg[1][4]_i_22_n_0
                         CARRY4 (Prop_carry4_CI_CO[3])
                                                      0.117    79.598 r  attn_reg[1][4]_i_17/CO[3]
                         net (fo=1, unplaced)         0.000    79.598    attn_reg[1][4]_i_17_n_0
                         CARRY4 (Prop_carry4_CI_CO[3])
                                                      0.117    79.715 r  attn_reg[1][4]_i_12/CO[3]
                         net (fo=1, unplaced)         0.000    79.715    attn_reg[1][4]_i_12_n_0
                         CARRY4 (Prop_carry4_CI_CO[3])
                                                      0.117    79.832 r  attn_reg[1][4]_i_4/CO[3]
                         net (fo=1, unplaced)         0.000    79.832    attn_reg[1][4]_i_4_n_0
                         CARRY4 (Prop_carry4_CI_CO[1])
                                                      0.179    80.011 r  attn_reg[1][4]_i_2/CO[1]
                         net (fo=38, unplaced)        0.600    80.611    psum3[4]
                         CARRY4 (Prop_carry4_CYINIT_CO[3])
                                                      0.803    81.414 r  attn_reg[1][3]_i_81/CO[3]
                         net (fo=1, unplaced)         0.000    81.414    attn_reg[1][3]_i_81_n_0
                         CARRY4 (Prop_carry4_CI_CO[3])
                                                      0.117    81.531 r  attn_reg[1][3]_i_76/CO[3]
                         net (fo=1, unplaced)         0.000    81.531    attn_reg[1][3]_i_76_n_0
                         CARRY4 (Prop_carry4_CI_CO[3])
                                                      0.117    81.648 r  attn_reg[1][3]_i_71/CO[3]
                         net (fo=1, unplaced)         0.000    81.648    attn_reg[1][3]_i_71_n_0
                         CARRY4 (Prop_carry4_CI_CO[3])
                                                      0.117    81.765 r  attn_reg[1][3]_i_66/CO[3]
                         net (fo=1, unplaced)         0.000    81.765    attn_reg[1][3]_i_66_n_0
                         CARRY4 (Prop_carry4_CI_CO[3])
                                                      0.117    81.882 r  attn_reg[1][3]_i_61/CO[3]
                         net (fo=1, unplaced)         0.000    81.882    attn_reg[1][3]_i_61_n_0
                         CARRY4 (Prop_carry4_CI_CO[3])
                                                      0.117    81.999 r  attn_reg[1][3]_i_56/CO[3]
                         net (fo=1, unplaced)         0.000    81.999    attn_reg[1][3]_i_56_n_0
                         CARRY4 (Prop_carry4_CI_CO[3])
                                                      0.117    82.116 r  attn_reg[1][3]_i_27/CO[3]
                         net (fo=1, unplaced)         0.000    82.116    attn_reg[1][3]_i_27_n_0
                         CARRY4 (Prop_carry4_CI_CO[3])
                                                      0.117    82.233 r  attn_reg[1][3]_i_12/CO[3]
                         net (fo=1, unplaced)         0.000    82.233    attn_reg[1][3]_i_12_n_0
                         CARRY4 (Prop_carry4_CI_CO[1])
                                                      0.179    82.412 r  attn_reg[1][3]_i_3/CO[1]
                         net (fo=38, unplaced)        0.600    83.012    psum3[3]
                         CARRY4 (Prop_carry4_CYINIT_CO[3])
                                                      0.803    83.815 r  attn_reg[1][2]_i_36/CO[3]
                         net (fo=1, unplaced)         0.000    83.815    attn_reg[1][2]_i_36_n_0
                         CARRY4 (Prop_carry4_CI_CO[3])
                                                      0.117    83.932 r  attn_reg[1][2]_i_31/CO[3]
                         net (fo=1, unplaced)         0.000    83.932    attn_reg[1][2]_i_31_n_0
                         CARRY4 (Prop_carry4_CI_CO[3])
                                                      0.117    84.049 r  attn_reg[1][2]_i_26/CO[3]
                         net (fo=1, unplaced)         0.000    84.049    attn_reg[1][2]_i_26_n_0
                         CARRY4 (Prop_carry4_CI_CO[3])
                                                      0.117    84.166 r  attn_reg[1][2]_i_21/CO[3]
                         net (fo=1, unplaced)         0.000    84.166    attn_reg[1][2]_i_21_n_0
                         CARRY4 (Prop_carry4_CI_CO[3])
                                                      0.117    84.283 r  attn_reg[1][2]_i_16/CO[3]
                         net (fo=1, unplaced)         0.000    84.283    attn_reg[1][2]_i_16_n_0
                         CARRY4 (Prop_carry4_CI_CO[3])
                                                      0.117    84.400 r  attn_reg[1][2]_i_11/CO[3]
                         net (fo=1, unplaced)         0.000    84.400    attn_reg[1][2]_i_11_n_0
                         CARRY4 (Prop_carry4_CI_CO[3])
                                                      0.117    84.517 r  attn_reg[1][2]_i_6/CO[3]
                         net (fo=1, unplaced)         0.000    84.517    attn_reg[1][2]_i_6_n_0
                         CARRY4 (Prop_carry4_CI_CO[3])
                                                      0.117    84.634 r  attn_reg[1][2]_i_3/CO[3]
                         net (fo=1, unplaced)         0.000    84.634    attn_reg[1][2]_i_3_n_0
                         CARRY4 (Prop_carry4_CI_CO[1])
                                                      0.179    84.813 r  attn_reg[1][2]_i_2/CO[1]
                         net (fo=38, unplaced)        0.600    85.413    psum3[2]
                         CARRY4 (Prop_carry4_CYINIT_CO[3])
                                                      0.803    86.216 r  attn_reg[1][1]_i_36/CO[3]
                         net (fo=1, unplaced)         0.000    86.216    attn_reg[1][1]_i_36_n_0
                         CARRY4 (Prop_carry4_CI_CO[3])
                                                      0.117    86.333 r  attn_reg[1][1]_i_31/CO[3]
                         net (fo=1, unplaced)         0.000    86.333    attn_reg[1][1]_i_31_n_0
                         CARRY4 (Prop_carry4_CI_CO[3])
                                                      0.117    86.450 r  attn_reg[1][1]_i_26/CO[3]
                         net (fo=1, unplaced)         0.000    86.450    attn_reg[1][1]_i_26_n_0
                         CARRY4 (Prop_carry4_CI_CO[3])
                                                      0.117    86.567 r  attn_reg[1][1]_i_21/CO[3]
                         net (fo=1, unplaced)         0.000    86.567    attn_reg[1][1]_i_21_n_0
                         CARRY4 (Prop_carry4_CI_CO[3])
                                                      0.117    86.684 r  attn_reg[1][1]_i_16/CO[3]
                         net (fo=1, unplaced)         0.000    86.684    attn_reg[1][1]_i_16_n_0
                         CARRY4 (Prop_carry4_CI_CO[3])
                                                      0.117    86.801 r  attn_reg[1][1]_i_11/CO[3]
                         net (fo=1, unplaced)         0.000    86.801    attn_reg[1][1]_i_11_n_0
                         CARRY4 (Prop_carry4_CI_CO[3])
                                                      0.117    86.918 r  attn_reg[1][1]_i_6/CO[3]
                         net (fo=1, unplaced)         0.000    86.918    attn_reg[1][1]_i_6_n_0
                         CARRY4 (Prop_carry4_CI_CO[3])
                                                      0.117    87.035 r  attn_reg[1][1]_i_3/CO[3]
                         net (fo=1, unplaced)         0.000    87.035    attn_reg[1][1]_i_3_n_0
                         CARRY4 (Prop_carry4_CI_CO[1])
                                                      0.179    87.214 r  attn_reg[1][1]_i_2/CO[1]
                         net (fo=38, unplaced)        0.600    87.814    psum3[1]
                         CARRY4 (Prop_carry4_CYINIT_CO[3])
                                                      0.803    88.617 r  attn_reg[1][0]_i_35/CO[3]
                         net (fo=1, unplaced)         0.000    88.617    attn_reg[1][0]_i_35_n_0
                         CARRY4 (Prop_carry4_CI_CO[3])
                                                      0.117    88.734 r  attn_reg[1][0]_i_30/CO[3]
                         net (fo=1, unplaced)         0.000    88.734    attn_reg[1][0]_i_30_n_0
                         CARRY4 (Prop_carry4_CI_CO[3])
                                                      0.117    88.851 r  attn_reg[1][0]_i_25/CO[3]
                         net (fo=1, unplaced)         0.000    88.851    attn_reg[1][0]_i_25_n_0
                         CARRY4 (Prop_carry4_CI_CO[3])
                                                      0.117    88.968 r  attn_reg[1][0]_i_20/CO[3]
                         net (fo=1, unplaced)         0.000    88.968    attn_reg[1][0]_i_20_n_0
                         CARRY4 (Prop_carry4_CI_CO[3])
                                                      0.117    89.085 r  attn_reg[1][0]_i_15/CO[3]
                         net (fo=1, unplaced)         0.000    89.085    attn_reg[1][0]_i_15_n_0
                         CARRY4 (Prop_carry4_CI_CO[3])
                                                      0.117    89.202 r  attn_reg[1][0]_i_10/CO[3]
                         net (fo=1, unplaced)         0.000    89.202    attn_reg[1][0]_i_10_n_0
                         CARRY4 (Prop_carry4_CI_CO[3])
                                                      0.117    89.319 r  attn_reg[1][0]_i_5/CO[3]
                         net (fo=1, unplaced)         0.000    89.319    attn_reg[1][0]_i_5_n_0
                         CARRY4 (Prop_carry4_CI_CO[3])
                                                      0.117    89.436 r  attn_reg[1][0]_i_3/CO[3]
                         net (fo=1, unplaced)         0.000    89.436    attn_reg[1][0]_i_3_n_0
                         CARRY4 (Prop_carry4_CI_CO[0])
                                                      0.281    89.717 f  attn_reg[1][0]_i_2/CO[0]
                         net (fo=3, unplaced)         0.329    90.046    psum3[0]
                         LUT1 (Prop_lut1_I0_O)        0.367    90.413 r  attn[1][4]_i_7/O
                         net (fo=1, unplaced)         0.333    90.746    attn[1][4]_i_7_n_0
                         CARRY4 (Prop_carry4_CYINIT_CO[3])
                                                      0.595    91.341 r  attn_reg[1][4]_i_3/CO[3]
                         net (fo=1, unplaced)         0.000    91.341    attn_reg[1][4]_i_3_n_0
                         CARRY4 (Prop_carry4_CI_CO[3])
                                                      0.117    91.458 r  attn_reg[1][8]_i_3/CO[3]
                         net (fo=1, unplaced)         0.000    91.458    attn_reg[1][8]_i_3_n_0
                         CARRY4 (Prop_carry4_CI_CO[3])
                                                      0.117    91.575 r  attn_reg[1][12]_i_3/CO[3]
                         net (fo=1, unplaced)         0.000    91.575    attn_reg[1][12]_i_3_n_0
                         CARRY4 (Prop_carry4_CI_CO[3])
                                                      0.117    91.692 r  attn_reg[1][16]_i_3/CO[3]
                         net (fo=1, unplaced)         0.000    91.692    attn_reg[1][16]_i_3_n_0
                         CARRY4 (Prop_carry4_CI_CO[3])
                                                      0.117    91.809 r  attn_reg[1][20]_i_3/CO[3]
                         net (fo=1, unplaced)         0.000    91.809    attn_reg[1][20]_i_3_n_0
                         CARRY4 (Prop_carry4_CI_CO[3])
                                                      0.117    91.926 r  attn_reg[1][24]_i_3/CO[3]
                         net (fo=1, unplaced)         0.000    91.926    attn_reg[1][24]_i_3_n_0
                         CARRY4 (Prop_carry4_CI_CO[3])
                                                      0.117    92.043 r  attn_reg[1][28]_i_3/CO[3]
                         net (fo=1, unplaced)         0.000    92.043    attn_reg[1][28]_i_3_n_0
                         CARRY4 (Prop_carry4_CI_O[2])
                                                      0.256    92.299 r  attn_reg[1][31]_i_12/O[2]
                         net (fo=2, unplaced)         0.463    92.762    attn_reg[1][31]_i_12_n_5
                         LUT6 (Prop_lut6_I5_O)        0.301    93.063 r  attn[1][31]_i_2/O
                         net (fo=28, unplaced)        0.803    93.866    attn[1][31]_i_2_n_0
                         DSP48E1                                      r  acc1__0__0/B[14]
  -------------------------------------------------------------------    -------------------

                         (clock clk rise edge)       10.000    10.000 r  <hidden>
                                                      0.000    10.000 r  clk
                         net (fo=50877, unset)        0.924    10.924    clk
                         DSP48E1                                      r  acc1__0__0/CLK
                         clock pessimism              0.000    10.924    <hidden>
                         clock uncertainty           -0.035    10.889    <hidden>
                         DSP48E1 (Setup_dsp48e1_CLK_B[14])
                                                     -0.450    10.439    acc1__0__0
  -------------------------------------------------------------------
                         required time                         10.439    <hidden>
                         arrival time                         -93.866    <hidden>
  -------------------------------------------------------------------
                         slack                                -83.427    <hidden>





Min Delay Paths
--------------------------------------------------------------------------------------
Slack (MET) :             0.213ns  (arrival time - required time)
  Source:                 eden_reg[16]/C
                            (rising edge-triggered cell FDRE clocked by clk  {rise@0.000ns fall@5.000ns period=10.000ns})
  Destination:            eden_reg[17]/D
                            (rising edge-triggered cell FDRE clocked by clk  {rise@0.000ns fall@5.000ns period=10.000ns})
  Path Group:             clk
  Path Type:              Hold (Min at Fast Process Corner)
  Requirement:            0.000ns  (clk rise@0.000ns - clk rise@0.000ns)
  Data Path Delay:        0.369ns  (logic 0.256ns (69.462%)  route 0.113ns (30.538%))
  Logic Levels:           1  (CARRY4=1)
  Clock Path Skew:        0.022ns (DCD - SCD - CPR)
    Destination Clock Delay (DCD):    0.432ns
    Source Clock Delay      (SCD):    0.410ns
    Clock Pessimism Removal (CPR):    -0.000ns

    Location             Delay type                Incr(ns)  Path(ns)    Netlist Resource(s)
  -------------------------------------------------------------------    -------------------
                         (clock clk rise edge)        0.000     0.000 r  <hidden>
                                                      0.000     0.000 r  clk
                         net (fo=50877, unset)        0.410     0.410    clk
                         FDRE                                         r  eden_reg[16]/C
  -------------------------------------------------------------------    -------------------
                         FDRE (Prop_fdre_C_Q)         0.164     0.574 r  eden_reg[16]/Q
                         net (fo=38, unplaced)        0.113     0.687    eden_reg_n_0_[16]
                         CARRY4 (Prop_carry4_DI[0]_O[1])
                                                      0.092     0.779 r  eden_reg[19]_i_1/O[1]
                         net (fo=1, unplaced)         0.000     0.779    eden_reg[19]_i_1_n_6
                         FDRE                                         r  eden_reg[17]/D
  -------------------------------------------------------------------    -------------------

                         (clock clk rise edge)        0.000     0.000 r  <hidden>
                                                      0.000     0.000 r  clk
                         net (fo=50877, unset)        0.432     0.432    clk
                         FDRE                                         r  eden_reg[17]/C
                         clock pessimism              0.000     0.432    <hidden>
                         FDRE (Hold_fdre_C_D)         0.134     0.566    eden_reg[17]
  -------------------------------------------------------------------
                         required time                         -0.566    <hidden>
                         arrival time                           0.779    <hidden>
  -------------------------------------------------------------------
                         slack                                  0.213    <hidden>





Pulse Width Checks
--------------------------------------------------------------------------------------
Clock Name:         clk
Waveform(ns):       { 0.000 5.000 }
Period(ns):         10.000
Sources:            { clk }

Check Type        Corner  Lib Pin  Reference Pin  Required(ns)  Actual(ns)  Slack(ns)  Location  Pin
Min Period        n/a     FDCE/C   n/a            1.000         10.000      9.000                acc_reg[0]/C
Low Pulse Width   Slow    FDCE/C   n/a            0.500         5.000       4.500                acc_reg[0]/C
High Pulse Width  Slow    FDCE/C   n/a            0.500         5.000       4.500                acc_reg[0]/C



