Copyright 1986-2022 Xilinx, Inc. All Rights Reserved. Copyright 2022-2026 Advanced Micro Devices, Inc. All Rights Reserved.
-----------------------------------------------------------------------------------------------------------------------------------------------------------------------------------------------
| Tool Version : Vivado v.2026.1 (win64) Build 6511674 Tue Jun 16 11:02:23 MDT 2026
| Date         : Thu Sep 10 01:51:09 2026
| Host         : laptop-Quan running 64-bit major release  (build 9200)
| Command      : report_timing_summary -file D:/FPGA/FPGG_ART_Y_ASTRA_NATIVE_V1_RESEARCH/results/A7-NATIVE-GRAPH/ASTRA-FINAL-C4-C7-20260909/26_C4_D32_BITEXACT_PHYSICAL/timing_summary_e3i.rpt
| Design       : a7ng_astra_c4_lm06_d32_fr_v2
| Device       : 7a100t-csg324
| Speed File   : -1  PRODUCTION 1.23 2018-06-13
| Design State : Synthesized
-----------------------------------------------------------------------------------------------------------------------------------------------------------------------------------------------

Timing Summary Report

------------------------------------------------------------------------------------------------
| Timer Settings
| --------------
------------------------------------------------------------------------------------------------

  Enable Multi Corner Analysis               :  Yes
  Enable Pessimism Removal                   :  Yes
  Pessimism Removal Resolution               :  Nearest Common Node
  Enable Input Delay Default Clock           :  No
  Enable Preset / Clear Arcs                 :  No
  Disable Flight Delays                      :  No
  Ignore I/O Paths                           :  No
  Timing Early Launch at Borrowing Latches   :  No
  Borrow Time for Max Delay Exceptions       :  Yes
  Merge Timing Exceptions                    :  Yes
  Inter-SLR Compensation                     :  Conservative

  Corner  Analyze    Analyze    
  Name    Max Paths  Min Paths  
  ------  ---------  ---------  
  Slow    Yes        Yes        
  Fast    Yes        Yes        


------------------------------------------------------------------------------------------------
| Report Methodology
| ------------------
------------------------------------------------------------------------------------------------

No report available as report_methodology has not been run prior. Run report_methodology on the current design for the summary of methodology violations.



check_timing report

Table of Contents
-----------------
1. checking no_clock (0)
2. checking constant_clock (0)
3. checking pulse_width_clock (0)
4. checking unconstrained_internal_endpoints (0)
5. checking no_input_delay (133)
6. checking no_output_delay (21)
7. checking multiple_clock (0)
8. checking generated_clocks (0)
9. checking loops (0)
10. checking partial_input_delay (0)
11. checking partial_output_delay (0)
12. checking latch_loops (0)

1. checking no_clock (0)
------------------------
 There are 0 register/latch pins with no clock.


2. checking constant_clock (0)
------------------------------
 There are 0 register/latch pins with constant_clock.


3. checking pulse_width_clock (0)
---------------------------------
 There are 0 register/latch pins which need pulse_width check


4. checking unconstrained_internal_endpoints (0)
------------------------------------------------
 There are 0 pins that are not constrained for maximum delay.

 There are 0 pins that are not constrained for maximum delay due to constant clock.


5. checking no_input_delay (133)
--------------------------------
 There are 133 input ports with no input delay specified. (HIGH)

 There are 0 input ports with no input delay but user has a false path constraint.


6. checking no_output_delay (21)
--------------------------------
 There are 21 ports with no output delay specified. (HIGH)

 There are 0 ports with no output delay but user has a false path constraint

 There are 0 ports with no output delay but with a timing clock defined on it or propagating through it


7. checking multiple_clock (0)
------------------------------
 There are 0 register/latch pins with multiple clocks.


8. checking generated_clocks (0)
--------------------------------
 There are 0 generated clocks that are not connected to a clock source.


9. checking loops (0)
---------------------
 There are 0 combinational loops in the design.


10. checking partial_input_delay (0)
------------------------------------
 There are 0 input ports with partial input delay specified.


11. checking partial_output_delay (0)
-------------------------------------
 There are 0 ports with partial output delay specified.


12. checking latch_loops (0)
----------------------------
 There are 0 combinational latch loops in the design through latch input



------------------------------------------------------------------------------------------------
| Design Timing Summary
| ---------------------
------------------------------------------------------------------------------------------------

    WNS(ns)      TNS(ns)  TNS Failing Endpoints  TNS Total Endpoints      WHS(ns)      THS(ns)  THS Failing Endpoints  THS Total Endpoints     WPWS(ns)     TPWS(ns)  TPWS Failing Endpoints  TPWS Total Endpoints  
    -------      -------  ---------------------  -------------------      -------      -------  ---------------------  -------------------     --------     --------  ----------------------  --------------------  
    -19.828   -24375.930                   1965                89360        0.177        0.000                      0                89360        3.750        0.000                       0                 43046  


Timing constraints are not met.


------------------------------------------------------------------------------------------------
| Clock Summary
| -------------
------------------------------------------------------------------------------------------------

Clock  Waveform(ns)       Period(ns)      Frequency(MHz)
-----  ------------       ----------      --------------
clk    {0.000 5.000}      10.000          100.000         


------------------------------------------------------------------------------------------------
| Intra Clock Table
| -----------------
------------------------------------------------------------------------------------------------

Clock             WNS(ns)      TNS(ns)  TNS Failing Endpoints  TNS Total Endpoints      WHS(ns)      THS(ns)  THS Failing Endpoints  THS Total Endpoints     WPWS(ns)     TPWS(ns)  TPWS Failing Endpoints  TPWS Total Endpoints  
-----             -------      -------  ---------------------  -------------------      -------      -------  ---------------------  -------------------     --------     --------  ----------------------  --------------------  
clk               -19.828   -24375.930                   1965                89360        0.177        0.000                      0                89360        3.750        0.000                       0                 43046  


------------------------------------------------------------------------------------------------
| Inter Clock Table
| -----------------
------------------------------------------------------------------------------------------------

From Clock    To Clock          WNS(ns)      TNS(ns)  TNS Failing Endpoints  TNS Total Endpoints      WHS(ns)      THS(ns)  THS Failing Endpoints  THS Total Endpoints  
----------    --------          -------      -------  ---------------------  -------------------      -------      -------  ---------------------  -------------------  


------------------------------------------------------------------------------------------------
| Other Path Groups Table
| -----------------------
------------------------------------------------------------------------------------------------

Path Group    From Clock    To Clock          WNS(ns)      TNS(ns)  TNS Failing Endpoints  TNS Total Endpoints      WHS(ns)      THS(ns)  THS Failing Endpoints  THS Total Endpoints  
----------    ----------    --------          -------      -------  ---------------------  -------------------      -------      -------  ---------------------  -------------------  


------------------------------------------------------------------------------------------------
| Timing Details
| --------------
------------------------------------------------------------------------------------------------


---------------------------------------------------------------------------------------------------
From Clock:  clk
  To Clock:  clk

Setup :         1965  Failing Endpoints,  Worst Slack      -19.828ns,  Total Violation   -24375.930ns
Hold  :            0  Failing Endpoints,  Worst Slack        0.177ns,  Total Violation        0.000ns
PW    :            0  Failing Endpoints,  Worst Slack        3.750ns,  Total Violation        0.000ns
---------------------------------------------------------------------------------------------------


Max Delay Paths
--------------------------------------------------------------------------------------
Slack (VIOLATED) :        -19.828ns  (required time - arrival time)
  Source:                 dj_reg[4]/C
                            (rising edge-triggered cell FDCE clocked by clk  {rise@0.000ns fall@5.000ns period=10.000ns})
  Destination:            zv_wdata_reg[0]/D
                            (rising edge-triggered cell FDRE clocked by clk  {rise@0.000ns fall@5.000ns period=10.000ns})
  Path Group:             clk
  Path Type:              Setup (Max at Slow Process Corner)
  Requirement:            10.000ns  (clk rise@10.000ns - clk rise@0.000ns)
  Data Path Delay:        29.788ns  (logic 21.881ns (73.455%)  route 7.907ns (26.545%))
  Logic Levels:           49  (CARRY4=35 DSP48E1=4 LUT1=1 LUT2=2 LUT3=2 LUT4=3 LUT6=2)
  Clock Path Skew:        -0.049ns (DCD - SCD + CPR)
    Destination Clock Delay (DCD):    0.924ns = ( 10.924 - 10.000 ) 
    Source Clock Delay      (SCD):    0.973ns
    Clock Pessimism Removal (CPR):    0.000ns
  Clock Uncertainty:      0.035ns  ((TSJ^2 + TIJ^2)^1/2 + DJ) / 2 + PE
    Total System Jitter     (TSJ):    0.071ns
    Total Input Jitter      (TIJ):    0.000ns
    Discrete Jitter          (DJ):    0.000ns
    Phase Error              (PE):    0.000ns

    Location             Delay type                Incr(ns)  Path(ns)    Netlist Resource(s)
  -------------------------------------------------------------------    -------------------
                         (clock clk rise edge)        0.000     0.000 r  <hidden>
                                                      0.000     0.000 r  clk
                         net (fo=43049, unset)        0.973     0.973    clk
                         FDCE                                         r  dj_reg[4]/C
  -------------------------------------------------------------------    -------------------
                         FDCE (Prop_fdce_C_Q)         0.478     1.451 r  dj_reg[4]/Q
                         net (fo=73, unplaced)        1.057     2.508    dj_reg_n_0_[4]
                         LUT6 (Prop_lut6_I0_O)        0.295     2.803 r  val0_i_3/O
                         net (fo=12, unplaced)        0.803     3.606    val0_i_3_n_0
                         DSP48E1 (Prop_dsp48e1_B[17]_P[1])
                                                      3.656     7.262 r  val0/P[1]
                         net (fo=1, unplaced)         0.803     8.065    val0_n_104
                         LUT2 (Prop_lut2_I1_O)        0.124     8.189 r  c4_rq5_return1__3_i_19/O
                         net (fo=1, unplaced)         0.000     8.189    c4_rq5_return1__3_i_19_n_0
                         CARRY4 (Prop_carry4_S[1]_CO[3])
                                                      0.533     8.722 r  c4_rq5_return1__3_i_4/CO[3]
                         net (fo=1, unplaced)         0.000     8.722    c4_rq5_return1__3_i_4_n_0
                         CARRY4 (Prop_carry4_CI_CO[3])
                                                      0.117     8.839 r  c4_rq5_return1__3_i_3/CO[3]
                         net (fo=1, unplaced)         0.000     8.839    c4_rq5_return1__3_i_3_n_0
                         CARRY4 (Prop_carry4_CI_CO[3])
                                                      0.117     8.956 r  c4_rq5_return1__3_i_2/CO[3]
                         net (fo=1, unplaced)         0.000     8.956    c4_rq5_return1__3_i_2_n_0
                         CARRY4 (Prop_carry4_CI_CO[3])
                                                      0.117     9.073 r  c4_rq5_return1__3_i_1/CO[3]
                         net (fo=1, unplaced)         0.000     9.073    c4_rq5_return1__3_i_1_n_0
                         CARRY4 (Prop_carry4_CI_CO[3])
                                                      0.117     9.190 r  c4_rq5_return1__0_i_5/CO[3]
                         net (fo=1, unplaced)         0.000     9.190    c4_rq5_return1__0_i_5_n_0
                         CARRY4 (Prop_carry4_CI_CO[3])
                                                      0.117     9.307 r  c4_rq5_return1__0_i_4/CO[3]
                         net (fo=1, unplaced)         0.000     9.307    c4_rq5_return1__0_i_4_n_0
                         CARRY4 (Prop_carry4_CI_CO[3])
                                                      0.117     9.424 r  c4_rq5_return1__0_i_3/CO[3]
                         net (fo=1, unplaced)         0.000     9.424    c4_rq5_return1__0_i_3_n_0
                         CARRY4 (Prop_carry4_CI_CO[3])
                                                      0.117     9.541 r  c4_rq5_return1__0_i_2/CO[3]
                         net (fo=1, unplaced)         0.000     9.541    c4_rq5_return1__0_i_2_n_0
                         CARRY4 (Prop_carry4_CI_O[1])
                                                      0.337     9.878 r  c4_rq5_return1__0_i_1/O[1]
                         net (fo=2, unplaced)         0.803    10.681    c4_rq5_return1__0_i_1_n_6
                         DSP48E1 (Prop_dsp48e1_A[16]_PCOUT[47])
                                                      4.215    14.896 r  c4_rq5_return1__0/PCOUT[47]
                         net (fo=1, unplaced)         0.000    14.896    c4_rq5_return1__0_n_106
                         DSP48E1 (Prop_dsp48e1_PCIN[47]_PCOUT[47])
                                                      1.713    16.609 r  c4_rq5_return1__1/PCOUT[47]
                         net (fo=1, unplaced)         0.000    16.609    c4_rq5_return1__1_n_106
                         DSP48E1 (Prop_dsp48e1_PCIN[47]_P[2])
                                                      1.518    18.127 r  c4_rq5_return1__2/P[2]
                         net (fo=2, unplaced)         0.803    18.929    c4_rq5_return1__2_n_103
                         LUT3 (Prop_lut3_I1_O)        0.124    19.053 r  zv_wdata[15]_i_238/O
                         net (fo=2, unplaced)         0.460    19.513    zv_wdata[15]_i_238_n_0
                         LUT4 (Prop_lut4_I3_O)        0.124    19.637 r  zv_wdata[15]_i_242/O
                         net (fo=1, unplaced)         0.000    19.637    zv_wdata[15]_i_242_n_0
                         CARRY4 (Prop_carry4_S[1]_CO[3])
                                                      0.533    20.170 r  zv_wdata_reg[15]_i_173/CO[3]
                         net (fo=1, unplaced)         0.000    20.170    zv_wdata_reg[15]_i_173_n_0
                         CARRY4 (Prop_carry4_CI_CO[3])
                                                      0.117    20.287 r  zv_wdata_reg[15]_i_114/CO[3]
                         net (fo=1, unplaced)         0.000    20.287    zv_wdata_reg[15]_i_114_n_0
                         CARRY4 (Prop_carry4_CI_O[2])
                                                      0.256    20.543 r  zv_wdata_reg[15]_i_62/O[2]
                         net (fo=128, unplaced)       0.558    21.101    c4_rq5_return1__6[63]
                         LUT4 (Prop_lut4_I2_O)        0.293    21.394 r  zv_wdata[3]_i_166/O
                         net (fo=1, unplaced)         0.000    21.394    zv_wdata[3]_i_166_n_0
                         CARRY4 (Prop_carry4_DI[0]_CO[3])
                                                      0.576    21.970 r  zv_wdata_reg[3]_i_135/CO[3]
                         net (fo=1, unplaced)         0.000    21.970    zv_wdata_reg[3]_i_135_n_0
                         CARRY4 (Prop_carry4_CI_CO[3])
                                                      0.117    22.087 r  zv_wdata_reg[3]_i_95/CO[3]
                         net (fo=1, unplaced)         0.000    22.087    zv_wdata_reg[3]_i_95_n_0
                         CARRY4 (Prop_carry4_CI_CO[3])
                                                      0.117    22.204 r  zv_wdata_reg[3]_i_56/CO[3]
                         net (fo=1, unplaced)         0.000    22.204    zv_wdata_reg[3]_i_56_n_0
                         CARRY4 (Prop_carry4_CI_CO[3])
                                                      0.117    22.321 r  zv_wdata_reg[3]_i_33/CO[3]
                         net (fo=1, unplaced)         0.000    22.321    zv_wdata_reg[3]_i_33_n_0
                         CARRY4 (Prop_carry4_CI_CO[2])
                                                      0.252    22.573 r  zv_wdata_reg[3]_i_18/CO[2]
                         net (fo=2, unplaced)         0.463    23.036    zv_wdata_reg[3]_i_18_n_1
                         LUT4 (Prop_lut4_I3_O)        0.310    23.346 r  zv_wdata[3]_i_22/O
                         net (fo=1, unplaced)         0.000    23.346    zv_wdata[3]_i_22_n_0
                         CARRY4 (Prop_carry4_S[0]_CO[3])
                                                      0.513    23.859 r  zv_wdata_reg[3]_i_12/CO[3]
                         net (fo=1, unplaced)         0.000    23.859    zv_wdata_reg[3]_i_12_n_0
                         CARRY4 (Prop_carry4_CI_CO[3])
                                                      0.117    23.976 r  zv_wdata_reg[7]_i_13/CO[3]
                         net (fo=1, unplaced)         0.000    23.976    zv_wdata_reg[7]_i_13_n_0
                         CARRY4 (Prop_carry4_CI_CO[3])
                                                      0.117    24.093 r  zv_wdata_reg[11]_i_13/CO[3]
                         net (fo=1, unplaced)         0.000    24.093    zv_wdata_reg[11]_i_13_n_0
                         CARRY4 (Prop_carry4_CI_CO[3])
                                                      0.117    24.210 r  zv_wdata_reg[15]_i_63/CO[3]
                         net (fo=1, unplaced)         0.000    24.210    zv_wdata_reg[15]_i_63_n_0
                         CARRY4 (Prop_carry4_CI_O[2])
                                                      0.256    24.466 f  zv_wdata_reg[15]_i_184/O[2]
                         net (fo=2, unplaced)         0.463    24.929    zv_wdata_reg[15]_i_184_n_5
                         LUT1 (Prop_lut1_I0_O)        0.301    25.230 r  zv_wdata[15]_i_339/O
                         net (fo=1, unplaced)         0.000    25.230    zv_wdata[15]_i_339_n_0
                         CARRY4 (Prop_carry4_S[1]_CO[3])
                                                      0.533    25.763 r  zv_wdata_reg[15]_i_289/CO[3]
                         net (fo=1, unplaced)         0.000    25.763    zv_wdata_reg[15]_i_289_n_0
                         CARRY4 (Prop_carry4_CI_O[3])
                                                      0.331    26.094 r  zv_wdata_reg[15]_i_213/O[3]
                         net (fo=1, unplaced)         0.448    26.542    c4_rq5_return0[24]
                         LUT6 (Prop_lut6_I5_O)        0.307    26.849 r  zv_wdata[15]_i_329/O
                         net (fo=1, unplaced)         0.000    26.849    zv_wdata[15]_i_329_n_0
                         CARRY4 (Prop_carry4_S[0]_CO[3])
                                                      0.513    27.362 r  zv_wdata_reg[15]_i_267/CO[3]
                         net (fo=1, unplaced)         0.000    27.362    zv_wdata_reg[15]_i_267_n_0
                         CARRY4 (Prop_carry4_CI_CO[3])
                                                      0.117    27.479 r  zv_wdata_reg[15]_i_266/CO[3]
                         net (fo=1, unplaced)         0.000    27.479    zv_wdata_reg[15]_i_266_n_0
                         CARRY4 (Prop_carry4_CI_CO[3])
                                                      0.117    27.596 r  zv_wdata_reg[15]_i_195/CO[3]
                         net (fo=1, unplaced)         0.000    27.596    zv_wdata_reg[15]_i_195_n_0
                         CARRY4 (Prop_carry4_CI_CO[3])
                                                      0.117    27.713 r  zv_wdata_reg[15]_i_194/CO[3]
                         net (fo=1, unplaced)         0.000    27.713    zv_wdata_reg[15]_i_194_n_0
                         CARRY4 (Prop_carry4_CI_CO[3])
                                                      0.117    27.830 r  zv_wdata_reg[15]_i_142/CO[3]
                         net (fo=1, unplaced)         0.000    27.830    zv_wdata_reg[15]_i_142_n_0
                         CARRY4 (Prop_carry4_CI_CO[3])
                                                      0.117    27.947 r  zv_wdata_reg[15]_i_141/CO[3]
                         net (fo=1, unplaced)         0.000    27.947    zv_wdata_reg[15]_i_141_n_0
                         CARRY4 (Prop_carry4_CI_CO[3])
                                                      0.117    28.064 r  zv_wdata_reg[15]_i_77/CO[3]
                         net (fo=1, unplaced)         0.000    28.064    zv_wdata_reg[15]_i_77_n_0
                         CARRY4 (Prop_carry4_CI_CO[3])
                                                      0.117    28.181 r  zv_wdata_reg[15]_i_76/CO[3]
                         net (fo=1, unplaced)         0.000    28.181    zv_wdata_reg[15]_i_76_n_0
                         CARRY4 (Prop_carry4_CI_CO[3])
                                                      0.117    28.298 r  zv_wdata_reg[15]_i_49/CO[3]
                         net (fo=1, unplaced)         0.000    28.298    zv_wdata_reg[15]_i_49_n_0
                         CARRY4 (Prop_carry4_CI_O[3])
                                                      0.331    28.629 r  zv_wdata_reg[15]_i_48/O[3]
                         net (fo=4, unplaced)         0.445    29.074    zv_wdata_reg[15]_i_48_n_4
                         LUT2 (Prop_lut2_I0_O)        0.332    29.406 r  zv_wdata[15]_i_20/O
                         net (fo=1, unplaced)         0.000    29.406    zv_wdata[15]_i_20_n_0
                         CARRY4 (Prop_carry4_DI[3]_CO[3])
                                                      0.429    29.835 r  zv_wdata_reg[15]_i_6/CO[3]
                         net (fo=16, unplaced)        0.802    30.637    zv_wdata_reg[15]_i_6_n_0
                         LUT3 (Prop_lut3_I1_O)        0.124    30.761 r  zv_wdata[0]_i_1/O
                         net (fo=1, unplaced)         0.000    30.761    zv_wdata[0]_i_1_n_0
                         FDRE                                         r  zv_wdata_reg[0]/D
  -------------------------------------------------------------------    -------------------

                         (clock clk rise edge)       10.000    10.000 r  <hidden>
                                                      0.000    10.000 r  clk
                         net (fo=43049, unset)        0.924    10.924    clk
                         FDRE                                         r  zv_wdata_reg[0]/C
                         clock pessimism              0.000    10.924    <hidden>
                         clock uncertainty           -0.035    10.889    <hidden>
                         FDRE (Setup_fdre_C_D)        0.044    10.933    zv_wdata_reg[0]
  -------------------------------------------------------------------
                         required time                         10.933    <hidden>
                         arrival time                         -30.761    <hidden>
  -------------------------------------------------------------------
                         slack                                -19.828    <hidden>





Min Delay Paths
--------------------------------------------------------------------------------------
Slack (MET) :             0.177ns  (arrival time - required time)
  Source:                 qv_wdata_reg[0]/C
                            (rising edge-triggered cell FDRE clocked by clk  {rise@0.000ns fall@5.000ns period=10.000ns})
  Destination:            qv_reg_r1_0_31_0_5/RAMA/I
                            (rising edge-triggered cell RAMD32 clocked by clk  {rise@0.000ns fall@5.000ns period=10.000ns})
  Path Group:             clk
  Path Type:              Hold (Min at Fast Process Corner)
  Requirement:            0.000ns  (clk rise@0.000ns - clk rise@0.000ns)
  Data Path Delay:        0.292ns  (logic 0.147ns (50.269%)  route 0.145ns (49.731%))
  Logic Levels:           0  
  Clock Path Skew:        0.022ns (DCD - SCD - CPR)
    Destination Clock Delay (DCD):    0.432ns
    Source Clock Delay      (SCD):    0.410ns
    Clock Pessimism Removal (CPR):    -0.000ns

    Location             Delay type                Incr(ns)  Path(ns)    Netlist Resource(s)
  -------------------------------------------------------------------    -------------------
                         (clock clk rise edge)        0.000     0.000 r  <hidden>
                                                      0.000     0.000 r  clk
                         net (fo=43049, unset)        0.410     0.410    clk
                         FDRE                                         r  qv_wdata_reg[0]/C
  -------------------------------------------------------------------    -------------------
                         FDRE (Prop_fdre_C_Q)         0.147     0.557 r  qv_wdata_reg[0]/Q
                         net (fo=2, unplaced)         0.145     0.703    qv_reg_r1_0_31_0_5/DIA0
                         RAMD32                                       r  qv_reg_r1_0_31_0_5/RAMA/I
  -------------------------------------------------------------------    -------------------

                         (clock clk rise edge)        0.000     0.000 r  <hidden>
                                                      0.000     0.000 r  clk
                         net (fo=43049, unset)        0.432     0.432    qv_reg_r1_0_31_0_5/WCLK
                         RAMD32                                       r  qv_reg_r1_0_31_0_5/RAMA/CLK
                         clock pessimism              0.000     0.432    <hidden>
                         RAMD32 (Hold_ramd32_CLK_I)
                                                      0.094     0.526    qv_reg_r1_0_31_0_5/RAMA
  -------------------------------------------------------------------
                         required time                         -0.526    <hidden>
                         arrival time                           0.703    <hidden>
  -------------------------------------------------------------------
                         slack                                  0.177    <hidden>





Pulse Width Checks
--------------------------------------------------------------------------------------
Clock Name:         clk
Waveform(ns):       { 0.000 5.000 }
Period(ns):         10.000
Sources:            { clk }

Check Type        Corner  Lib Pin      Reference Pin  Required(ns)  Actual(ns)  Slack(ns)  Location  Pin
Min Period        n/a     DSP48E1/CLK  n/a            2.154         10.000      7.846                u_rq/prod_r0/CLK
Low Pulse Width   Slow    RAMD64E/CLK  n/a            1.250         5.000       3.750                logits_reg_0_63_0_2/RAMA/CLK
High Pulse Width  Slow    RAMD64E/CLK  n/a            1.250         5.000       3.750                logits_reg_0_63_0_2/RAMA/CLK



