Copyright 1986-2022 Xilinx, Inc. All Rights Reserved. Copyright 2022-2026 Advanced Micro Devices, Inc. All Rights Reserved.
-----------------------------------------------------------------------------------------------------------------------------------------------------------------------------------------------
| Tool Version : Vivado v.2026.1 (win64) Build 6511674 Tue Jun 16 11:02:23 MDT 2026
| Date         : Thu Sep 10 16:18:13 2026
| Host         : laptop-Quan running 64-bit major release  (build 9200)
| Command      : report_timing_summary -file D:/FPGA/FPGG_ART_Y_ASTRA_NATIVE_V1_RESEARCH/results/A7-NATIVE-GRAPH/ASTRA-FINAL-C4-C7-20260909/26_C4_D32_BITEXACT_PHYSICAL/timing_summary_e3p.rpt
| Design       : a7ng_astra_c4_lm06_d32_fr_v2
| Device       : 7a100t-csg324
| Speed File   : -1  PRODUCTION 1.23 2018-06-13
| Design State : Synthesized
-----------------------------------------------------------------------------------------------------------------------------------------------------------------------------------------------

Timing Summary Report

------------------------------------------------------------------------------------------------
| Timer Settings
| --------------
------------------------------------------------------------------------------------------------

  Enable Multi Corner Analysis               :  Yes
  Enable Pessimism Removal                   :  Yes
  Pessimism Removal Resolution               :  Nearest Common Node
  Enable Input Delay Default Clock           :  No
  Enable Preset / Clear Arcs                 :  No
  Disable Flight Delays                      :  No
  Ignore I/O Paths                           :  No
  Timing Early Launch at Borrowing Latches   :  No
  Borrow Time for Max Delay Exceptions       :  Yes
  Merge Timing Exceptions                    :  Yes
  Inter-SLR Compensation                     :  Conservative

  Corner  Analyze    Analyze    
  Name    Max Paths  Min Paths  
  ------  ---------  ---------  
  Slow    Yes        Yes        
  Fast    Yes        Yes        


------------------------------------------------------------------------------------------------
| Report Methodology
| ------------------
------------------------------------------------------------------------------------------------

No report available as report_methodology has not been run prior. Run report_methodology on the current design for the summary of methodology violations.



check_timing report

Table of Contents
-----------------
1. checking no_clock (0)
2. checking constant_clock (0)
3. checking pulse_width_clock (0)
4. checking unconstrained_internal_endpoints (0)
5. checking no_input_delay (133)
6. checking no_output_delay (21)
7. checking multiple_clock (0)
8. checking generated_clocks (0)
9. checking loops (0)
10. checking partial_input_delay (0)
11. checking partial_output_delay (0)
12. checking latch_loops (0)

1. checking no_clock (0)
------------------------
 There are 0 register/latch pins with no clock.


2. checking constant_clock (0)
------------------------------
 There are 0 register/latch pins with constant_clock.


3. checking pulse_width_clock (0)
---------------------------------
 There are 0 register/latch pins which need pulse_width check


4. checking unconstrained_internal_endpoints (0)
------------------------------------------------
 There are 0 pins that are not constrained for maximum delay.

 There are 0 pins that are not constrained for maximum delay due to constant clock.


5. checking no_input_delay (133)
--------------------------------
 There are 133 input ports with no input delay specified. (HIGH)

 There are 0 input ports with no input delay but user has a false path constraint.


6. checking no_output_delay (21)
--------------------------------
 There are 21 ports with no output delay specified. (HIGH)

 There are 0 ports with no output delay but user has a false path constraint

 There are 0 ports with no output delay but with a timing clock defined on it or propagating through it


7. checking multiple_clock (0)
------------------------------
 There are 0 register/latch pins with multiple clocks.


8. checking generated_clocks (0)
--------------------------------
 There are 0 generated clocks that are not connected to a clock source.


9. checking loops (0)
---------------------
 There are 0 combinational loops in the design.


10. checking partial_input_delay (0)
------------------------------------
 There are 0 input ports with partial input delay specified.


11. checking partial_output_delay (0)
-------------------------------------
 There are 0 ports with partial output delay specified.


12. checking latch_loops (0)
----------------------------
 There are 0 combinational latch loops in the design through latch input



------------------------------------------------------------------------------------------------
| Design Timing Summary
| ---------------------
------------------------------------------------------------------------------------------------

    WNS(ns)      TNS(ns)  TNS Failing Endpoints  TNS Total Endpoints      WHS(ns)      THS(ns)  THS Failing Endpoints  THS Total Endpoints     WPWS(ns)     TPWS(ns)  TPWS Failing Endpoints  TPWS Total Endpoints  
    -------      -------  ---------------------  -------------------      -------      -------  ---------------------  -------------------     --------     --------  ----------------------  --------------------  
     -5.220    -1900.469                   1024                89588        0.172        0.000                      0                89588        3.750        0.000                       0                 43216  


Timing constraints are not met.


------------------------------------------------------------------------------------------------
| Clock Summary
| -------------
------------------------------------------------------------------------------------------------

Clock  Waveform(ns)       Period(ns)      Frequency(MHz)
-----  ------------       ----------      --------------
clk    {0.000 5.000}      10.000          100.000         


------------------------------------------------------------------------------------------------
| Intra Clock Table
| -----------------
------------------------------------------------------------------------------------------------

Clock             WNS(ns)      TNS(ns)  TNS Failing Endpoints  TNS Total Endpoints      WHS(ns)      THS(ns)  THS Failing Endpoints  THS Total Endpoints     WPWS(ns)     TPWS(ns)  TPWS Failing Endpoints  TPWS Total Endpoints  
-----             -------      -------  ---------------------  -------------------      -------      -------  ---------------------  -------------------     --------     --------  ----------------------  --------------------  
clk                -5.220    -1900.469                   1024                89588        0.172        0.000                      0                89588        3.750        0.000                       0                 43216  


------------------------------------------------------------------------------------------------
| Inter Clock Table
| -----------------
------------------------------------------------------------------------------------------------

From Clock    To Clock          WNS(ns)      TNS(ns)  TNS Failing Endpoints  TNS Total Endpoints      WHS(ns)      THS(ns)  THS Failing Endpoints  THS Total Endpoints  
----------    --------          -------      -------  ---------------------  -------------------      -------      -------  ---------------------  -------------------  


------------------------------------------------------------------------------------------------
| Other Path Groups Table
| -----------------------
------------------------------------------------------------------------------------------------

Path Group    From Clock    To Clock          WNS(ns)      TNS(ns)  TNS Failing Endpoints  TNS Total Endpoints      WHS(ns)      THS(ns)  THS Failing Endpoints  THS Total Endpoints  
----------    ----------    --------          -------      -------  ---------------------  -------------------      -------      -------  ---------------------  -------------------  


------------------------------------------------------------------------------------------------
| Timing Details
| --------------
------------------------------------------------------------------------------------------------


---------------------------------------------------------------------------------------------------
From Clock:  clk
  To Clock:  clk

Setup :         1024  Failing Endpoints,  Worst Slack       -5.220ns,  Total Violation    -1900.469ns
Hold  :            0  Failing Endpoints,  Worst Slack        0.172ns,  Total Violation        0.000ns
PW    :            0  Failing Endpoints,  Worst Slack        3.750ns,  Total Violation        0.000ns
---------------------------------------------------------------------------------------------------


Max Delay Paths
--------------------------------------------------------------------------------------
Slack (VIOLATED) :        -5.220ns  (required time - arrival time)
  Source:                 vv_reg[23][30][15]/C
                            (rising edge-triggered cell FDRE clocked by clk  {rise@0.000ns fall@5.000ns period=10.000ns})
  Destination:            hacc_reg[63]/D
                            (rising edge-triggered cell FDCE clocked by clk  {rise@0.000ns fall@5.000ns period=10.000ns})
  Path Group:             clk
  Path Type:              Setup (Max at Slow Process Corner)
  Requirement:            10.000ns  (clk rise@10.000ns - clk rise@0.000ns)
  Data Path Delay:        15.180ns  (logic 10.242ns (67.472%)  route 4.938ns (32.528%))
  Logic Levels:           23  (CARRY4=12 DSP48E1=2 LUT2=1 LUT3=1 LUT4=1 LUT5=1 LUT6=2 MUXF7=3)
  Clock Path Skew:        -0.049ns (DCD - SCD + CPR)
    Destination Clock Delay (DCD):    0.924ns = ( 10.924 - 10.000 ) 
    Source Clock Delay      (SCD):    0.973ns
    Clock Pessimism Removal (CPR):    0.000ns
  Clock Uncertainty:      0.035ns  ((TSJ^2 + TIJ^2)^1/2 + DJ) / 2 + PE
    Total System Jitter     (TSJ):    0.071ns
    Total Input Jitter      (TIJ):    0.000ns
    Discrete Jitter          (DJ):    0.000ns
    Phase Error              (PE):    0.000ns

    Location             Delay type                Incr(ns)  Path(ns)    Netlist Resource(s)
  -------------------------------------------------------------------    -------------------
                         (clock clk rise edge)        0.000     0.000 r  <hidden>
                                                      0.000     0.000 r  clk
                         net (fo=43218, unset)        0.973     0.973    clk
                         FDRE                                         r  vv_reg[23][30][15]/C
  -------------------------------------------------------------------    -------------------
                         FDRE (Prop_fdre_C_Q)         0.478     1.451 r  vv_reg[23][30][15]/Q
                         net (fo=1, unplaced)         0.965     2.416    vv_reg_n_0_[23][30][15]
                         LUT6 (Prop_lut6_I0_O)        0.295     2.711 r  hacc2_i_3692/O
                         net (fo=1, unplaced)         0.000     2.711    hacc2_i_3692_n_0
                         MUXF7 (Prop_muxf7_I1_O)      0.247     2.958 r  hacc2_i_1637/O
                         net (fo=1, unplaced)         0.735     3.693    hacc2_i_1637_n_0
                         LUT5 (Prop_lut5_I0_O)        0.298     3.991 r  hacc2_i_699/O
                         net (fo=1, unplaced)         0.449     4.440    hacc2_i_699_n_0
                         LUT3 (Prop_lut3_I2_O)        0.124     4.564 r  hacc2_i_358/O
                         net (fo=1, unplaced)         0.000     4.564    hacc2_i_358_n_0
                         MUXF7 (Prop_muxf7_I1_O)      0.247     4.811 r  hacc2_i_121/O
                         net (fo=1, unplaced)         0.735     5.546    hacc2_i_121_n_0
                         LUT6 (Prop_lut6_I0_O)        0.298     5.844 r  hacc2_i_35/O
                         net (fo=1, unplaced)         0.000     5.844    hacc2_i_35_n_0
                         MUXF7 (Prop_muxf7_I1_O)      0.247     6.091 r  hacc2_i_1/O
                         net (fo=18, unplaced)        0.803     6.894    hacc2_i_1_n_0
                         DSP48E1 (Prop_dsp48e1_B[17]_PCOUT[47])
                                                      4.025    10.919 r  hacc2/PCOUT[47]
                         net (fo=1, unplaced)         0.000    10.919    hacc2_n_106
                         DSP48E1 (Prop_dsp48e1_PCIN[47]_P[0])
                                                      1.518    12.437 r  hacc2__0/P[0]
                         net (fo=1, unplaced)         0.803    13.240    hacc2__0_n_105
                         LUT2 (Prop_lut2_I1_O)        0.124    13.364 r  hacc[19]_i_5/O
                         net (fo=1, unplaced)         0.000    13.364    hacc[19]_i_5_n_0
                         CARRY4 (Prop_carry4_S[1]_CO[3])
                                                      0.533    13.897 r  hacc_reg[19]_i_2/CO[3]
                         net (fo=1, unplaced)         0.000    13.897    hacc_reg[19]_i_2_n_0
                         CARRY4 (Prop_carry4_CI_CO[3])
                                                      0.117    14.014 r  hacc_reg[23]_i_2/CO[3]
                         net (fo=1, unplaced)         0.000    14.014    hacc_reg[23]_i_2_n_0
                         CARRY4 (Prop_carry4_CI_CO[3])
                                                      0.117    14.131 r  hacc_reg[27]_i_2/CO[3]
                         net (fo=1, unplaced)         0.000    14.131    hacc_reg[27]_i_2_n_0
                         CARRY4 (Prop_carry4_CI_CO[3])
                                                      0.117    14.248 r  hacc_reg[31]_i_2/CO[3]
                         net (fo=1, unplaced)         0.000    14.248    hacc_reg[31]_i_2_n_0
                         CARRY4 (Prop_carry4_CI_CO[3])
                                                      0.117    14.365 r  hacc_reg[35]_i_2/CO[3]
                         net (fo=1, unplaced)         0.000    14.365    hacc_reg[35]_i_2_n_0
                         CARRY4 (Prop_carry4_CI_CO[3])
                                                      0.117    14.482 r  hacc_reg[39]_i_2/CO[3]
                         net (fo=1, unplaced)         0.000    14.482    hacc_reg[39]_i_2_n_0
                         CARRY4 (Prop_carry4_CI_CO[3])
                                                      0.117    14.599 r  hacc_reg[43]_i_2/CO[3]
                         net (fo=1, unplaced)         0.000    14.599    hacc_reg[43]_i_2_n_0
                         CARRY4 (Prop_carry4_CI_CO[3])
                                                      0.117    14.716 r  hacc_reg[47]_i_2/CO[3]
                         net (fo=1, unplaced)         0.000    14.716    hacc_reg[47]_i_2_n_0
                         CARRY4 (Prop_carry4_CI_CO[3])
                                                      0.117    14.833 r  hacc_reg[51]_i_2/CO[3]
                         net (fo=1, unplaced)         0.000    14.833    hacc_reg[51]_i_2_n_0
                         CARRY4 (Prop_carry4_CI_CO[3])
                                                      0.117    14.950 r  hacc_reg[55]_i_2/CO[3]
                         net (fo=1, unplaced)         0.000    14.950    hacc_reg[55]_i_2_n_0
                         CARRY4 (Prop_carry4_CI_CO[3])
                                                      0.117    15.067 r  hacc_reg[59]_i_2/CO[3]
                         net (fo=1, unplaced)         0.000    15.067    hacc_reg[59]_i_2_n_0
                         CARRY4 (Prop_carry4_CI_O[3])
                                                      0.331    15.398 r  hacc_reg[63]_i_3/O[3]
                         net (fo=1, unplaced)         0.448    15.846    data1[63]
                         LUT4 (Prop_lut4_I0_O)        0.307    16.153 r  hacc[63]_i_2/O
                         net (fo=1, unplaced)         0.000    16.153    hacc__0[63]
                         FDCE                                         r  hacc_reg[63]/D
  -------------------------------------------------------------------    -------------------

                         (clock clk rise edge)       10.000    10.000 r  <hidden>
                                                      0.000    10.000 r  clk
                         net (fo=43218, unset)        0.924    10.924    clk
                         FDCE                                         r  hacc_reg[63]/C
                         clock pessimism              0.000    10.924    <hidden>
                         clock uncertainty           -0.035    10.889    <hidden>
                         FDCE (Setup_fdce_C_D)        0.044    10.933    hacc_reg[63]
  -------------------------------------------------------------------
                         required time                         10.933    <hidden>
                         arrival time                         -16.153    <hidden>
  -------------------------------------------------------------------
                         slack                                 -5.220    <hidden>





Min Delay Paths
--------------------------------------------------------------------------------------
Slack (MET) :             0.172ns  (arrival time - required time)
  Source:                 qv_wdata_reg[0]/C
                            (rising edge-triggered cell FDRE clocked by clk  {rise@0.000ns fall@5.000ns period=10.000ns})
  Destination:            qv_reg_0_31_0_5/RAMA/I
                            (rising edge-triggered cell RAMD32 clocked by clk  {rise@0.000ns fall@5.000ns period=10.000ns})
  Path Group:             clk
  Path Type:              Hold (Min at Fast Process Corner)
  Requirement:            0.000ns  (clk rise@0.000ns - clk rise@0.000ns)
  Data Path Delay:        0.288ns  (logic 0.147ns (51.079%)  route 0.141ns (48.921%))
  Logic Levels:           0  
  Clock Path Skew:        0.022ns (DCD - SCD - CPR)
    Destination Clock Delay (DCD):    0.432ns
    Source Clock Delay      (SCD):    0.410ns
    Clock Pessimism Removal (CPR):    -0.000ns

    Location             Delay type                Incr(ns)  Path(ns)    Netlist Resource(s)
  -------------------------------------------------------------------    -------------------
                         (clock clk rise edge)        0.000     0.000 r  <hidden>
                                                      0.000     0.000 r  clk
                         net (fo=43218, unset)        0.410     0.410    clk
                         FDRE                                         r  qv_wdata_reg[0]/C
  -------------------------------------------------------------------    -------------------
                         FDRE (Prop_fdre_C_Q)         0.147     0.557 r  qv_wdata_reg[0]/Q
                         net (fo=1, unplaced)         0.141     0.698    qv_reg_0_31_0_5/DIA0
                         RAMD32                                       r  qv_reg_0_31_0_5/RAMA/I
  -------------------------------------------------------------------    -------------------

                         (clock clk rise edge)        0.000     0.000 r  <hidden>
                                                      0.000     0.000 r  clk
                         net (fo=43218, unset)        0.432     0.432    qv_reg_0_31_0_5/WCLK
                         RAMD32                                       r  qv_reg_0_31_0_5/RAMA/CLK
                         clock pessimism              0.000     0.432    <hidden>
                         RAMD32 (Hold_ramd32_CLK_I)
                                                      0.094     0.526    qv_reg_0_31_0_5/RAMA
  -------------------------------------------------------------------
                         required time                         -0.526    <hidden>
                         arrival time                           0.698    <hidden>
  -------------------------------------------------------------------
                         slack                                  0.172    <hidden>





Pulse Width Checks
--------------------------------------------------------------------------------------
Clock Name:         clk
Waveform(ns):       { 0.000 5.000 }
Period(ns):         10.000
Sources:            { clk }

Check Type        Corner  Lib Pin      Reference Pin  Required(ns)  Actual(ns)  Slack(ns)  Location  Pin
Min Period        n/a     DSP48E1/CLK  n/a            2.154         10.000      7.846                u_rq/prod_r0/CLK
Low Pulse Width   Slow    RAMD64E/CLK  n/a            1.250         5.000       3.750                logits_reg_0_63_0_2/RAMA/CLK
High Pulse Width  Slow    RAMD64E/CLK  n/a            1.250         5.000       3.750                logits_reg_0_63_0_2/RAMA/CLK



